03-10 17:30:09.572 D/awcn.DispatchCore(16883): |[seq:AMDC1] amdc response body 
03-10 17:30:09.572 D/awcn.DispatchCore(16883): body:{"code":1000,"cv":-1,"dns":[{"aisles":[{"auth":1,"cto":10000,"heartbeat":45000,"port":80,"protocol":"spdy","publickey":"acs","retry":1,"rto":10000,"rtt":"0rtt"},{"auth":1,"cto":10000,"heartbeat":45000,"port":443,"protocol":"spdy","publickey":"acs","retry":1,"rto":10000,"rtt":"0rtt"}],"host":"umengjmacs.m.taobao.com","hrIntervalTime":86400000,"hrNum":2,"hrStrategy":"serialConn","hrUrlPath":"status.taobao","idc":true,"ips":["140.205.163.94","140.205.60.10"],"isHot":1,"parallelConNum":2,"safeAisles":"https","strategies":[],"ttl":21600},{"aisles":[{"cto":10000,"heartbeat":0,"port":443,"protocol":"https","retry":1,"rto":10000},{"cto":10000,"heartbeat":0,"port":80,"protocol":"http","retry":1,"rto":10000}],"host":"amdc.m.taobao.com","idc":true,"ips":["106.11.12.92","106.11.11.95"],"isHot":1,"safeAisles":"http","strategies":[],"ttl":300},{"aisles":[{"auth":1,"cto":10000,"heartbeat":45000,"port":443,"protocol":"http2","publickey":"acs","retry":1,"rto":10000,"rtt":"0rtt"},{"auth":1,"cto":10000,"heartbeat":45000,"port":80,"protocol":"http2","publickey":"acs","retry":1,"rto":10000,"rtt":"0rtt"},{"auth":1,"cto":10000,"heartbeat":45000,"port":443,"protocol":"spdy","publickey":"acs","retry":1,"rto":10000,"rtt":"0rtt"},{"auth":1,"cto":10000,"heartbeat":45000,"port":80,"protocol":"spdy","publickey":"acs","retry":1,"rto":10000,"rtt":"0rtt"},{"cto":10000,"heartbeat":0,"port":443,"protocol":"https","retry":1,"rto":10000}],"host":"umengacs.m.taobao.com","hrIntervalTime":86400000,"hrNum":2,"hrStrategy":"serialConn","hrUrlPath":"status.taobao","idc":true,"ips":["106.11.61.106","140.205.160.76"],"isHot":1,"parallelConNum":2,"safeAisles":"https","strategies":[],"ttl":3600}],"ip":"122.13.132.171"}
03-10 17:30:09.572 I/awcn.HMacUtil(16883):  hmacSha1Hex result:0a6f2cfc02ff678252290291079fa09405c705d3861155a4c953b200c78c5e68
03-10 17:30:09.582 D/awcn.StrategyCenter(16883):  receive DNS event
03-10 17:30:09.582 I/awcn.StrategyTable(16883):  update strategyTable with httpDns response
03-10 17:30:09.582 D/awcn.StrategyTable(16883):  uniqueId : WIFI$38:91:d5:84:77:00
03-10 17:30:09.582 D/awcn.StrategyTable(16883): -------------------------hot domains:------------------------------------
03-10 17:30:09.582 D/awcn.StrategyTable(16883):  umengjmacs.m.taobao.com = [140.205.163.94, 140.205.60.10] [{80 spdy_0rtt_acs N}, {443 spdy_0rtt_acs N}]
03-10 17:30:09.582 D/awcn.StrategyTable(16883):  amdc.m.taobao.com = [106.11.12.92, 106.11.11.95] [{80 http C}, {443 https N}]
03-10 17:30:09.582 D/awcn.StrategyTable(16883):  umengacs.m.taobao.com = [106.11.61.106, 140.205.160.76] [{443 http2_0rtt_acs N}, {80 http2_0rtt_acs N}, {443 spdy_0rtt_acs N}, {80 spdy_0rtt_acs N}, {443 https N}]
03-10 17:30:09.582 D/awcn.StrategyTable(16883):  
03-10 17:30:09.582 D/awcn.StrategyTable(16883): -------------------------cold domains:------------------------------------
03-10 17:30:09.582 D/awcn.SafeAislesMap(16883):  SafeAislesMap: {gw.alicdn.com=https, h5.m.taobao.com=https, umengjmacs.m.taobao.com=https, amdc.m.taobao.com=http, umengacs.m.taobao.com=https}
03-10 17:30:09.582 D/awcn.UnitMap(16883):  UnitMap : UnitMap: {}
03-10 17:30:09.582 I/awcn.StrategyCenter(16883):  saveData
03-10 17:30:09.582 D/awcn.ThreadPoolExecutorFactory(16883):  submit priority task priority:8
03-10 17:30:09.582 I/awcn.ThreadPoolExecutorFactory(16883):  thread created! name:AWCN Worker(L)1
03-10 17:30:09.582 D/awcn.StrategyTable(16883):  [notifyConnEvent] Host:amdc.m.taobao.com IConnStrategy:{106.11.11.95:{80 http C}} eventType:CONNECTED
03-10 17:30:09.602 I/awcn.SerializeHelper(16883):  persist end. file:/storage/emulated/0/Android/data/com.duowan.mobile/files/awcn_strategy/channel/394e8ba90232c73ff922b5fceeb7f82e cost:19
03-10 17:30:09.602 I/awcn.SerializeHelper(16883):  persist end. file:/storage/emulated/0/Android/data/com.duowan.mobile/files/awcn_strategy/channel/acc4b315b9626bc48a59c14f806a9ea4 cost:1
03-10 17:30:09.602 I/awcn.SerializeHelper(16883):  persist end. file:/storage/emulated/0/Android/data/com.duowan.mobile/files/awcn_strategy/channel/9c5cf45c7ea0aaa90aee8d9ff3c8135b cost:1
03-10 17:30:09.612 I/awcn.SerializeHelper(16883):  persist end. file:/storage/emulated/0/Android/data/com.duowan.mobile/files/awcn_strategy/channel/config cost:9
03-10 17:30:09.912 I/MSM-irqbalance(  799): Decided to move IRQ178 from CPU1 to CPU0
03-10 17:30:10.372 I/SurfaceFlinger(  437): FPS: 60
03-10 17:30:11.072 W/InteractionController(16804): runAndwaitForEvent timedout waiting for events
03-10 17:30:11.102 I/QueryController(16804): Matched selector: UiSelector[INSTANCE=0, RESOURCE_ID=test.joko.com.myapplication:id/editText] <<==>> [android.view.accessibility.AccessibilityNodeInfo@8000accf; boundsInParent: Rect(0, 0 - 1440, 180); boundsInScreen: Rect(0, 320 - 1440, 500); packageName: test.joko.com.myapplication; className: android.widget.EditText; text: ...; error: null; maxTextLength: -1; contentDescription: null; viewIdResName: test.joko.com.myapplication:id/editText; checkable: false; checked: false; focusable: true; focused: true; selected: false; clickable: true; longClickable: true; enabled: true; password: false; scrollable: false; actions: [AccessibilityAction: ACTION_CLEAR_FOCUS - null, AccessibilityAction: ACTION_SELECT - null, AccessibilityAction: ACTION_CLEAR_SELECTION - null, AccessibilityAction: ACTION_CLICK - null, AccessibilityAction: ACTION_LONG_CLICK - null, AccessibilityAction: ACTION_ACCESSIBILITY_FOCUS - null, AccessibilityAction: ACTION_NEXT_AT_MOVEMENT_GRANULARITY - null, AccessibilityAction: ACTION_PREVIOUS_AT_MOVEMENT_GRANULARITY - null, AccessibilityAction: ACTION_SET_SELECTION - null]]
03-10 17:30:11.112 I/QueryController(16804): Matched selector: UiSelector[INSTANCE=0, RESOURCE_ID=test.joko.com.myapplication:id/editText] <<==>> [android.view.accessibility.AccessibilityNodeInfo@8000accf; boundsInParent: Rect(0, 0 - 1440, 180); boundsInScreen: Rect(0, 320 - 1440, 500); packageName: test.joko.com.myapplication; className: android.widget.EditText; text: ...; error: null; maxTextLength: -1; contentDescription: null; viewIdResName: test.joko.com.myapplication:id/editText; checkable: false; checked: false; focusable: true; focused: true; selected: false; clickable: true; longClickable: true; enabled: true; password: false; scrollable: false; actions: [AccessibilityAction: ACTION_CLEAR_FOCUS - null, AccessibilityAction: ACTION_SELECT - null, AccessibilityAction: ACTION_CLEAR_SELECTION - null, AccessibilityAction: ACTION_CLICK - null, AccessibilityAction: ACTION_LONG_CLICK - null, AccessibilityAction: ACTION_ACCESSIBILITY_FOCUS - null, AccessibilityAction: ACTION_NEXT_AT_MOVEMENT_GRANULARITY - null, AccessibilityAction: ACTION_PREVIOUS_AT_MOVEMENT_GRANULARITY - null, AccessibilityAction: ACTION_SET_SELECTION - null]]
03-10 17:30:11.122 I/QueryController(16804): Matched selector: UiSelector[INSTANCE=0, RESOURCE_ID=test.joko.com.myapplication:id/editText] <<==>> [android.view.accessibility.AccessibilityNodeInfo@8000accf; boundsInParent: Rect(0, 0 - 1440, 180); boundsInScreen: Rect(0, 320 - 1440, 500); packageName: test.joko.com.myapplication; className: android.widget.EditText; text: ...; error: null; maxTextLength: -1; contentDescription: null; viewIdResName: test.joko.com.myapplication:id/editText; checkable: false; checked: false; focusable: true; focused: true; selected: false; clickable: true; longClickable: true; enabled: true; password: false; scrollable: false; actions: [AccessibilityAction: ACTION_CLEAR_FOCUS - null, AccessibilityAction: ACTION_SELECT - null, AccessibilityAction: ACTION_CLEAR_SELECTION - null, AccessibilityAction: ACTION_CLICK - null, AccessibilityAction: ACTION_LONG_CLICK - null, AccessibilityAction: ACTION_ACCESSIBILITY_FOCUS - null, AccessibilityAction: ACTION_NEXT_AT_MOVEMENT_GRANULARITY - null, AccessibilityAction: ACTION_PREVIOUS_AT_MOVEMENT_GRANULARITY - null, AccessibilityAction: ACTION_SET_SELECTION - null]]
03-10 17:30:11.172 I/QueryController(16804): Matched selector: UiSelector[INSTANCE=0, RESOURCE_ID=test.joko.com.myapplication:id/editText] <<==>> [android.view.accessibility.AccessibilityNodeInfo@8000accf; boundsInParent: Rect(0, 0 - 1440, 180); boundsInScreen: Rect(0, 320 - 1440, 500); packageName: test.joko.com.myapplication; className: android.widget.EditText; text: ...; error: null; maxTextLength: -1; contentDescription: null; viewIdResName: test.joko.com.myapplication:id/editText; checkable: false; checked: false; focusable: true; focused: true; selected: false; clickable: true; longClickable: true; enabled: true; password: false; scrollable: false; actions: [AccessibilityAction: ACTION_CLEAR_FOCUS - null, AccessibilityAction: ACTION_SELECT - null, AccessibilityAction: ACTION_CLEAR_SELECTION - null, AccessibilityAction: ACTION_CLICK - null, AccessibilityAction: ACTION_LONG_CLICK - null, AccessibilityAction: ACTION_ACCESSIBILITY_FOCUS - null, AccessibilityAction: ACTION_NEXT_AT_MOVEMENT_GRANULARITY - null, AccessibilityAction: ACTION_PREVIOUS_AT_MOVEMENT_GRANULARITY - null, AccessibilityAction: ACTION_SET_SELECTION - null]]
03-10 17:30:11.172 D/UiObject(16804): getText() = ...
03-10 17:30:11.182 I/QueryController(16804): Matched selector: UiSelector[INSTANCE=0, RESOURCE_ID=test.joko.com.myapplication:id/editText] <<==>> [android.view.accessibility.AccessibilityNodeInfo@8000accf; boundsInParent: Rect(0, 0 - 1440, 180); boundsInScreen: Rect(0, 320 - 1440, 500); packageName: test.joko.com.myapplication; className: android.widget.EditText; text: ...; error: null; maxTextLength: -1; contentDescription: null; viewIdResName: test.joko.com.myapplication:id/editText; checkable: false; checked: false; focusable: true; focused: true; selected: false; clickable: true; longClickable: true; enabled: true; password: false; scrollable: false; actions: [AccessibilityAction: ACTION_CLEAR_FOCUS - null, AccessibilityAction: ACTION_SELECT - null, AccessibilityAction: ACTION_CLEAR_SELECTION - null, AccessibilityAction: ACTION_CLICK - null, AccessibilityAction: ACTION_LONG_CLICK - null, AccessibilityAction: ACTION_ACCESSIBILITY_FOCUS - null, AccessibilityAction: ACTION_NEXT_AT_MOVEMENT_GRANULARITY - null, AccessibilityAction: ACTION_PREVIOUS_AT_MOVEMENT_GRANULARITY - null, AccessibilityAction: ACTION_SET_SELECTION - null]]
03-10 17:30:11.192 D/InteractionController(16804): clickAndSync(720, 410)
03-10 17:30:11.302 I/PinyinIME( 2485): onEvaluateFullscreenMode
03-10 17:30:11.302 I/KeyboardUtils( 2485): updateFloatMode mFloatMode=0
03-10 17:30:11.302 D/TextView(16850): touchFinish handled:true    --- mShowToolbar=true
03-10 17:30:11.302 I/PinyinIME( 2485): updateFullscreenMode : false ; isExtractViewShown : false
03-10 17:30:11.342 I/VivoNetworkController( 2235): SystemUI|mWifiEnabled && mWifiConnected = true
03-10 17:30:11.382 I/SurfaceFlinger(  437): FPS: 60
03-10 17:30:11.402 I/ServiceManager(15891): Waiting for service AtCmdFwd...
03-10 17:30:11.582 I/awcn.StrategyCenter(16883):  saveData
03-10 17:30:11.582 I/ViewRootImpl(16850): CPU Rendering VSync enable = true
03-10 17:30:11.592 V/WindowManager( 1403): Adding window Window{162139d5 u0 PopupWindow:217ad722} at 10 of 17 (after Window{22009371 u0 test.joko.com.myapplication/test.joko.com.myapplication.main})
03-10 17:30:11.622 V/ResourcesManager(16850): Skipping new config: curSeq=17, newSeq=17
03-10 17:30:11.632 V/ResourcesManager(16850): Skipping new config: curSeq=17, newSeq=17
03-10 17:30:12.392 I/SurfaceFlinger(  437): FPS: 60
03-10 17:30:12.402 I/ServiceManager(15891): Waiting for service AtCmdFwd...
03-10 17:30:13.402 I/SurfaceFlinger(  437): FPS: 60
03-10 17:30:13.412 I/ServiceManager(15891): Waiting for service AtCmdFwd...
03-10 17:30:13.942 I/accs.Config(16883):  getAgooAppKey appkey:umeng:587f43f007fe6510370003f9
03-10 17:30:13.942 D/accs.AdapterGlobalClientInfo(16883):  getAgooCustomServiceName name:com.umeng.message.UmengIntentService
03-10 17:30:13.942 I/accs.ElectionServiceImpl(16883):  onStartCommand begin action:com.taobao.accs.intent.action.START_SERVICE
03-10 17:30:13.942 W/ActivityManager( 1403): Unable to start service Intent { act=org.agoo.android.intent.action.REPORT pkg=com.duowan.mobile cmp=com.duowan.mobile/com.umeng.message.UmengIntentService } U=0: not found
03-10 17:30:13.942 I/accs.OrangeAdapter(16883):  isElectionEnable result:false
03-10 17:30:13.942 I/accs.ElectionServiceImpl(16883):  try to saveAppKey appkey:umeng:587f43f007fe6510370003f9 appSecret:785c34203c2973698f1d9cbcfbcf307d ttid:android@umeng pkg:com.duowan.mobile
03-10 17:30:13.942 I/accs.Utils(16883):  setMode mode:0
03-10 17:30:13.942 I/accs.ElectionServiceImpl(16883):  getConnection appkey:umeng:587f43f007fe6510370003f9
03-10 17:30:13.942 I/accs.Utils(16883):  getMode mode:0
03-10 17:30:13.942 I/accs.ElectionServiceImpl(16883):  save agoo appKey appkey:umeng:587f43f007fe6510370003f9
03-10 17:30:13.942 I/accs.Config(16883):  setAgooAppKey appkey:umeng:587f43f007fe6510370003f9
03-10 17:30:13.942 I/accs.OrangeAdapter(16883):  isElectionEnable result:false
03-10 17:30:13.942 I/accs.OrangeAdapter(16883):  isElectionEnable result:false
03-10 17:30:13.942 I/accs.ElectionServiceImpl(16883):  deliver to channelservice host pkg:
03-10 17:30:13.942 I/accs.ServiceImpl(16883):  onHostStartCommand:Intent { act=com.taobao.accs.intent.action.START_SERVICE cmp=com.duowan.mobile/com.taobao.accs.ChannelService (has extras) }
03-10 17:30:13.942 D/accs.ServiceImpl(16883):  key appKey: value umeng:587f43f007fe6510370003f9
03-10 17:30:13.942 D/accs.ServiceImpl(16883):  key mode: value 0
03-10 17:30:13.942 D/accs.ServiceImpl(16883):  key ttid: value android@umeng
03-10 17:30:13.942 D/accs.ServiceImpl(16883):  key packageName: value com.duowan.mobile
03-10 17:30:13.942 D/accs.ServiceImpl(16883):  key app_sercet: value 785c34203c2973698f1d9cbcfbcf307d
03-10 17:30:13.942 D/accs.ServiceImpl(16883):  key agoo_app_key: value umeng:587f43f007fe6510370003f9
03-10 17:30:13.942 I/accs.LoadSoFailUtil(16883):  getSoFailTimes times:0
03-10 17:30:13.942 I/accs.ACCSManager(16883):  getAppkey:umeng:587f43f007fe6510370003f9
03-10 17:30:13.942 I/accs.ElectionServiceImpl(16883):  getConnection appkey:umeng:587f43f007fe6510370003f9
03-10 17:30:13.942 I/accs.Utils(16883):  getMode mode:0
03-10 17:30:13.942 D/accs.SilenceConnumeng:587f43f007fe6510370003f9(16883):  try ping, force:false
03-10 17:30:13.952 D/accs.SilenceConnumeng:587f43f007fe6510370003f9(16883):  send message, PING delay:0 dataId:4
03-10 17:30:14.302 W/InteractionController(16804): runAndwaitForEvent timedout waiting for events
03-10 17:30:14.402 I/SurfaceFlinger(  437): FPS: 60
03-10 17:30:14.412 I/ServiceManager(15891): Waiting for service AtCmdFwd...
03-10 17:30:14.582 D/AndroidRuntime(16984): >>>>>> START com.android.internal.os.RuntimeInit uid 2000 <<<<<<
03-10 17:30:14.582 D/AndroidRuntime(16984): CheckJNI is OFF
03-10 17:30:14.902 D/AndroidRuntime(16984): Calling main entry com.android.commands.input.Input
03-10 17:30:14.912 I/MSM-irqbalance(  799): Decided to move IRQ155 from CPU1 to CPU0
03-10 17:30:14.912 I/Input   (16984): injectKeyEvent: KeyEvent { action=ACTION_DOWN, keyCode=KEYCODE_DEL, scanCode=0, metaState=0, flags=0x0, repeatCount=0, eventTime=3571126, downTime=3571126, deviceId=-1, source=0x101 }
03-10 17:30:14.912 D/WindowManager( 1403): interceptKeyBeforeQueueing systemBooted = true
03-10 17:30:14.912 D/WindowManager( 1403): interceptKeyTq keycode=67 interactive=true keyguardActive=false policyFlags=2b000000
03-10 17:30:14.912 W/WindowManager( 1403): checkBaseRequirement inJected is true ,return.
03-10 17:30:14.912 D/WindowManager( 1403): isPhicalHomeKey = false ,result = 1
03-10 17:30:14.922 I/WindowManager( 1403): process interceptKeyBeforeQueueing result = 1
03-10 17:30:14.922 D/WindowManager( 1403): interceptKeyTi keyCode=67 down=true repeatCount=0 keyguardOn=false mHomePressed=false canceled=false
03-10 17:30:14.922 D/WindowManager( 1403): intercept win = Window{22009371 u0 test.joko.com.myapplication/test.joko.com.myapplication.main}
03-10 17:30:14.922 D/WindowManager( 1403): intercept attrs = WM.LayoutParams{(0,0)(fillxfill) sim=#120 ty=1 fl=#81810100 wanim=0x1030466 vsysui=0x600 surfaceInsets=Rect(0, 0 - 0, 0) needsMenuKey=2}
03-10 17:30:14.922 I/WindowManager( 1403): process interceptKeyBeforeDispatching ,let the application handle the key.
03-10 17:30:14.922 W/InputDispatcher( 1403): interceptKeyBeforeDispatching delay = 0
03-10 17:30:14.932 D/SettingsProvider( 1403): lookupValue table system cache contains Key auto_caps , value = Bundle[{value=null}]
03-10 17:30:14.932 D/SettingsProvider( 1403): lookupValue table system cache contains Key auto_replace , value = Bundle[{value=null}]
03-10 17:30:14.942 D/SettingsProvider( 1403): lookupValue table system cache contains Key auto_punctuate , value = Bundle[{value=null}]
03-10 17:30:14.942 D/SettingsProvider( 1403): lookupValue table system cache contains Key show_password , value = Bundle[{value=null}]
03-10 17:30:14.952 I/Input   (16984): injectKeyEvent: KeyEvent { action=ACTION_UP, keyCode=KEYCODE_DEL, scanCode=0, metaState=0, flags=0x0, repeatCount=0, eventTime=3571126, downTime=3571126, deviceId=-1, source=0x101 }
03-10 17:30:14.952 D/WindowManager( 1403): interceptKeyBeforeQueueing systemBooted = true
03-10 17:30:14.952 D/WindowManager( 1403): interceptKeyTq keycode=67 interactive=true keyguardActive=false policyFlags=2b000000
03-10 17:30:14.952 W/WindowManager( 1403): checkBaseRequirement inJected is true ,return.
03-10 17:30:14.952 D/WindowManager( 1403): isPhicalHomeKey = false ,result = 1
03-10 17:30:14.952 I/WindowManager( 1403): process interceptKeyBeforeQueueing result = 1
03-10 17:30:14.952 D/WindowManager( 1403): interceptKeyTi keyCode=67 down=false repeatCount=0 keyguardOn=false mHomePressed=false canceled=false
03-10 17:30:14.952 D/WindowManager( 1403): intercept win = Window{22009371 u0 test.joko.com.myapplication/test.joko.com.myapplication.main}
03-10 17:30:14.952 D/WindowManager( 1403): intercept attrs = WM.LayoutParams{(0,0)(fillxfill) sim=#120 ty=1 fl=#81810100 wanim=0x1030466 vsysui=0x600 surfaceInsets=Rect(0, 0 - 0, 0) needsMenuKey=2}
03-10 17:30:14.952 I/WindowManager( 1403): process interceptKeyBeforeDispatching ,let the application handle the key.
03-10 17:30:14.952 W/InputDispatcher( 1403): interceptKeyBeforeDispatching delay = 0
03-10 17:30:14.962 I/Input   (16984): injectKeyEvent: KeyEvent { action=ACTION_DOWN, keyCode=KEYCODE_FORWARD_DEL, scanCode=0, metaState=0, flags=0x0, repeatCount=0, eventTime=3571174, downTime=3571174, deviceId=-1, source=0x101 }
03-10 17:30:14.962 D/WindowManager( 1403): interceptKeyBeforeQueueing systemBooted = true
03-10 17:30:14.962 D/WindowManager( 1403): interceptKeyTq keycode=112 interactive=true keyguardActive=false policyFlags=2b000000
03-10 17:30:14.962 W/WindowManager( 1403): checkBaseRequirement inJected is true ,return.
03-10 17:30:14.962 D/WindowManager( 1403): isPhicalHomeKey = false ,result = 1
03-10 17:30:14.962 I/WindowManager( 1403): process interceptKeyBeforeQueueing result = 1
03-10 17:30:14.962 D/WindowManager( 1403): interceptKeyTi keyCode=112 down=true repeatCount=0 keyguardOn=false mHomePressed=false canceled=false
03-10 17:30:14.962 D/WindowManager( 1403): intercept win = Window{22009371 u0 test.joko.com.myapplication/test.joko.com.myapplication.main}
03-10 17:30:14.962 D/WindowManager( 1403): intercept attrs = WM.LayoutParams{(0,0)(fillxfill) sim=#120 ty=1 fl=#81810100 wanim=0x1030466 vsysui=0x600 surfaceInsets=Rect(0, 0 - 0, 0) needsMenuKey=2}
03-10 17:30:14.962 I/WindowManager( 1403): process interceptKeyBeforeDispatching ,let the application handle the key.
03-10 17:30:14.962 W/InputDispatcher( 1403): interceptKeyBeforeDispatching delay = 0
03-10 17:30:14.972 I/Input   (16984): injectKeyEvent: KeyEvent { action=ACTION_UP, keyCode=KEYCODE_FORWARD_DEL, scanCode=0, metaState=0, flags=0x0, repeatCount=0, eventTime=3571174, downTime=3571174, deviceId=-1, source=0x101 }
03-10 17:30:14.972 D/WindowManager( 1403): interceptKeyBeforeQueueing systemBooted = true
03-10 17:30:14.972 D/WindowManager( 1403): interceptKeyTq keycode=112 interactive=true keyguardActive=false policyFlags=2b000000
03-10 17:30:14.972 W/WindowManager( 1403): checkBaseRequirement inJected is true ,return.
03-10 17:30:14.972 D/WindowManager( 1403): isPhicalHomeKey = false ,result = 1
03-10 17:30:14.972 I/WindowManager( 1403): process interceptKeyBeforeQueueing result = 1
03-10 17:30:14.972 D/WindowManager( 1403): interceptKeyTi keyCode=112 down=false repeatCount=0 keyguardOn=false mHomePressed=false canceled=false
03-10 17:30:14.972 D/WindowManager( 1403): intercept win = Window{22009371 u0 test.joko.com.myapplication/test.joko.com.myapplication.main}
03-10 17:30:14.972 D/WindowManager( 1403): intercept attrs = WM.LayoutParams{(0,0)(fillxfill) sim=#120 ty=1 fl=#81810100 wanim=0x1030466 vsysui=0x600 surfaceInsets=Rect(0, 0 - 0, 0) needsMenuKey=2}
03-10 17:30:14.972 I/WindowManager( 1403): process interceptKeyBeforeDispatching ,let the application handle the key.
03-10 17:30:14.972 W/InputDispatcher( 1403): interceptKeyBeforeDispatching delay = 0
03-10 17:30:14.972 I/Input   (16984): injectKeyEvent: KeyEvent { action=ACTION_DOWN, keyCode=KEYCODE_DEL, scanCode=0, metaState=0, flags=0x0, repeatCount=0, eventTime=3571188, downTime=3571188, deviceId=-1, source=0x101 }
03-10 17:30:14.972 D/WindowManager( 1403): interceptKeyBeforeQueueing systemBooted = true
03-10 17:30:14.972 D/WindowManager( 1403): interceptKeyTq keycode=67 interactive=true keyguardActive=false policyFlags=2b000000
03-10 17:30:14.972 W/WindowManager( 1403): checkBaseRequirement inJected is true ,return.
03-10 17:30:14.972 D/WindowManager( 1403): isPhicalHomeKey = false ,result = 1
03-10 17:30:14.972 I/WindowManager( 1403): process interceptKeyBeforeQueueing result = 1
03-10 17:30:14.972 D/WindowManager( 1403): interceptKeyTi keyCode=67 down=true repeatCount=0 keyguardOn=false mHomePressed=false canceled=false
03-10 17:30:14.972 D/WindowManager( 1403): intercept win = Window{22009371 u0 test.joko.com.myapplication/test.joko.com.myapplication.main}
03-10 17:30:14.982 D/WindowManager( 1403): intercept attrs = WM.LayoutParams{(0,0)(fillxfill) sim=#120 ty=1 fl=#81810100 wanim=0x1030466 vsysui=0x600 surfaceInsets=Rect(0, 0 - 0, 0) needsMenuKey=2}
03-10 17:30:14.982 I/WindowManager( 1403): process interceptKeyBeforeDispatching ,let the application handle the key.
03-10 17:30:14.982 W/InputDispatcher( 1403): interceptKeyBeforeDispatching delay = 0
03-10 17:30:14.982 I/Input   (16984): injectKeyEvent: KeyEvent { action=ACTION_UP, keyCode=KEYCODE_DEL, scanCode=0, metaState=0, flags=0x0, repeatCount=0, eventTime=3571188, downTime=3571188, deviceId=-1, source=0x101 }
03-10 17:30:14.982 D/WindowManager( 1403): interceptKeyBeforeQueueing systemBooted = true
03-10 17:30:14.982 D/WindowManager( 1403): interceptKeyTq keycode=67 interactive=true keyguardActive=false policyFlags=2b000000
03-10 17:30:14.992 W/WindowManager( 1403): checkBaseRequirement inJected is true ,return.
03-10 17:30:14.992 D/WindowManager( 1403): isPhicalHomeKey = false ,result = 1
03-10 17:30:14.992 I/WindowManager( 1403): process interceptKeyBeforeQueueing result = 1
03-10 17:30:14.992 D/WindowManager( 1403): interceptKeyTi keyCode=67 down=false repeatCount=0 keyguardOn=false mHomePressed=false canceled=false
03-10 17:30:14.992 D/WindowManager( 1403): intercept win = Window{22009371 u0 test.joko.com.myapplication/test.joko.com.myapplication.main}
03-10 17:30:14.992 D/WindowManager( 1403): intercept attrs = WM.LayoutParams{(0,0)(fillxfill) sim=#120 ty=1 fl=#81810100 wanim=0x1030466 vsysui=0x600 surfaceInsets=Rect(0, 0 - 0, 0) needsMenuKey=2}
03-10 17:30:14.992 I/WindowManager( 1403): process interceptKeyBeforeDispatching ,let the application handle the key.
03-10 17:30:14.992 W/InputDispatcher( 1403): interceptKeyBeforeDispatching delay = 0
03-10 17:30:14.992 I/Input   (16984): injectKeyEvent: KeyEvent { action=ACTION_DOWN, keyCode=KEYCODE_FORWARD_DEL, scanCode=0, metaState=0, flags=0x0, repeatCount=0, eventTime=3571205, downTime=3571205, deviceId=-1, source=0x101 }
03-10 17:30:14.992 D/WindowManager( 1403): interceptKeyBeforeQueueing systemBooted = true
03-10 17:30:14.992 D/WindowManager( 1403): interceptKeyTq keycode=112 interactive=true keyguardActive=false policyFlags=2b000000
03-10 17:30:14.992 W/WindowManager( 1403): checkBaseRequirement inJected is true ,return.
03-10 17:30:14.992 D/WindowManager( 1403): isPhicalHomeKey = false ,result = 1
03-10 17:30:14.992 I/WindowManager( 1403): process interceptKeyBeforeQueueing result = 1
03-10 17:30:14.992 D/WindowManager( 1403): interceptKeyTi keyCode=112 down=true repeatCount=0 keyguardOn=false mHomePressed=false canceled=false
03-10 17:30:14.992 D/WindowManager( 1403): intercept win = Window{22009371 u0 test.joko.com.myapplication/test.joko.com.myapplication.main}
03-10 17:30:14.992 D/WindowManager( 1403): intercept attrs = WM.LayoutParams{(0,0)(fillxfill) sim=#120 ty=1 fl=#81810100 wanim=0x1030466 vsysui=0x600 surfaceInsets=Rect(0, 0 - 0, 0) needsMenuKey=2}
03-10 17:30:14.992 I/WindowManager( 1403): process interceptKeyBeforeDispatching ,let the application handle the key.
03-10 17:30:14.992 W/InputDispatcher( 1403): interceptKeyBeforeDispatching delay = 0
03-10 17:30:15.002 I/Input   (16984): injectKeyEvent: KeyEvent { action=ACTION_UP, keyCode=KEYCODE_FORWARD_DEL, scanCode=0, metaState=0, flags=0x0, repeatCount=0, eventTime=3571205, downTime=3571205, deviceId=-1, source=0x101 }
03-10 17:30:15.002 D/WindowManager( 1403): interceptKeyBeforeQueueing systemBooted = true
03-10 17:30:15.002 D/WindowManager( 1403): interceptKeyTq keycode=112 interactive=true keyguardActive=false policyFlags=2b000000
03-10 17:30:15.002 W/WindowManager( 1403): checkBaseRequirement inJected is true ,return.
03-10 17:30:15.002 D/WindowManager( 1403): isPhicalHomeKey = false ,result = 1
03-10 17:30:15.002 I/WindowManager( 1403): process interceptKeyBeforeQueueing result = 1
03-10 17:30:15.002 D/WindowManager( 1403): interceptKeyTi keyCode=112 down=false repeatCount=0 keyguardOn=false mHomePressed=false canceled=false
03-10 17:30:15.002 D/WindowManager( 1403): intercept win = Window{22009371 u0 test.joko.com.myapplication/test.joko.com.myapplication.main}
03-10 17:30:15.002 D/WindowManager( 1403): intercept attrs = WM.LayoutParams{(0,0)(fillxfill) sim=#120 ty=1 fl=#81810100 wanim=0x1030466 vsysui=0x600 surfaceInsets=Rect(0, 0 - 0, 0) needsMenuKey=2}
03-10 17:30:15.002 I/WindowManager( 1403): process interceptKeyBeforeDispatching ,let the application handle the key.
03-10 17:30:15.002 W/InputDispatcher( 1403): interceptKeyBeforeDispatching delay = 0
03-10 17:30:15.012 I/Input   (16984): injectKeyEvent: KeyEvent { action=ACTION_DOWN, keyCode=KEYCODE_DEL, scanCode=0, metaState=0, flags=0x0, repeatCount=0, eventTime=3571220, downTime=3571220, deviceId=-1, source=0x101 }
03-10 17:30:15.012 D/WindowManager( 1403): interceptKeyBeforeQueueing systemBooted = true
03-10 17:30:15.012 D/WindowManager( 1403): interceptKeyTq keycode=67 interactive=true keyguardActive=false policyFlags=2b000000
03-10 17:30:15.012 W/WindowManager( 1403): checkBaseRequirement inJected is true ,return.
03-10 17:30:15.012 D/WindowManager( 1403): isPhicalHomeKey = false ,result = 1
03-10 17:30:15.012 I/WindowManager( 1403): process interceptKeyBeforeQueueing result = 1
03-10 17:30:15.012 D/WindowManager( 1403): interceptKeyTi keyCode=67 down=true repeatCount=0 keyguardOn=false mHomePressed=false canceled=false
03-10 17:30:15.012 D/WindowManager( 1403): intercept win = Window{22009371 u0 test.joko.com.myapplication/test.joko.com.myapplication.main}
03-10 17:30:15.012 D/WindowManager( 1403): intercept attrs = WM.LayoutParams{(0,0)(fillxfill) sim=#120 ty=1 fl=#81810100 wanim=0x1030466 vsysui=0x600 surfaceInsets=Rect(0, 0 - 0, 0) needsMenuKey=2}
03-10 17:30:15.012 I/WindowManager( 1403): process interceptKeyBeforeDispatching ,let the application handle the key.
03-10 17:30:15.012 W/InputDispatcher( 1403): interceptKeyBeforeDispatching delay = 0
03-10 17:30:15.022 I/Input   (16984): injectKeyEvent: KeyEvent { action=ACTION_UP, keyCode=KEYCODE_DEL, scanCode=0, metaState=0, flags=0x0, repeatCount=0, eventTime=3571220, downTime=3571220, deviceId=-1, source=0x101 }
03-10 17:30:15.022 D/WindowManager( 1403): interceptKeyBeforeQueueing systemBooted = true
03-10 17:30:15.022 D/WindowManager( 1403): interceptKeyTq keycode=67 interactive=true keyguardActive=false policyFlags=2b000000
03-10 17:30:15.022 W/WindowManager( 1403): checkBaseRequirement inJected is true ,return.
03-10 17:30:15.022 D/WindowManager( 1403): isPhicalHomeKey = false ,result = 1
03-10 17:30:15.022 I/WindowManager( 1403): process interceptKeyBeforeQueueing result = 1
03-10 17:30:15.022 D/WindowManager( 1403): interceptKeyTi keyCode=67 down=false repeatCount=0 keyguardOn=false mHomePressed=false canceled=false
03-10 17:30:15.022 D/WindowManager( 1403): intercept win = Window{22009371 u0 test.joko.com.myapplication/test.joko.com.myapplication.main}
03-10 17:30:15.022 D/WindowManager( 1403): intercept attrs = WM.LayoutParams{(0,0)(fillxfill) sim=#120 ty=1 fl=#81810100 wanim=0x1030466 vsysui=0x600 surfaceInsets=Rect(0, 0 - 0, 0) needsMenuKey=2}
03-10 17:30:15.022 I/WindowManager( 1403): process interceptKeyBeforeDispatching ,let the application handle the key.
03-10 17:30:15.022 W/InputDispatcher( 1403): interceptKeyBeforeDispatching delay = 0
03-10 17:30:15.022 I/Input   (16984): injectKeyEvent: KeyEvent { action=ACTION_DOWN, keyCode=KEYCODE_FORWARD_DEL, scanCode=0, metaState=0, flags=0x0, repeatCount=0, eventTime=3571236, downTime=3571236, deviceId=-1, source=0x101 }
03-10 17:30:15.022 D/WindowManager( 1403): interceptKeyBeforeQueueing systemBooted = true
03-10 17:30:15.022 D/WindowManager( 1403): interceptKeyTq keycode=112 interactive=true keyguardActive=false policyFlags=2b000000
03-10 17:30:15.022 W/WindowManager( 1403): checkBaseRequirement inJected is true ,return.
03-10 17:30:15.022 D/WindowManager( 1403): isPhicalHomeKey = false ,result = 1
03-10 17:30:15.022 I/WindowManager( 1403): process interceptKeyBeforeQueueing result = 1
03-10 17:30:15.022 D/WindowManager( 1403): interceptKeyTi keyCode=112 down=true repeatCount=0 keyguardOn=false mHomePressed=false canceled=false
03-10 17:30:15.022 D/WindowManager( 1403): intercept win = Window{22009371 u0 test.joko.com.myapplication/test.joko.com.myapplication.main}
03-10 17:30:15.022 D/WindowManager( 1403): intercept attrs = WM.LayoutParams{(0,0)(fillxfill) sim=#120 ty=1 fl=#81810100 wanim=0x1030466 vsysui=0x600 surfaceInsets=Rect(0, 0 - 0, 0) needsMenuKey=2}
03-10 17:30:15.022 I/WindowManager( 1403): process interceptKeyBeforeDispatching ,let the application handle the key.
03-10 17:30:15.022 W/InputDispatcher( 1403): interceptKeyBeforeDispatching delay = 0
03-10 17:30:15.032 I/Input   (16984): injectKeyEvent: KeyEvent { action=ACTION_UP, keyCode=KEYCODE_FORWARD_DEL, scanCode=0, metaState=0, flags=0x0, repeatCount=0, eventTime=3571236, downTime=3571236, deviceId=-1, source=0x101 }
03-10 17:30:15.032 D/WindowManager( 1403): interceptKeyBeforeQueueing systemBooted = true
03-10 17:30:15.032 D/WindowManager( 1403): interceptKeyTq keycode=112 interactive=true keyguardActive=false policyFlags=2b000000
03-10 17:30:15.032 W/WindowManager( 1403): checkBaseRequirement inJected is true ,return.
03-10 17:30:15.032 D/WindowManager( 1403): isPhicalHomeKey = false ,result = 1
03-10 17:30:15.032 I/WindowManager( 1403): process interceptKeyBeforeQueueing result = 1
03-10 17:30:15.032 D/WindowManager( 1403): interceptKeyTi keyCode=112 down=false repeatCount=0 keyguardOn=false mHomePressed=false canceled=false
03-10 17:30:15.032 D/WindowManager( 1403): intercept win = Window{22009371 u0 test.joko.com.myapplication/test.joko.com.myapplication.main}
03-10 17:30:15.032 D/WindowManager( 1403): intercept attrs = WM.LayoutParams{(0,0)(fillxfill) sim=#120 ty=1 fl=#81810100 wanim=0x1030466 vsysui=0x600 surfaceInsets=Rect(0, 0 - 0, 0) needsMenuKey=2}
03-10 17:30:15.032 I/WindowManager( 1403): process interceptKeyBeforeDispatching ,let the application handle the key.
03-10 17:30:15.032 W/InputDispatcher( 1403): interceptKeyBeforeDispatching delay = 0
03-10 17:30:15.032 D/AndroidRuntime(16984): Shutting down VM
03-10 17:30:15.242 W/art     (16984): unexpectedly found a contender on mutex Task processor lock
03-10 17:30:15.242 W/art     (16984): ConditionVariable::~ConditionVariable for Task processor condition called with 1 waiters.
03-10 17:30:15.352 D/PUSH_SDK_JNI(16558): LoginImpl::_onLoginPushTimer
03-10 17:30:15.412 I/ServiceManager(15891): Waiting for service AtCmdFwd...
03-10 17:30:15.412 I/SurfaceFlinger(  437): FPS: 60
03-10 17:30:15.542 I/QueryController(16804): Matched selector: UiSelector[INSTANCE=0, RESOURCE_ID=test.joko.com.myapplication:id/editText] <<==>> [android.view.accessibility.AccessibilityNodeInfo@8000accf; boundsInParent: Rect(0, 0 - 1440, 180); boundsInScreen: Rect(0, 320 - 1440, 500); packageName: test.joko.com.myapplication; className: android.widget.EditText; text: null; error: null; maxTextLength: -1; contentDescription: null; viewIdResName: test.joko.com.myapplication:id/editText; checkable: false; checked: false; focusable: true; focused: true; selected: false; clickable: true; longClickable: true; enabled: true; password: false; scrollable: false; actions: [AccessibilityAction: ACTION_CLEAR_FOCUS - null, AccessibilityAction: ACTION_SELECT - null, AccessibilityAction: ACTION_CLEAR_SELECTION - null, AccessibilityAction: ACTION_CLICK - null, AccessibilityAction: ACTION_LONG_CLICK - null, AccessibilityAction: ACTION_ACCESSIBILITY_FOCUS - null]]
03-10 17:30:15.582 I/QueryController(16804): Matched selector: UiSelector[INSTANCE=0, RESOURCE_ID=test.joko.com.myapplication:id/editText] <<==>> [android.view.accessibility.AccessibilityNodeInfo@8000accf; boundsInParent: Rect(0, 0 - 1440, 180); boundsInScreen: Rect(0, 320 - 1440, 500); packageName: test.joko.com.myapplication; className: android.widget.EditText; text: null; error: null; maxTextLength: -1; contentDescription: null; viewIdResName: test.joko.com.myapplication:id/editText; checkable: false; checked: false; focusable: true; focused: true; selected: false; clickable: true; longClickable: true; enabled: true; password: false; scrollable: false; actions: [AccessibilityAction: ACTION_CLEAR_FOCUS - null, AccessibilityAction: ACTION_SELECT - null, AccessibilityAction: ACTION_CLEAR_SELECTION - null, AccessibilityAction: ACTION_CLICK - null, AccessibilityAction: ACTION_LONG_CLICK - null, AccessibilityAction: ACTION_ACCESSIBILITY_FOCUS - null]]
03-10 17:30:15.632 I/QueryController(16804): Matched selector: UiSelector[INSTANCE=0, RESOURCE_ID=test.joko.com.myapplication:id/editText] <<==>> [android.view.accessibility.AccessibilityNodeInfo@8000accf; boundsInParent: Rect(0, 0 - 1440, 180); boundsInScreen: Rect(0, 320 - 1440, 500); packageName: test.joko.com.myapplication; className: android.widget.EditText; text: null; error: null; maxTextLength: -1; contentDescription: null; viewIdResName: test.joko.com.myapplication:id/editText; checkable: false; checked: false; focusable: true; focused: true; selected: false; clickable: true; longClickable: true; enabled: true; password: false; scrollable: false; actions: [AccessibilityAction: ACTION_CLEAR_FOCUS - null, AccessibilityAction: ACTION_SELECT - null, AccessibilityAction: ACTION_CLEAR_SELECTION - null, AccessibilityAction: ACTION_CLICK - null, AccessibilityAction: ACTION_LONG_CLICK - null, AccessibilityAction: ACTION_ACCESSIBILITY_FOCUS - null]]
03-10 17:30:15.652 I/QueryController(16804): Matched selector: UiSelector[INSTANCE=0, RESOURCE_ID=test.joko.com.myapplication:id/editText] <<==>> [android.view.accessibility.AccessibilityNodeInfo@8000accf; boundsInParent: Rect(0, 0 - 1440, 180); boundsInScreen: Rect(0, 320 - 1440, 500); packageName: test.joko.com.myapplication; className: android.widget.EditText; text: null; error: null; maxTextLength: -1; contentDescription: null; viewIdResName: test.joko.com.myapplication:id/editText; checkable: false; checked: false; focusable: true; focused: true; selected: false; clickable: true; longClickable: true; enabled: true; password: false; scrollable: false; actions: [AccessibilityAction: ACTION_CLEAR_FOCUS - null, AccessibilityAction: ACTION_SELECT - null, AccessibilityAction: ACTION_CLEAR_SELECTION - null, AccessibilityAction: ACTION_CLICK - null, AccessibilityAction: ACTION_LONG_CLICK - null, AccessibilityAction: ACTION_ACCESSIBILITY_FOCUS - null]]
03-10 17:30:15.652 D/UiObject(16804): getText() = 
03-10 17:30:15.652 I/QueryController(16804): Matched selector: UiSelector[INSTANCE=0, RESOURCE_ID=test.joko.com.myapplication:id/editText] <<==>> [android.view.accessibility.AccessibilityNodeInfo@8000accf; boundsInParent: Rect(0, 0 - 1440, 180); boundsInScreen: Rect(0, 320 - 1440, 500); packageName: test.joko.com.myapplication; className: android.widget.EditText; text: null; error: null; maxTextLength: -1; contentDescription: null; viewIdResName: test.joko.com.myapplication:id/editText; checkable: false; checked: false; focusable: true; focused: true; selected: false; clickable: true; longClickable: true; enabled: true; password: false; scrollable: false; actions: [AccessibilityAction: ACTION_CLEAR_FOCUS - null, AccessibilityAction: ACTION_SELECT - null, AccessibilityAction: ACTION_CLEAR_SELECTION - null, AccessibilityAction: ACTION_CLICK - null, AccessibilityAction: ACTION_LONG_CLICK - null, AccessibilityAction: ACTION_ACCESSIBILITY_FOCUS - null]]
03-10 17:30:15.682 W/ContentService( 1403): Ignoring content changes for content://settings/secure from 2000: Failed to find PID 16804
03-10 17:30:16.172 D/SettingsProvider( 1403): lookupValue table secure cache contains Key vivo_secure_input_method , value = Bundle[{value=1}]
03-10 17:30:16.172 E/PopupToolbar(16850): the hostView window type is not support PopupToolbar
03-10 17:30:16.172 I/FtTextViewPopupToolbar(16850):  line = 0 top = 0 bottom = 96
03-10 17:30:16.182 D/PopupToolbar(16850): x:0y:131
03-10 17:30:16.182 I/ViewRootImpl(16850): CPU Rendering VSync enable = true
03-10 17:30:16.182 V/WindowManager( 1403): Adding window Window{2ffb7778 u0 PopupWindow:38eeea9c} at 10 of 17 (after Window{22009371 u0 test.joko.com.myapplication/test.joko.com.myapplication.main})
03-10 17:30:16.182 D/SettingsProvider( 1403): lookupValue table system cache contains Key haptic_feedback_enabled , value = Bundle[{value=0}]
03-10 17:30:16.182 D/WindowManager( 1403): performHapticFeedbackLw = true ,effectId = 0
03-10 17:30:16.212 V/ResourcesManager(16850): Skipping new config: curSeq=17, newSeq=17
03-10 17:30:16.212 V/ResourcesManager(16850): Skipping new config: curSeq=17, newSeq=17
03-10 17:30:16.412 W/Atfwd_Sendcmd(15891): AtCmdFwd service not published, waiting... retryCnt : 1
03-10 17:30:16.422 I/SurfaceFlinger(  437): FPS: 60
03-10 17:30:17.222 V/AlarmAlign( 1403): triggerAlarm v at 22600467, size=1, hasWakeup=false, mWake_Set=true, mNextWakeup=22605791, mNextNonWakeup=22600467, mBatch.end=25417885, why=8
03-10 17:30:17.432 I/SurfaceFlinger(  437): FPS: 60
03-10 17:30:17.452 I/ExtraAlarmManager( 1403): Uid : 10258, Package name is : com.duowan.mobile
03-10 17:30:17.452 I/ExtraAlarmManager( 1403): type: 0 Type: 1
03-10 17:30:17.922 D/WindowManager( 1403): interceptKeyBeforeQueueing systemBooted = true
03-10 17:30:17.922 D/WindowManager( 1403): interceptKeyTq keycode=67 interactive=true keyguardActive=false policyFlags=2b000000
03-10 17:30:17.922 W/WindowManager( 1403): checkBaseRequirement inJected is true ,return.
03-10 17:30:17.922 D/WindowManager( 1403): isPhicalHomeKey = false ,result = 1
03-10 17:30:17.932 I/WindowManager( 1403): process interceptKeyBeforeQueueing result = 1
03-10 17:30:17.932 D/WindowManager( 1403): interceptKeyTi keyCode=67 down=true repeatCount=0 keyguardOn=false mHomePressed=false canceled=false
03-10 17:30:17.932 D/WindowManager( 1403): intercept win = Window{22009371 u0 test.joko.com.myapplication/test.joko.com.myapplication.main}
03-10 17:30:17.932 D/WindowManager( 1403): intercept attrs = WM.LayoutParams{(0,0)(fillxfill) sim=#120 ty=1 fl=#81810100 wanim=0x1030466 vsysui=0x600 surfaceInsets=Rect(0, 0 - 0, 0) needsMenuKey=2}
03-10 17:30:17.932 I/WindowManager( 1403): process interceptKeyBeforeDispatching ,let the application handle the key.
03-10 17:30:17.932 W/InputDispatcher( 1403): interceptKeyBeforeDispatching delay = 0
03-10 17:30:17.942 D/WindowManager( 1403): interceptKeyBeforeQueueing systemBooted = true
03-10 17:30:17.942 D/WindowManager( 1403): interceptKeyTq keycode=67 interactive=true keyguardActive=false policyFlags=2b000000
03-10 17:30:17.942 W/WindowManager( 1403): checkBaseRequirement inJected is true ,return.
03-10 17:30:17.942 D/WindowManager( 1403): isPhicalHomeKey = false ,result = 1
03-10 17:30:17.942 I/WindowManager( 1403): process interceptKeyBeforeQueueing result = 1
03-10 17:30:17.942 D/WindowManager( 1403): interceptKeyTi keyCode=67 down=false repeatCount=0 keyguardOn=false mHomePressed=false canceled=false
03-10 17:30:17.942 D/WindowManager( 1403): intercept win = Window{22009371 u0 test.joko.com.myapplication/test.joko.com.myapplication.main}
03-10 17:30:17.942 D/WindowManager( 1403): intercept attrs = WM.LayoutParams{(0,0)(fillxfill) sim=#120 ty=1 fl=#81810100 wanim=0x1030466 vsysui=0x600 surfaceInsets=Rect(0, 0 - 0, 0) needsMenuKey=2}
03-10 17:30:17.942 I/WindowManager( 1403): process interceptKeyBeforeDispatching ,let the application handle the key.
03-10 17:30:17.942 W/InputDispatcher( 1403): interceptKeyBeforeDispatching delay = 0
03-10 17:30:17.962 I/QueryController(16804): Matched selector: UiSelector[INSTANCE=0, RESOURCE_ID=test.joko.com.myapplication:id/editText] <<==>> [android.view.accessibility.AccessibilityNodeInfo@8000accf; boundsInParent: Rect(0, 0 - 1440, 180); boundsInScreen: Rect(0, 320 - 1440, 500); packageName: test.joko.com.myapplication; className: android.widget.EditText; text: null; error: null; maxTextLength: -1; contentDescription: null; viewIdResName: test.joko.com.myapplication:id/editText; checkable: false; checked: false; focusable: true; focused: true; selected: false; clickable: true; longClickable: true; enabled: true; password: false; scrollable: false; actions: [AccessibilityAction: ACTION_CLEAR_FOCUS - null, AccessibilityAction: ACTION_SELECT - null, AccessibilityAction: ACTION_CLEAR_SELECTION - null, AccessibilityAction: ACTION_CLICK - null, AccessibilityAction: ACTION_LONG_CLICK - null, AccessibilityAction: ACTION_ACCESSIBILITY_FOCUS - null]]
03-10 17:30:17.962 D/UiObject(16804): getText() = 
03-10 17:30:17.962 I/QueryController(16804): Matched selector: UiSelector[INSTANCE=0, RESOURCE_ID=test.joko.com.myapplication:id/editText] <<==>> [android.view.accessibility.AccessibilityNodeInfo@8000accf; boundsInParent: Rect(0, 0 - 1440, 180); boundsInScreen: Rect(0, 320 - 1440, 500); packageName: test.joko.com.myapplication; className: android.widget.EditText; text: null; error: null; maxTextLength: -1; contentDescription: null; viewIdResName: test.joko.com.myapplication:id/editText; checkable: false; checked: false; focusable: true; focused: true; selected: false; clickable: true; longClickable: true; enabled: true; password: false; scrollable: false; actions: [AccessibilityAction: ACTION_CLEAR_FOCUS - null, AccessibilityAction: ACTION_SELECT - null, AccessibilityAction: ACTION_CLEAR_SELECTION - null, AccessibilityAction: ACTION_CLICK - null, AccessibilityAction: ACTION_LONG_CLICK - null, AccessibilityAction: ACTION_ACCESSIBILITY_FOCUS - null]]
03-10 17:30:17.962 D/UiObject(16804): getText() = 
03-10 17:30:17.982 I/QueryController(16804): Matched selector: UiSelector[INSTANCE=0, RESOURCE_ID=test.joko.com.myapplication:id/editText] <<==>> [android.view.accessibility.AccessibilityNodeInfo@8000accf; boundsInParent: Rect(0, 0 - 1440, 180); boundsInScreen: Rect(0, 320 - 1440, 500); packageName: test.joko.com.myapplication; className: android.widget.EditText; text: null; error: null; maxTextLength: -1; contentDescription: null; viewIdResName: test.joko.com.myapplication:id/editText; checkable: false; checked: false; focusable: true; focused: true; selected: false; clickable: true; longClickable: true; enabled: true; password: false; scrollable: false; actions: [AccessibilityAction: ACTION_CLEAR_FOCUS - null, AccessibilityAction: ACTION_SELECT - null, AccessibilityAction: ACTION_CLEAR_SELECTION - null, AccessibilityAction: ACTION_CLICK - null, AccessibilityAction: ACTION_LONG_CLICK - null, AccessibilityAction: ACTION_ACCESSIBILITY_FOCUS - null]]
03-10 17:30:17.992 W/InputEventReceiver(16850): Attempted to finish an input event but the input event receiver has already been disposed.
03-10 17:30:18.002 W/ContentService( 1403): Ignoring content changes for content://settings/secure from 2000: Failed to find PID 16804
03-10 17:30:18.442 I/SurfaceFlinger(  437): FPS: 60
03-10 17:30:18.502 E/PopupToolbar(16850): the hostView window type is not support PopupToolbar
03-10 17:30:18.502 I/FtTextViewPopupToolbar(16850):  line = 0 top = 0 bottom = 96
03-10 17:30:18.502 D/PopupToolbar(16850): x:0y:131
03-10 17:30:18.502 I/ViewRootImpl(16850): CPU Rendering VSync enable = true
03-10 17:30:18.502 V/WindowManager( 1403): Adding window Window{36701842 u0 PopupWindow:38eeea9c} at 10 of 17 (after Window{22009371 u0 test.joko.com.myapplication/test.joko.com.myapplication.main})
03-10 17:30:18.512 D/SettingsProvider( 1403): lookupValue table system cache contains Key haptic_feedback_enabled , value = Bundle[{value=0}]
03-10 17:30:18.512 D/WindowManager( 1403): performHapticFeedbackLw = true ,effectId = 0
03-10 17:30:18.542 V/ResourcesManager(16850): Skipping new config: curSeq=17, newSeq=17
03-10 17:30:18.542 V/ResourcesManager(16850): Skipping new config: curSeq=17, newSeq=17
03-10 17:30:18.902 W/ActivityManager( 1403): getRunningAppProcesses: caller 10118 does not hold REAL_GET_TASKS; limiting output
03-10 17:30:19.442 I/SurfaceFlinger(  437): FPS: 60
03-10 17:30:19.912 I/MSM-irqbalance(  799): Decided to move IRQ215 from CPU1 to CPU0
03-10 17:30:20.332 D/WindowManager( 1403): interceptKeyBeforeQueueing systemBooted = true
03-10 17:30:20.332 D/WindowManager( 1403): interceptKeyTq keycode=67 interactive=true keyguardActive=false policyFlags=2b000000
03-10 17:30:20.332 W/WindowManager( 1403): checkBaseRequirement inJected is true ,return.
03-10 17:30:20.332 D/WindowManager( 1403): isPhicalHomeKey = false ,result = 1
03-10 17:30:20.332 I/WindowManager( 1403): process interceptKeyBeforeQueueing result = 1
03-10 17:30:20.332 D/WindowManager( 1403): interceptKeyTi keyCode=67 down=true repeatCount=0 keyguardOn=false mHomePressed=false canceled=false
03-10 17:30:20.332 D/WindowManager( 1403): intercept win = Window{22009371 u0 test.joko.com.myapplication/test.joko.com.myapplication.main}
03-10 17:30:20.332 D/WindowManager( 1403): intercept attrs = WM.LayoutParams{(0,0)(fillxfill) sim=#120 ty=1 fl=#81810100 wanim=0x1030466 vsysui=0x600 surfaceInsets=Rect(0, 0 - 0, 0) needsMenuKey=2}
03-10 17:30:20.332 I/WindowManager( 1403): process interceptKeyBeforeDispatching ,let the application handle the key.
03-10 17:30:20.332 W/InputDispatcher( 1403): interceptKeyBeforeDispatching delay = 0
03-10 17:30:20.342 D/WindowManager( 1403): interceptKeyBeforeQueueing systemBooted = true
03-10 17:30:20.342 D/WindowManager( 1403): interceptKeyTq keycode=67 interactive=true keyguardActive=false policyFlags=2b000000
03-10 17:30:20.342 W/WindowManager( 1403): checkBaseRequirement inJected is true ,return.
03-10 17:30:20.342 D/WindowManager( 1403): isPhicalHomeKey = false ,result = 1
03-10 17:30:20.342 I/WindowManager( 1403): process interceptKeyBeforeQueueing result = 1
03-10 17:30:20.342 D/WindowManager( 1403): interceptKeyTi keyCode=67 down=false repeatCount=0 keyguardOn=false mHomePressed=false canceled=false
03-10 17:30:20.342 D/WindowManager( 1403): intercept win = Window{22009371 u0 test.joko.com.myapplication/test.joko.com.myapplication.main}
03-10 17:30:20.342 D/WindowManager( 1403): intercept attrs = WM.LayoutParams{(0,0)(fillxfill) sim=#120 ty=1 fl=#81810100 wanim=0x1030466 vsysui=0x600 surfaceInsets=Rect(0, 0 - 0, 0) needsMenuKey=2}
03-10 17:30:20.342 I/WindowManager( 1403): process interceptKeyBeforeDispatching ,let the application handle the key.
03-10 17:30:20.342 W/InputDispatcher( 1403): interceptKeyBeforeDispatching delay = 0
03-10 17:30:20.352 D/WindowManager( 1403): interceptKeyBeforeQueueing systemBooted = true
03-10 17:30:20.352 D/WindowManager( 1403): interceptKeyTq keycode=8 interactive=true keyguardActive=false policyFlags=2b000000
03-10 17:30:20.352 W/WindowManager( 1403): checkBaseRequirement inJected is true ,return.
03-10 17:30:20.352 D/WindowManager( 1403): isPhicalHomeKey = false ,result = 1
03-10 17:30:20.352 I/WindowManager( 1403): process interceptKeyBeforeQueueing result = 1
03-10 17:30:20.352 D/WindowManager( 1403): interceptKeyTi keyCode=8 down=true repeatCount=0 keyguardOn=false mHomePressed=false canceled=false
03-10 17:30:20.352 D/WindowManager( 1403): intercept win = Window{22009371 u0 test.joko.com.myapplication/test.joko.com.myapplication.main}
03-10 17:30:20.352 D/WindowManager( 1403): intercept attrs = WM.LayoutParams{(0,0)(fillxfill) sim=#120 ty=1 fl=#81810100 wanim=0x1030466 vsysui=0x600 surfaceInsets=Rect(0, 0 - 0, 0) needsMenuKey=2}
03-10 17:30:20.352 I/WindowManager( 1403): process interceptKeyBeforeDispatching ,let the application handle the key.
