03-10 17:31:06.622 W/System.err( 2521): 	at android.app.ApplicationPackageManager.getPackageInfo(ApplicationPackageManager.java:119)
03-10 17:31:06.622 W/System.err( 2521): 	at com.iqoo.secure.utils.h.ac(ScanUtil.java:173)
03-10 17:31:06.622 W/System.err( 2521): 	at com.iqoo.secure.utils.h.c(ScanUtil.java:415)
03-10 17:31:06.622 W/System.err( 2521): 	at com.iqoo.secure.tmssdk.a.a.i.fP(ScanResultDao.java:286)
03-10 17:31:06.622 W/System.err( 2521): 	at com.iqoo.secure.virusengine.manager.ae.e(VirusEngineManager.java:289)
03-10 17:31:06.622 W/System.err( 2521): 	at com.iqoo.secure.virusengine.manager.ae.b(VirusEngineManager.java:247)
03-10 17:31:06.622 W/System.err( 2521): 	at com.iqoo.secure.service.cq.handleMessage(VirusScanService.java:246)
03-10 17:31:06.622 W/System.err( 2521): 	at android.os.Handler.dispatchMessage(Handler.java:102)
03-10 17:31:06.622 W/System.err( 2521): 	at android.os.Looper.loop(Looper.java:135)
03-10 17:31:06.622 W/System.err( 2521): 	at android.os.HandlerThread.run(HandlerThread.java:61)
03-10 17:31:06.622 D/ScanUtil( 2521):  package not exists !!!
03-10 17:31:06.632 D/SecureProvider( 2521): caller uid: 10055 context: com.iqoo.secure.AppFeature@11e6b93e
03-10 17:31:06.632 D/SecureProvider( 2521): isValidCaller----pkgName: com.iqoo.secure valid: true
03-10 17:31:06.642 I/ProcessStatsService( 1403): Pruning old procstats: /data/system/procstats/state-2018-02-27-13-42-42.bin
03-10 17:31:06.652 D/QScannerManagerV2( 2521): Impl-onCreate
03-10 17:31:06.652 D/QScannerManagerV2( 2521): CHS--[/data/user/0/com.iqoo.secure/files/70001.amf]
03-10 17:31:06.652 V/QScannerManagerV2( 2521): initScanner
03-10 17:31:06.652 D/QScannerManagerV2( 2521): initScanner-mCacheManager:[null]mCertChecker[nullmAmScanner[null]
03-10 17:31:06.652 D/QScannerManagerV2-QScanCacheManager( 2521): QScanCacheManager::nLang:[1]amfFilePath[/data/user/0/com.iqoo.secure/files/70001.amf]
03-10 17:31:06.652 V/ResourcesManager( 1403): Skipping new config: curSeq=17, newSeq=17
03-10 17:31:06.652 W/IInputConnectionWrapper( 1403): showStatusIcon on inactive InputConnection
03-10 17:31:06.652 I/StatusBarColorManager( 2235): SystemUI|notifyStatusBarColorInfo: iconColor = -1, bgColor = 0, isLauncher = true, isKeyguardShowing= false, isKeyguardFadingAway= false
03-10 17:31:06.662 D/Launcher( 2800): onWindowFocusChanged ,  hasFocus = false
03-10 17:31:06.662 I/StatusBarColorManager( 2235): SystemUI|notifyStatusBarColorInfo: iconColor = -1, bgColor = 0, isLauncher = true, isKeyguardShowing= false, isKeyguardFadingAway= false
03-10 17:31:06.712 I/ThreadPool( 2521): shrink core pool size: 0
03-10 17:31:06.762 I/AmScannerStatic( 2521): load ams, object = 367387380304
03-10 17:31:06.792 I/ThreadPool(13813): shrink core pool size: 0
03-10 17:31:06.802 I/SurfaceFlinger(  437): FPS: 60
03-10 17:31:06.892 V/QScannerManagerV2( 2521): Impl--scanSelectedPackagesOrApks
03-10 17:31:06.902 D/QScannerManagerV2( 2521): [Beg]scanSelectedPackagesOrApks-size:[1]bCloudScan[true]bPackages[false]
03-10 17:31:06.902 D/QScannerManagerV2( 2521): onScanStarted-type:[1]
03-10 17:31:06.902 D/QScannerManagerV2( 2521): nativeScan-[Beg]loadAppSimpleInfo
03-10 17:31:06.902 D/QScannerManagerV2( 2521): nativeScan-[End]loadAppSimpleInfo
03-10 17:31:06.912 D/QScannerManagerV2( 2521): getCache
03-10 17:31:06.912 D/QScannerManagerV2( 2521): loadAppDetailInfo
03-10 17:31:06.912 D/QScannerManagerV2( 2521): [Beg]scanApk
03-10 17:31:06.912 W/linker  ( 2521): /data/app/com.iqoo.secure-2/lib/arm64/libavlm.so: unused DT entry: type 0x6ffffffe arg 0x23e8
03-10 17:31:06.912 W/linker  ( 2521): /data/app/com.iqoo.secure-2/lib/arm64/libavlm.so: unused DT entry: type 0x6fffffff arg 0x3
03-10 17:31:06.912 D/QScannerManagerV2( 2521): [End]scanApk
03-10 17:31:06.912 D/QScannerManagerV2( 2521): putCache
03-10 17:31:06.922 D/QScannerManagerV2( 2521): cloudScan
03-10 17:31:06.922 D/QScannerManagerV2( 2521): onScanStarted-QScanConstants.SCAN_CLOUD
03-10 17:31:06.922 I/VirusEngine( 2521): TX >>> post delay message !
03-10 17:31:06.932 I/QQPimSecure( 2521): wup request: 20
03-10 17:31:06.932 D/HttpConnection( 2521):  couldNotConnect()
03-10 17:31:06.932 D/HttpConnection( 2521):  couldNotConnect() diff: -1520674266938
03-10 17:31:06.932 D/HttpConnection( 2521):  couldNotConnect() false
03-10 17:31:06.982 I/HttpConnection( 2521): initConnection() openTimeMillis: 1
03-10 17:31:06.982 D/HttpConnection( 2521):  couldNotConnect()
03-10 17:31:06.982 D/HttpConnection( 2521):  couldNotConnect() diff: -1520674266992
03-10 17:31:06.982 D/HttpConnection( 2521):  couldNotConnect() false
03-10 17:31:06.982 D/sendRequest( 2521):  sendRequest() couldNotConnect:false
03-10 17:31:06.992 I/StatusBarColorManager( 2235): SystemUI|notifyStatusBarColorInfo: iconColor = -1, bgColor = 0, isLauncher = true, isKeyguardShowing= false, isKeyguardFadingAway= false
03-10 17:31:07.022 I/HttpConnection( 2521): sendRequest() connectTimeMillis: 37
03-10 17:31:07.092 D/HttpConnection( 2521): HttpUrlConn.getResponseCode : 200
03-10 17:31:07.092 D/LicMan  ( 2521): strTimeSec=AAAAgKxhNUP4t2rXzgBjL1oDzvpAtscdhqY3nGSCnLhr5eT3devq8YuVGz7wJ8Iv
03-10 17:31:07.092 D/LicMan  ( 2521): e2IrhJzeyeCH7JyCB+fcMP9VisCOvslmIEJJ5vjdw6VVnGx36Zy+29AguJbml/hP
03-10 17:31:07.092 D/LicMan  ( 2521): l3rWrZ32FMzU6og7nMvn//Q1ABN5SV23n9LDqowOl1obIhsruNYA7aGQcRODN9n3
03-10 17:31:07.092 D/LicMan  ( 2521): JX+6mQ==
03-10 17:31:07.092 D/LicMan  ( 2521): expirySeconds=2233324800(2040-9-9) expired=false
03-10 17:31:07.102 D/QScannerManagerV2( 2521): getVirusBaseIntVersion-amfFilePath:[/data/user/0/com.iqoo.secure/files/70001.amf]
03-10 17:31:07.102 D/QScanInternalUtils( 2521): dex-sha1=RSD/1Ej6eHQqSS7BK5Z2JQzfq2Y=
03-10 17:31:07.102 I/QQPimSecure( 2521): wup request: 6
03-10 17:31:07.102 D/QScannerManagerV2( 2521): getAnalyseInfo-size:[1]
03-10 17:31:07.102 D/HttpConnection( 2521):  couldNotConnect()
03-10 17:31:07.102 D/HttpConnection( 2521):  couldNotConnect() diff: -1520674267112
03-10 17:31:07.102 D/HttpConnection( 2521):  couldNotConnect() false
03-10 17:31:07.112 I/HttpConnection( 2521): initConnection() openTimeMillis: 1
03-10 17:31:07.112 D/HttpConnection( 2521):  couldNotConnect()
03-10 17:31:07.112 D/HttpConnection( 2521):  couldNotConnect() diff: -1520674267124
03-10 17:31:07.112 D/HttpConnection( 2521):  couldNotConnect() false
03-10 17:31:07.112 D/sendRequest( 2521):  sendRequest() couldNotConnect:false
03-10 17:31:07.122 I/HttpConnection( 2521): sendRequest() connectTimeMillis: 3
03-10 17:31:07.222 D/HttpConnection( 2521): HttpUrlConn.getResponseCode : 200
03-10 17:31:07.232 I/QScannerManagerV2( 2521): cloudAnalyse: io.appium.android.ime, category: 0 - 0
03-10 17:31:07.232 D/QScannerManagerV2( 2521): onScanFinished-type[1]size:[0]
03-10 17:31:07.232 D/VirusScanService( 2521): mVirusList = []
03-10 17:31:07.232 D/VirusScanService( 2521): mVirusList.size = 0 ,mServerHandler = Handler (com.iqoo.secure.service.cq) {22f797d7}
03-10 17:31:07.232 I/VirusScanService( 2521): ::::++++  type is : 0 ; path is : /data/local/tmp/UnicodeIME-debug.apk ;; des is : null
03-10 17:31:07.232 I/VivoADBInstallDialog( 1403): virusDes is : null ; virusType is : 0
03-10 17:31:07.232 I/VivoADBInstallDialog( 1403): hasWarned is : true
03-10 17:31:07.232 I/VivoADBInstallDialog( 1403): get sPackagePath is : /data/local/tmp/UnicodeIME-debug.apk
03-10 17:31:07.232 I/VivoADBInstallDialog( 1403): virus dialog is disable , virusType: 0 ,dismiss = false
03-10 17:31:07.232 D/SecureProvider( 2521): caller uid: 10055 context: com.iqoo.secure.AppFeature@11e6b93e
03-10 17:31:07.232 D/SecureProvider( 2521): isValidCaller----pkgName: com.iqoo.secure valid: true
03-10 17:31:07.252 D/QScannerManagerV2( 2521): [End]scanSelectedPackagesOrApks
03-10 17:31:07.252 V/QScannerManagerV2( 2521): freeScanner
03-10 17:31:07.252 D/QScannerManagerV2( 2521): [Beg]Impl-freeScanner
03-10 17:31:07.252 D/QScannerManagerV2( 2521): QScanCacheManager exit
03-10 17:31:07.252 D/QScannerManagerV2-QScanCacheManager( 2521): exit
03-10 17:31:07.252 D/QScannerManagerV2( 2521): AmScannerStatic finalize
03-10 17:31:07.272 D/QScannerManagerV2( 2521): CertCheckerV2 unregisterObserver
03-10 17:31:07.272 D/QScannerManagerV2( 2521): [End]Impl-freeScanner
03-10 17:31:07.452 I/VivoNetworkController( 2235): SystemUI|mWifiEnabled && mWifiConnected = true
03-10 17:31:07.812 I/SurfaceFlinger(  437): FPS: 60
03-10 17:31:07.882 I/VivoNetworkController( 2235): SystemUI|action = android.net.wifi.RSSI_CHANGED
03-10 17:31:07.882 I/VivoNetworkController( 2235): SystemUI|updateWifiIcons mWifiConnected = true mWifiIconId2130839259
03-10 17:31:07.882 I/VivoNetworkController( 2235): SystemUI|mWifiEnabled && mWifiConnected = true
03-10 17:31:08.452 I/VivoNetworkController( 2235): SystemUI|mWifiEnabled && mWifiConnected = true
03-10 17:31:08.822 I/SurfaceFlinger(  437): FPS: 60
03-10 17:31:09.822 I/SurfaceFlinger(  437): FPS: 60
03-10 17:31:09.942 I/MSM-irqbalance(  799): Decided to move IRQ321 from CPU0 to CPU1
03-10 17:31:10.832 I/SurfaceFlinger(  437): FPS: 60
03-10 17:31:11.842 I/SurfaceFlinger(  437): FPS: 60
03-10 17:31:12.472 I/VivoNetworkController( 2235): SystemUI|mWifiEnabled && mWifiConnected = true
03-10 17:31:12.852 I/SurfaceFlinger(  437): FPS: 60
03-10 17:31:13.472 I/VivoNetworkController( 2235): SystemUI|mWifiEnabled && mWifiConnected = true
03-10 17:31:13.652 D/PUSH_SDK_JNI(16558): [lsh] PushLinkMgr::_send, size= 61
03-10 17:31:13.662 D/PUSH_SDK_JNI(16558): ReqResendMgr::__onResendReq key/remainTime/timeLag/resendTimes sendFetchPushMsg 20000 20000 2
03-10 17:31:13.862 I/SurfaceFlinger(  437): FPS: 60
03-10 17:31:14.472 I/VivoNetworkController( 2235): SystemUI|mWifiEnabled && mWifiConnected = true
03-10 17:31:14.862 I/SurfaceFlinger(  437): FPS: 60
03-10 17:31:14.952 I/MSM-irqbalance(  799): Decided to move IRQ166 from CPU0 to CPU1
03-10 17:31:15.472 I/VivoNetworkController( 2235): SystemUI|mWifiEnabled && mWifiConnected = true
03-10 17:31:15.872 I/SurfaceFlinger(  437): FPS: 60
03-10 17:31:16.882 I/SurfaceFlinger(  437): FPS: 60
03-10 17:31:17.892 I/SurfaceFlinger(  437): FPS: 60
03-10 17:31:17.922 I/art     ( 1403): Background partial concurrent mark sweep GC freed 49780(3MB) AllocSpace objects, 21(4MB) LOS objects, 33% free, 26MB/40MB, paused 2.986ms total 199.320ms
03-10 17:31:18.892 I/SurfaceFlinger(  437): FPS: 60
03-10 17:31:18.902 W/ActivityManager( 1403): getRunningAppProcesses: caller 10118 does not hold REAL_GET_TASKS; limiting output
03-10 17:31:19.672 D/ProcessTrace( 2545): mPassTime = 120170, mPassUpTimeMs = 120170, mDownloadRate = 350020
03-10 17:31:19.902 I/SurfaceFlinger(  437): FPS: 60
03-10 17:31:19.952 I/MSM-irqbalance(  799): Decided to move IRQ178 from CPU0 to CPU1
03-10 17:31:20.492 I/VivoNetworkController( 2235): SystemUI|mWifiEnabled && mWifiConnected = true
03-10 17:31:20.572 I/VivoADBInstallDialog( 1403): getRomVersionHigher25 is : 3.1
03-10 17:31:20.572 I/VivoADBInstallDialog( 1403): bActionExist is : true
03-10 17:31:20.582 I/art     (17262): System.exit called, status: 1
03-10 17:31:20.582 I/AndroidRuntime(17262): VM exiting with result code 1.
03-10 17:31:20.582 D/manager disable: < ( 1403): BEGIN disableLocked(0, 0, android.os.Binder@141955c, Window{21a5ec14 u0 com.bbk.launcher2/com.bbk.launcher2.Launcher})
03-10 17:31:20.582 I/StatusBarColorManager( 2235): SystemUI|notifyStatusBarColorInfo: iconColor = -1, bgColor = 0, isLauncher = true, isKeyguardShowing= false, isKeyguardFadingAway= false
03-10 17:31:20.602 D/Launcher( 2800): onWindowFocusChanged ,  hasFocus = true
03-10 17:31:20.602 D/InputMethodManagerService( 1403): windowGainedFocus isPasswordInputType:false
03-10 17:31:20.862 D/AndroidRuntime(17297): >>>>>> START com.android.internal.os.RuntimeInit uid 2000 <<<<<<
03-10 17:31:20.862 D/AndroidRuntime(17297): CheckJNI is OFF
03-10 17:31:20.902 I/SurfaceFlinger(  437): FPS: 60
03-10 17:31:20.922 I/StatusBarColorManager( 2235): SystemUI|notifyStatusBarColorInfo: iconColor = -1, bgColor = 0, isLauncher = true, isKeyguardShowing= false, isKeyguardFadingAway= false
03-10 17:31:20.922 I/StatusBarColorManager( 2235): SystemUI|notifyStatusBarColorInfo: iconColor = -1, bgColor = 0, isLauncher = true, isKeyguardShowing= false, isKeyguardFadingAway= false
03-10 17:31:21.142 D/AndroidRuntime(17297): Calling main entry com.android.commands.settings.SettingsCmd
03-10 17:31:21.162 D/SettingsProvider( 1403): lookupValue table secure cache contains Key default_input_method , value = Bundle[{value=com.baidu.input_bbk.service/.PinyinIME}]
03-10 17:31:21.162 D/AndroidRuntime(17297): Shutting down VM
03-10 17:31:21.272 I/VivoADBInstallDialog( 1403): dismiss !!!!!!!!! 
03-10 17:31:21.272 I/VirusScanService( 2521): calling onUnbind method !!!
03-10 17:31:21.282 I/VirusScanService( 2521): calling onDestroy method !!!
03-10 17:31:21.282 I/DaemonService( 3001): DataUsageService pid = 2521
03-10 17:31:21.292 I/DaemonService( 3001): DataUsageService pid = 2521
03-10 17:31:21.372 W/art     (17297): unexpectedly found a contender on mutex Task processor lock
03-10 17:31:21.372 W/art     (17297): ConditionVariable::~ConditionVariable for Task processor condition called with 1 waiters.
03-10 17:31:21.422 I/ServiceManager(15891): Waiting for service AtCmdFwd...
03-10 17:31:21.492 I/VivoNetworkController( 2235): SystemUI|mWifiEnabled && mWifiConnected = true
03-10 17:31:21.642 D/AndroidRuntime(17313): >>>>>> START com.android.internal.os.RuntimeInit uid 2000 <<<<<<
03-10 17:31:21.642 D/AndroidRuntime(17313): CheckJNI is OFF
03-10 17:31:21.912 I/SurfaceFlinger(  437): FPS: 60
03-10 17:31:21.962 D/AndroidRuntime(17313): Calling main entry com.android.commands.ime.Ime
03-10 17:31:21.972 F/InputMethodManagerService( 1403): Input Method Manager Crash
03-10 17:31:21.972 F/InputMethodManagerService( 1403): java.lang.IllegalArgumentException: Unknown id: com.baidu.input_bbk.service/.PinyinIME
03-10 17:31:21.972 F/InputMethodManagerService( 1403): 	at com.android.server.InputMethodManagerService.setInputMethodEnabledLocked(InputMethodManagerService.java:3475)
03-10 17:31:21.972 F/InputMethodManagerService( 1403): 	at com.android.server.VivoInputMethodManagerService.setInputMethodEnabledLocked(VivoInputMethodManagerService.java:173)
03-10 17:31:21.972 F/InputMethodManagerService( 1403): 	at com.android.server.InputMethodManagerService.setInputMethodEnabled(InputMethodManagerService.java:3459)
03-10 17:31:21.972 F/InputMethodManagerService( 1403): 	at com.android.internal.view.IInputMethodManager$Stub.onTransact(IInputMethodManager.java:425)
03-10 17:31:21.972 F/InputMethodManagerService( 1403): 	at com.android.server.InputMethodManagerService.onTransact(InputMethodManagerService.java:1000)
03-10 17:31:21.972 F/InputMethodManagerService( 1403): 	at android.os.Binder.execTransact(Binder.java:446)
03-10 17:31:21.972 D/AndroidRuntime(17313): Shutting down VM
03-10 17:31:22.182 W/art     (17313): unexpectedly found a contender on mutex Task processor lock
03-10 17:31:22.182 W/art     (17313): ConditionVariable::~ConditionVariable for Task processor condition called with 1 waiters.
03-10 17:31:22.422 I/ServiceManager(15891): Waiting for service AtCmdFwd...
03-10 17:31:22.442 D/AndroidRuntime(17329): >>>>>> START com.android.internal.os.RuntimeInit uid 2000 <<<<<<
03-10 17:31:22.442 D/AndroidRuntime(17329): CheckJNI is OFF
03-10 17:31:22.732 D/AndroidRuntime(17329): Calling main entry com.android.commands.ime.Ime
03-10 17:31:22.742 F/InputMethodManagerService( 1403): Input Method Manager Crash
03-10 17:31:22.742 F/InputMethodManagerService( 1403): java.lang.IllegalArgumentException: Unknown id: io.appium.android.ime/.UnicodeIME
03-10 17:31:22.742 F/InputMethodManagerService( 1403): 	at com.android.server.InputMethodManagerService.setInputMethodLocked(InputMethodManagerService.java:1980)
03-10 17:31:22.742 F/InputMethodManagerService( 1403): 	at com.android.server.VivoInputMethodManagerService.setInputMethodLocked(VivoInputMethodManagerService.java:178)
03-10 17:31:22.742 F/InputMethodManagerService( 1403): 	at com.android.server.InputMethodManagerService.setInputMethodWithSubtypeIdLocked(InputMethodManagerService.java:2756)
03-10 17:31:22.742 F/InputMethodManagerService( 1403): 	at com.android.server.InputMethodManagerService.setInputMethodWithSubtypeId(InputMethodManagerService.java:2735)
03-10 17:31:22.742 F/InputMethodManagerService( 1403): 	at com.android.server.InputMethodManagerService.setInputMethod(InputMethodManagerService.java:2492)
03-10 17:31:22.742 F/InputMethodManagerService( 1403): 	at com.android.internal.view.IInputMethodManager$Stub.onTransact(IInputMethodManager.java:259)
03-10 17:31:22.742 F/InputMethodManagerService( 1403): 	at com.android.server.InputMethodManagerService.onTransact(InputMethodManagerService.java:1000)
03-10 17:31:22.742 F/InputMethodManagerService( 1403): 	at android.os.Binder.execTransact(Binder.java:446)
03-10 17:31:22.742 D/AndroidRuntime(17329): Shutting down VM
03-10 17:31:22.922 I/SurfaceFlinger(  437): FPS: 60
03-10 17:31:22.942 W/art     (17329): unexpectedly found a contender on mutex Task processor lock
03-10 17:31:22.942 W/art     (17329): ConditionVariable::~ConditionVariable for Task processor condition called with 1 waiters.
03-10 17:31:23.222 D/AndroidRuntime(17345): >>>>>> START com.android.internal.os.RuntimeInit uid 2000 <<<<<<
03-10 17:31:23.222 D/AndroidRuntime(17345): CheckJNI is OFF
03-10 17:31:23.422 I/ServiceManager(15891): Waiting for service AtCmdFwd...
03-10 17:31:23.582 D/AndroidRuntime(17345): Calling main entry com.android.commands.pm.Pm
03-10 17:31:23.632 I/art     (17345): System.exit called, status: 0
03-10 17:31:23.632 I/AndroidRuntime(17345): VM exiting with result code 0.
03-10 17:31:23.862 D/AndroidRuntime(17365): >>>>>> START com.android.internal.os.RuntimeInit uid 2000 <<<<<<
03-10 17:31:23.862 D/AndroidRuntime(17365): CheckJNI is OFF
03-10 17:31:23.932 I/SurfaceFlinger(  437): FPS: 59
03-10 17:31:24.052 I/PushSrv (16558): sending request with id = 2
03-10 17:31:24.082 D/PUSH_SDK_JNI(16558): PushReqHandler::send ping, monotonic time = 3640298
03-10 17:31:24.082 D/PUSH_SDK_JNI(16558): [lsh] PushLinkMgr::_send, size= 14
03-10 17:31:24.142 D/PUSH_SDK_JNI(16558): PushHandler::onPong, rtt = 52
03-10 17:31:24.192 D/AndroidRuntime(17365): Calling main entry com.android.commands.pm.Pm
03-10 17:31:24.202 I/PackageManager( 1403): ++++ availInternalSize is : 102052 MB, mCriticalLowMemorySize: 600 originPath:/data/local/tmp/settings_apk-debug.apk installFlags:64
03-10 17:31:24.222 I/VivoADBInstallDialog( 1403): packagePath is : /data/local/tmp/settings_apk-debug.apk
03-10 17:31:24.222 I/PackageManager( 1403):  packageName:io.appium.settings appName:Appium Settings isNotAllowUnknownSource:false warnResult:2
03-10 17:31:24.222 I/VivoADBInstallDialog( 1403): sPackagePath is : /data/local/tmp/settings_apk-debug.apk
03-10 17:31:24.222 W/Settings( 1403): Setting install_non_market_apps has moved from android.provider.Settings.Global to android.provider.Settings.Secure, returning read-only value.
03-10 17:31:24.222 D/PhoneWindow( 1403): DEBUG_SYSTEMUI:vivo statusbar style 
03-10 17:31:24.222 D/PhoneWindow( 1403): DEBUG_SYSTEMUI:windowDrawsFlag set
03-10 17:31:24.222 D/PhoneWindow( 1403): DEBUG_SYSTEMUI:IconColor=-1
03-10 17:31:24.222 D/PhoneWindow( 1403): DEBUG_SYSTEMUI:StatusBarColor final set ffededed
03-10 17:31:24.232 D/TitleView( 1403): insertViewInfo Count : 1
03-10 17:31:24.242 D/TitleView( 1403): insertViewInfo Count : 1
03-10 17:31:24.262 I/VivoADBInstallDialog( 1403): getRomVersionHigher25 is : 3.1
03-10 17:31:24.262 I/VivoADBInstallDialog( 1403): bActionExist is : true
03-10 17:31:24.262 D/VivoADBInstallDialog( 1403): overseas: no
03-10 17:31:24.262 D/VivoTheme( 1403): load old package name start
03-10 17:31:24.272 D/VivoTheme( 1403): load old package name start
03-10 17:31:24.272 D/VivoTheme( 1403): load old package name start
03-10 17:31:24.282 D/VivoTheme( 1403): load old package name start
03-10 17:31:24.282 I/ViewRootImpl( 1403): CPU Rendering VSync enable = true
03-10 17:31:24.282 D/manager disable: < ( 1403): BEGIN disableLocked(0, 0, android.os.Binder@141955c, Window{b14db1a u0 android})
03-10 17:31:24.282 I/FloatWindowManagerService( 2521): get action is : vivo.intent.action.CHECK_ALERT_WINDOW
03-10 17:31:24.282 I/VivoADBInstallDialog( 1403): getRomVersionHigher25 is : 3.1
03-10 17:31:24.282 I/VivoADBInstallDialog( 1403): bActionExist is : true
03-10 17:31:24.282 I/VivoADBInstallDialog( 1403): get sPackagePath is : /data/local/tmp/settings_apk-debug.apk
03-10 17:31:24.292 I/VivoADBInstallDialog( 1403): run is : com.android.server.am.ActivityManagerService@23406b31
03-10 17:31:24.292 W/ContextImpl( 1403): Calling a method in the system process without a qualified user: android.app.ContextImpl.bindService:1802 com.android.server.pm.VivoADBInstallDialog$4.run:227 <bottom of call stack> <bottom of call stack> <bottom of call stack> 
03-10 17:31:24.292 I/FloatWindowManagerService( 2521): get top = com.bbk.launcher2
03-10 17:31:24.292 I/VirusScanService( 2521): calling onBind method !!!
03-10 17:31:24.292 I/DaemonService( 3001): DataUsageService pid = 2521
03-10 17:31:24.312 D/manager disable: < ( 1403): BEGIN disableLocked(0, 0, android.os.Binder@141955c, Window{b14db1a u0 android})
03-10 17:31:24.312 I/StatusBarColorManager( 2235): SystemUI|notifyStatusBarColorInfo: iconColor = -1, bgColor = 0, isLauncher = true, isKeyguardShowing= false, isKeyguardFadingAway= false
03-10 17:31:24.312 I/StatusBarColorManager( 2235): SystemUI|notifyStatusBarColorInfo: iconColor = -1, bgColor = 0, isLauncher = true, isKeyguardShowing= false, isKeyguardFadingAway= false
03-10 17:31:24.322 I/OpenGLRenderer( 1403): Initialized EGL, version 1.4
03-10 17:31:24.322 V/ResourcesManager( 1403): Skipping new config: curSeq=17, newSeq=17
03-10 17:31:24.332 D/InputMethodManagerService( 1403): windowGainedFocus isPasswordInputType:false
03-10 17:31:24.332 I/VivoADBInstallDialog( 1403): onServiceConnected !!!!!!!!! 
03-10 17:31:24.332 I/VivoADBInstallDialog( 1403): get sPackagePath is : /data/local/tmp/settings_apk-debug.apk
03-10 17:31:24.332 I/VivoADBInstallDialog( 1403): scanning file path is : /data/local/tmp/settings_apk-debug.apk
03-10 17:31:24.332 I/VirusScanService( 2521): dealing with message WHAT_ON_FROM_CLIENT !
03-10 17:31:24.332 D/InputMethodManagerService( 1403): startInput isPasswordInputType:false
03-10 17:31:24.332 W/InputMethodManagerService( 1403): Starting input on non-focused client com.android.internal.view.IInputMethodClient$Stub$Proxy@14870b4e (uid=10027 pid=2800)
03-10 17:31:24.332 W/InputMethodManager( 2800): startInputInner : InputBindResult == null
03-10 17:31:24.332 I/StatusBarColorManager( 2235): SystemUI|notifyStatusBarColorInfo: iconColor = -1, bgColor = 0, isLauncher = true, isKeyguardShowing= false, isKeyguardFadingAway= false
03-10 17:31:24.342 D/PrefManager( 2521): get prefName=systemValues,key = key_virus_apks_cache_switch,value=true
03-10 17:31:24.342 W/System.err( 2521): android.content.pm.PackageManager$NameNotFoundException: io.appium.settings
03-10 17:31:24.342 W/System.err( 2521): 	at android.app.ApplicationPackageManager.getPackageInfo(ApplicationPackageManager.java:119)
03-10 17:31:24.342 W/System.err( 2521): 	at com.iqoo.secure.utils.h.ac(ScanUtil.java:173)
03-10 17:31:24.342 W/System.err( 2521): 	at com.iqoo.secure.utils.h.c(ScanUtil.java:415)
03-10 17:31:24.342 W/System.err( 2521): 	at com.iqoo.secure.tmssdk.a.a.i.fP(ScanResultDao.java:286)
03-10 17:31:24.342 W/System.err( 2521): 	at com.iqoo.secure.virusengine.manager.ae.e(VirusEngineManager.java:289)
03-10 17:31:24.342 W/System.err( 2521): 	at com.iqoo.secure.virusengine.manager.ae.b(VirusEngineManager.java:247)
03-10 17:31:24.342 W/System.err( 2521): 	at com.iqoo.secure.service.cq.handleMessage(VirusScanService.java:246)
03-10 17:31:24.342 W/System.err( 2521): 	at android.os.Handler.dispatchMessage(Handler.java:102)
03-10 17:31:24.342 W/System.err( 2521): 	at android.os.Looper.loop(Looper.java:135)
03-10 17:31:24.342 W/System.err( 2521): 	at android.os.HandlerThread.run(HandlerThread.java:61)
03-10 17:31:24.342 D/ScanUtil( 2521):  package not exists !!!
03-10 17:31:24.342 D/SecureProvider( 2521): caller uid: 10055 context: com.iqoo.secure.AppFeature@11e6b93e
03-10 17:31:24.342 D/SecureProvider( 2521): isValidCaller----pkgName: com.iqoo.secure valid: true
03-10 17:31:24.362 D/QScannerManagerV2( 2521): Impl-onCreate
03-10 17:31:24.362 D/QScannerManagerV2( 2521): CHS--[/data/user/0/com.iqoo.secure/files/70001.amf]
03-10 17:31:24.362 V/QScannerManagerV2( 2521): initScanner
03-10 17:31:24.362 D/QScannerManagerV2( 2521): initScanner-mCacheManager:[null]mCertChecker[nullmAmScanner[null]
03-10 17:31:24.362 D/QScannerManagerV2-QScanCacheManager( 2521): QScanCacheManager::nLang:[1]amfFilePath[/data/user/0/com.iqoo.secure/files/70001.amf]
03-10 17:31:24.382 V/ResourcesManager( 1403): Skipping new config: curSeq=17, newSeq=17
03-10 17:31:24.382 W/IInputConnectionWrapper( 1403): showStatusIcon on inactive InputConnection
03-10 17:31:24.382 I/StatusBarColorManager( 2235): SystemUI|notifyStatusBarColorInfo: iconColor = -1, bgColor = 0, isLauncher = true, isKeyguardShowing= false, isKeyguardFadingAway= false
03-10 17:31:24.382 D/Launcher( 2800): onWindowFocusChanged ,  hasFocus = false
03-10 17:31:24.402 I/StatusBarColorManager( 2235): SystemUI|notifyStatusBarColorInfo: iconColor = -1, bgColor = 0, isLauncher = true, isKeyguardShowing= false, isKeyguardFadingAway= false
03-10 17:31:24.432 I/ServiceManager(15891): Waiting for service AtCmdFwd...
03-10 17:31:24.492 I/VivoNetworkController( 2235): SystemUI|mWifiEnabled && mWifiConnected = true
03-10 17:31:24.512 I/AmScannerStatic( 2521): load ams, object = 367387778496
03-10 17:31:24.652 V/QScannerManagerV2( 2521): Impl--scanSelectedPackagesOrApks
03-10 17:31:24.652 D/QScannerManagerV2( 2521): [Beg]scanSelectedPackagesOrApks-size:[1]bCloudScan[true]bPackages[false]
03-10 17:31:24.652 D/QScannerManagerV2( 2521): onScanStarted-type:[1]
03-10 17:31:24.652 D/QScannerManagerV2( 2521): nativeScan-[Beg]loadAppSimpleInfo
03-10 17:31:24.652 D/QScannerManagerV2( 2521): nativeScan-[End]loadAppSimpleInfo
03-10 17:31:24.652 D/QScannerManagerV2( 2521): getCache
03-10 17:31:24.652 D/QScannerManagerV2( 2521): loadAppDetailInfo
03-10 17:31:24.652 D/QScannerManagerV2( 2521): [Beg]scanApk
03-10 17:31:24.662 W/linker  ( 2521): /data/app/com.iqoo.secure-2/lib/arm64/libavlm.so: unused DT entry: type 0x6ffffffe arg 0x23e8
03-10 17:31:24.662 W/linker  ( 2521): /data/app/com.iqoo.secure-2/lib/arm64/libavlm.so: unused DT entry: type 0x6fffffff arg 0x3
03-10 17:31:24.662 D/QScannerManagerV2( 2521): [End]scanApk
03-10 17:31:24.662 D/QScannerManagerV2( 2521): putCache
03-10 17:31:24.682 D/QScannerManagerV2( 2521): cloudScan
03-10 17:31:24.682 D/QScannerManagerV2( 2521): onScanStarted-QScanConstants.SCAN_CLOUD
03-10 17:31:24.682 I/VirusEngine( 2521): TX >>> post delay message !
03-10 17:31:24.682 I/QQPimSecure( 2521): wup request: 20
03-10 17:31:24.682 D/HttpConnection( 2521):  couldNotConnect()
03-10 17:31:24.682 D/HttpConnection( 2521):  couldNotConnect() diff: -1520674284692
03-10 17:31:24.682 D/HttpConnection( 2521):  couldNotConnect() false
03-10 17:31:24.712 I/HttpConnection( 2521): initConnection() openTimeMillis: 0
03-10 17:31:24.712 D/HttpConnection( 2521):  couldNotConnect()
03-10 17:31:24.712 D/HttpConnection( 2521):  couldNotConnect() diff: -1520674284723
03-10 17:31:24.712 D/HttpConnection( 2521):  couldNotConnect() false
03-10 17:31:24.712 D/sendRequest( 2521):  sendRequest() couldNotConnect:false
03-10 17:31:24.722 I/HttpConnection( 2521): sendRequest() connectTimeMillis: 4
03-10 17:31:24.722 I/StatusBarColorManager( 2235): SystemUI|notifyStatusBarColorInfo: iconColor = -1, bgColor = 0, isLauncher = true, isKeyguardShowing= false, isKeyguardFadingAway= false
03-10 17:31:24.782 D/HttpConnection( 2521): HttpUrlConn.getResponseCode : 200
03-10 17:31:24.792 D/LicMan  ( 2521): strTimeSec=AAAAgKxhNUP4t2rXzgBjL1oDzvpAtscdhqY3nGSCnLhr5eT3devq8YuVGz7wJ8Iv
03-10 17:31:24.792 D/LicMan  ( 2521): e2IrhJzeyeCH7JyCB+fcMP9VisCOvslmIEJJ5vjdw6VVnGx36Zy+29AguJbml/hP
03-10 17:31:24.792 D/LicMan  ( 2521): l3rWrZ32FMzU6og7nMvn//Q1ABN5SV23n9LDqowOl1obIhsruNYA7aGQcRODN9n3
03-10 17:31:24.792 D/LicMan  ( 2521): JX+6mQ==
03-10 17:31:24.792 D/LicMan  ( 2521): expirySeconds=2233324800(2040-9-9) expired=false
03-10 17:31:24.802 D/QScannerManagerV2( 2521): getVirusBaseIntVersion-amfFilePath:[/data/user/0/com.iqoo.secure/files/70001.amf]
03-10 17:31:24.802 D/QScanInternalUtils( 2521): dex-sha1=pAjuVkMPshFqEYPviKY+fD8xtmg=
03-10 17:31:24.802 I/QQPimSecure( 2521): wup request: 6
03-10 17:31:24.802 D/QScannerManagerV2( 2521): getAnalyseInfo-size:[1]
03-10 17:31:24.802 D/HttpConnection( 2521):  couldNotConnect()
03-10 17:31:24.802 D/HttpConnection( 2521):  couldNotConnect() diff: -1520674284811
03-10 17:31:24.802 D/HttpConnection( 2521):  couldNotConnect() false
03-10 17:31:24.822 I/HttpConnection( 2521): initConnection() openTimeMillis: 1
03-10 17:31:24.822 D/HttpConnection( 2521):  couldNotConnect()
03-10 17:31:24.822 D/HttpConnection( 2521):  couldNotConnect() diff: -1520674284829
03-10 17:31:24.822 D/HttpConnection( 2521):  couldNotConnect() false
03-10 17:31:24.822 D/sendRequest( 2521):  sendRequest() couldNotConnect:false
03-10 17:31:24.832 I/HttpConnection( 2521): sendRequest() connectTimeMillis: 8
03-10 17:31:24.932 D/HttpConnection( 2521): HttpUrlConn.getResponseCode : 200
03-10 17:31:24.942 I/SurfaceFlinger(  437): FPS: 60
03-10 17:31:24.942 I/QScannerManagerV2( 2521): cloudAnalyse: io.appium.settings, category: 0 - 0
03-10 17:31:24.942 D/QScannerManagerV2( 2521): onScanFinished-type[1]size:[0]
03-10 17:31:24.942 D/QScannerManagerV2( 2521): [End]scanSelectedPackagesOrApks
03-10 17:31:24.942 V/QScannerManagerV2( 2521): freeScanner
03-10 17:31:24.942 D/QScannerManagerV2( 2521): [Beg]Impl-freeScanner
03-10 17:31:24.942 D/QScannerManagerV2( 2521): QScanCacheManager exit
03-10 17:31:24.942 D/QScannerManagerV2-QScanCacheManager( 2521): exit
03-10 17:31:24.942 D/QScannerManagerV2( 2521): AmScannerStatic finalize
03-10 17:31:24.952 I/MSM-irqbalance(  799): Decided to move IRQ239 from CPU0 to CPU1
03-10 17:31:24.982 D/QScannerManagerV2( 2521): CertCheckerV2 unregisterObserver
03-10 17:31:24.982 D/QScannerManagerV2( 2521): [End]Impl-freeScanner
03-10 17:31:25.052 D/VirusScanService( 2521): mVirusList = []
03-10 17:31:25.052 D/VirusScanService( 2521): mVirusList.size = 0 ,mServerHandler = Handler (com.iqoo.secure.service.cq) {867dbea}
03-10 17:31:25.052 I/VirusScanService( 2521): ::::++++  type is : 0 ; path is : /data/local/tmp/settings_apk-debug.apk ;; des is : null
03-10 17:31:25.052 D/SecureProvider( 2521): caller uid: 10055 context: com.iqoo.secure.AppFeature@11e6b93e
03-10 17:31:25.052 I/VivoADBInstallDialog( 1403): virusDes is : null ; virusType is : 0
03-10 17:31:25.052 I/VivoADBInstallDialog( 1403): hasWarned is : true
03-10 17:31:25.052 I/VivoADBInstallDialog( 1403): get sPackagePath is : /data/local/tmp/settings_apk-debug.apk
03-10 17:31:25.052 I/VivoADBInstallDialog( 1403): virus dialog is disable , virusType: 0 ,dismiss = false
03-10 17:31:25.052 D/SecureProvider( 2521): isValidCaller----pkgName: com.iqoo.secure valid: true
03-10 17:31:25.432 I/ServiceManager(15891): Waiting for service AtCmdFwd...
03-10 17:31:25.952 I/SurfaceFlinger(  437): FPS: 60
03-10 17:31:26.432 W/Atfwd_Sendcmd(15891): AtCmdFwd service not published, waiting... retryCnt : 5
03-10 17:31:26.502 I/VivoNetworkController( 2235): SystemUI|mWifiEnabled && mWifiConnected = true
03-10 17:31:26.952 I/SurfaceFlinger(  437): FPS: 60
03-10 17:31:27.722 I/SocketReaderNew( 8602): SocketReader(189) continue
03-10 17:31:27.722 D/MSF.C.NetConnTag( 8602): MsfCoreSocketReaderNew closeConn readError
03-10 17:31:27.722 D/MSF.C.NetConnTag( 8602): conn is already closed on readError
03-10 17:31:27.722 W/System.err( 8602): java.net.SocketException: Socket is closed
03-10 17:31:27.722 W/System.err( 8602): 	at java.net.Socket.checkOpenAndCreate(Socket.java:665)
03-10 17:31:27.722 W/System.err( 8602): 	at java.net.Socket.getSoTimeout(Socket.java:457)
03-10 17:31:27.722 W/System.err( 8602): 	at com.tencent.qphone.base.util.MsfSocketInputBuffer.isDataAvailable(MsfSocketInputBuffer.java:71)
03-10 17:31:27.722 W/System.err( 8602): 	at com.tencent.mobileqq.msf.core.net.l$b.run(SocketEngine.java:491)
03-10 17:31:27.722 I/SocketReaderNew( 8602): SocketReader(189) wait
03-10 17:31:27.962 I/SurfaceFlinger(  437): FPS: 60
03-10 17:31:28.972 I/SurfaceFlinger(  437): FPS: 60
03-10 17:31:29.952 I/MSM-irqbalance(  799): Decided to move IRQ215 from CPU0 to CPU1
03-10 17:31:29.972 I/SurfaceFlinger(  437): FPS: 60
03-10 17:31:30.982 I/SurfaceFlinger(  437): FPS: 60
03-10 17:31:31.992 I/SurfaceFlinger(  437): FPS: 60
03-10 17:31:32.822 W/ActivityManager( 1403): getRunningAppProcesses: caller 10020 does not hold REAL_GET_TASKS; limiting output
03-10 17:31:33.002 I/SurfaceFlinger(  437): FPS: 60
03-10 17:31:34.012 I/SurfaceFlinger(  437): FPS: 60
03-10 17:31:34.522 D/PUSH_SDK_JNI(16558): [lsh] PushLinkMgr::_send, size= 61
03-10 17:31:34.522 D/PUSH_SDK_JNI(16558): ReqResendMgr::__onResendReq key/remainTime/timeLag/resendTimes sendFetchPushMsg 40000 40000 1
03-10 17:31:34.952 I/MSM-irqbalance(  799): Decided to move IRQ128 from CPU0 to CPU1
03-10 17:31:35.022 I/SurfaceFlinger(  437): FPS: 60
03-10 17:31:35.522 I/VivoNetworkController( 2235): SystemUI|mWifiEnabled && mWifiConnected = true
03-10 17:31:36.022 I/SurfaceFlinger(  437): FPS: 60
03-10 17:31:36.522 I/VivoNetworkController( 2235): SystemUI|mWifiEnabled && mWifiConnected = true
03-10 17:31:37.032 I/SurfaceFlinger(  437): FPS: 60
03-10 17:31:38.042 I/SurfaceFlinger(  437): FPS: 60
03-10 17:31:38.292 I/VivoADBInstallDialog( 1403): getRomVersionHigher25 is : 3.1
03-10 17:31:38.292 I/VivoADBInstallDialog( 1403): bActionExist is : true
03-10 17:31:38.302 I/art     (17365): System.exit called, status: 1
03-10 17:31:38.302 I/AndroidRuntime(17365): VM exiting with result code 1.
03-10 17:31:38.302 D/manager disable: < ( 1403): BEGIN disableLocked(0, 0, android.os.Binder@141955c, Window{21a5ec14 u0 com.bbk.launcher2/com.bbk.launcher2.Launcher})
03-10 17:31:38.302 I/StatusBarColorManager( 2235): SystemUI|notifyStatusBarColorInfo: iconColor = -1, bgColor = 0, isLauncher = true, isKeyguardShowing= false, isKeyguardFadingAway= false
03-10 17:31:38.312 D/Launcher( 2800): onWindowFocusChanged ,  hasFocus = true
03-10 17:31:38.312 D/InputMethodManagerService( 1403): windowGainedFocus isPasswordInputType:false
03-10 17:31:38.642 I/StatusBarColorManager( 2235): SystemUI|notifyStatusBarColorInfo: iconColor = -1, bgColor = 0, isLauncher = true, isKeyguardShowing= false, isKeyguardFadingAway= false
03-10 17:31:38.642 I/StatusBarColorManager( 2235): SystemUI|notifyStatusBarColorInfo: iconColor = -1, bgColor = 0, isLauncher = true, isKeyguardShowing= false, isKeyguardFadingAway= false
03-10 17:31:38.992 I/VivoADBInstallDialog( 1403): dismiss !!!!!!!!! 
03-10 17:31:38.992 I/VirusScanService( 2521): calling onUnbind method !!!
03-10 17:31:38.992 I/VirusScanService( 2521): calling onDestroy method !!!
03-10 17:31:39.002 I/DaemonService( 3001): DataUsageService pid = 2521
03-10 17:31:39.002 I/DaemonService( 3001): DataUsageService pid = 2521
03-10 17:31:39.042 I/SurfaceFlinger(  437): FPS: 60
03-10 17:31:39.132 D/AndroidRuntime(17403): >>>>>> START com.android.internal.os.RuntimeInit uid 2000 <<<<<<
03-10 17:31:39.132 D/AndroidRuntime(17403): CheckJNI is OFF
03-10 17:31:39.442 D/AndroidRuntime(17403): Calling main entry com.android.commands.am.Am
03-10 17:31:39.452 V/ActivityManager( 1403): Starting activity when config will change = false
03-10 17:31:39.452 I/ActivityManager( 1403): START u0 {act=android.intent.action.MAIN cat=[android.intent.category.LAUNCHER] flg=0x10200000 cmp=io.appium.settings/.Settings} from uid 2000 on display 0
03-10 17:31:39.452 D/AndroidRuntime(17403): Shutting down VM
03-10 17:31:39.662 W/art     (17403): unexpectedly found a contender on mutex Task processor lock
03-10 17:31:39.662 W/art     (17403): ConditionVariable::~ConditionVariable for Task processor condition called with 1 waiters.
03-10 17:31:39.952 I/MSM-irqbalance(  799): Decided to move IRQ216 from CPU0 to CPU1
03-10 17:31:39.962 D/AndroidRuntime(17420): >>>>>> START com.android.internal.os.RuntimeInit uid 2000 <<<<<<
03-10 17:31:39.962 D/AndroidRuntime(17420): CheckJNI is OFF
03-10 17:31:40.052 I/SurfaceFlinger(  437): FPS: 60
03-10 17:31:40.232 D/AndroidRuntime(17420): Calling main entry com.android.commands.settings.SettingsCmd
03-10 17:31:40.252 D/AndroidRuntime(17420): Shutting down VM
03-10 17:31:40.462 W/art     (17420): unexpectedly found a contender on mutex Task processor lock
03-10 17:31:40.462 W/art     (17420): ConditionVariable::~ConditionVariable for Task processor condition called with 1 waiters.
03-10 17:31:40.742 D/AndroidRuntime(17436): >>>>>> START com.android.internal.os.RuntimeInit uid 2000 <<<<<<
03-10 17:31:40.742 D/AndroidRuntime(17436): CheckJNI is OFF
03-10 17:31:41.032 D/AndroidRuntime(17436): Calling main entry com.android.commands.pm.Pm
03-10 17:31:41.062 I/SurfaceFlinger(  437): FPS: 60
03-10 17:31:41.072 I/art     (17436): System.exit called, status: 0
03-10 17:31:41.072 I/AndroidRuntime(17436): VM exiting with result code 0.
03-10 17:31:41.302 D/AndroidRuntime(17456): >>>>>> START com.android.internal.os.RuntimeInit uid 2000 <<<<<<
03-10 17:31:41.302 D/AndroidRuntime(17456): CheckJNI is OFF
03-10 17:31:41.652 D/AndroidRuntime(17456): Calling main entry com.android.commands.pm.Pm
03-10 17:31:41.662 I/PackageManager( 1403): ++++ availInternalSize is : 102052 MB, mCriticalLowMemorySize: 600 originPath:/data/local/tmp/unlock_apk-debug.apk installFlags:64
03-10 17:31:41.672 I/VivoADBInstallDialog( 1403): packagePath is : /data/local/tmp/unlock_apk-debug.apk
03-10 17:31:41.682 I/VivoADBInstallDialog( 1403): sPackagePath is : /data/local/tmp/unlock_apk-debug.apk
03-10 17:31:41.682 I/PackageManager( 1403):  packageName:io.appium.unlock appName:Unlock isNotAllowUnknownSource:false warnResult:2
03-10 17:31:41.682 W/Settings( 1403): Setting install_non_market_apps has moved from android.provider.Settings.Global to android.provider.Settings.Secure, returning read-only value.
03-10 17:31:41.682 D/PhoneWindow( 1403): DEBUG_SYSTEMUI:vivo statusbar style 
03-10 17:31:41.682 D/PhoneWindow( 1403): DEBUG_SYSTEMUI:windowDrawsFlag set
03-10 17:31:41.682 D/PhoneWindow( 1403): DEBUG_SYSTEMUI:IconColor=-1
03-10 17:31:41.682 D/PhoneWindow( 1403): DEBUG_SYSTEMUI:StatusBarColor final set ffededed
03-10 17:31:41.682 D/TitleView( 1403): insertViewInfo Count : 1
03-10 17:31:41.682 D/TitleView( 1403): insertViewInfo Count : 1
03-10 17:31:41.702 I/VivoADBInstallDialog( 1403): getRomVersionHigher25 is : 3.1
03-10 17:31:41.702 I/VivoADBInstallDialog( 1403): bActionExist is : true
03-10 17:31:41.702 D/VivoADBInstallDialog( 1403): overseas: no
03-10 17:31:41.712 D/VivoTheme( 1403): load old package name start
03-10 17:31:41.712 D/VivoTheme( 1403): load old package name start
03-10 17:31:41.712 D/VivoTheme( 1403): load old package name start
03-10 17:31:41.712 I/ViewRootImpl( 1403): CPU Rendering VSync enable = true
03-10 17:31:41.712 I/FloatWindowManagerService( 2521): get action is : vivo.intent.action.CHECK_ALERT_WINDOW
03-10 17:31:41.712 D/manager disable: < ( 1403): BEGIN disableLocked(0, 0, android.os.Binder@141955c, Window{190aba07 u0 android})
03-10 17:31:41.712 I/VivoADBInstallDialog( 1403): getRomVersionHigher25 is : 3.1
03-10 17:31:41.712 I/VivoADBInstallDialog( 1403): bActionExist is : true
03-10 17:31:41.712 I/VivoADBInstallDialog( 1403): get sPackagePath is : /data/local/tmp/unlock_apk-debug.apk
03-10 17:31:41.712 I/VivoADBInstallDialog( 1403): run is : com.android.server.am.ActivityManagerService@23406b31
03-10 17:31:41.712 W/ContextImpl( 1403): Calling a method in the system process without a qualified user: android.app.ContextImpl.bindService:1802 com.android.server.pm.VivoADBInstallDialog$4.run:227 <bottom of call stack> <bottom of call stack> <bottom of call stack> 
03-10 17:31:41.722 I/FloatWindowManagerService( 2521): get top = com.bbk.launcher2
03-10 17:31:41.722 I/VirusScanService( 2521): calling onBind method !!!
03-10 17:31:41.722 I/DaemonService( 3001): DataUsageService pid = 2521
03-10 17:31:41.742 D/manager disable: < ( 1403): BEGIN disableLocked(0, 0, android.os.Binder@141955c, Window{190aba07 u0 android})
03-10 17:31:41.742 I/StatusBarColorManager( 2235): SystemUI|notifyStatusBarColorInfo: iconColor = -1, bgColor = 0, isLauncher = true, isKeyguardShowing= false, isKeyguardFadingAway= false
03-10 17:31:41.752 I/StatusBarColorManager( 2235): SystemUI|notifyStatusBarColorInfo: iconColor = -1, bgColor = 0, isLauncher = true, isKeyguardShowing= false, isKeyguardFadingAway= false
03-10 17:31:41.752 V/ResourcesManager( 1403): Skipping new config: curSeq=17, newSeq=17
03-10 17:31:41.752 I/OpenGLRenderer( 1403): Initialized EGL, version 1.4
03-10 17:31:41.762 D/InputMethodManagerService( 1403): windowGainedFocus isPasswordInputType:false
03-10 17:31:41.762 I/VivoADBInstallDialog( 1403): onServiceConnected !!!!!!!!! 
03-10 17:31:41.762 D/InputMethodManagerService( 1403): startInput isPasswordInputType:false
03-10 17:31:41.762 I/VivoADBInstallDialog( 1403): get sPackagePath is : /data/local/tmp/unlock_apk-debug.apk
03-10 17:31:41.762 W/InputMethodManagerService( 1403): Starting input on non-focused client com.android.internal.view.IInputMethodClient$Stub$Proxy@14870b4e (uid=10027 pid=2800)
03-10 17:31:41.762 I/VivoADBInstallDialog( 1403): scanning file path is : /data/local/tmp/unlock_apk-debug.apk
03-10 17:31:41.762 W/InputMethodManager( 2800): startInputInner : InputBindResult == null
03-10 17:31:41.762 I/VirusScanService( 2521): dealing with message WHAT_ON_FROM_CLIENT !
03-10 17:31:41.762 I/StatusBarColorManager( 2235): SystemUI|notifyStatusBarColorInfo: iconColor = -1, bgColor = 0, isLauncher = true, isKeyguardShowing= false, isKeyguardFadingAway= false
03-10 17:31:41.772 D/PrefManager( 2521): get prefName=systemValues,key = key_virus_apks_cache_switch,value=true
03-10 17:31:41.772 W/System.err( 2521): android.content.pm.PackageManager$NameNotFoundException: io.appium.unlock
03-10 17:31:41.772 W/System.err( 2521): 	at android.app.ApplicationPackageManager.getPackageInfo(ApplicationPackageManager.java:119)
03-10 17:31:41.772 W/System.err( 2521): 	at com.iqoo.secure.utils.h.ac(ScanUtil.java:173)
03-10 17:31:41.772 W/System.err( 2521): 	at com.iqoo.secure.utils.h.c(ScanUtil.java:415)
03-10 17:31:41.772 W/System.err( 2521): 	at com.iqoo.secure.tmssdk.a.a.i.fP(ScanResultDao.java:286)
03-10 17:31:41.772 W/System.err( 2521): 	at com.iqoo.secure.virusengine.manager.ae.e(VirusEngineManager.java:289)
03-10 17:31:41.772 W/System.err( 2521): 	at com.iqoo.secure.virusengine.manager.ae.b(VirusEngineManager.java:247)
03-10 17:31:41.772 W/System.err( 2521): 	at com.iqoo.secure.service.cq.handleMessage(VirusScanService.java:246)
03-10 17:31:41.772 W/System.err( 2521): 	at android.os.Handler.dispatchMessage(Handler.java:102)
03-10 17:31:41.772 W/System.err( 2521): 	at android.os.Looper.loop(Looper.java:135)
03-10 17:31:41.772 W/System.err( 2521): 	at android.os.HandlerThread.run(HandlerThread.java:61)
03-10 17:31:41.772 D/ScanUtil( 2521):  package not exists !!!
03-10 17:31:41.772 D/SecureProvider( 2521): caller uid: 10055 context: com.iqoo.secure.AppFeature@11e6b93e
03-10 17:31:41.772 D/SecureProvider( 2521): isValidCaller----pkgName: com.iqoo.secure valid: true
03-10 17:31:41.782 D/QScannerManagerV2( 2521): Impl-onCreate
03-10 17:31:41.792 D/QScannerManagerV2( 2521): CHS--[/data/user/0/com.iqoo.secure/files/70001.amf]
03-10 17:31:41.792 V/QScannerManagerV2( 2521): initScanner
03-10 17:31:41.792 D/QScannerManagerV2( 2521): initScanner-mCacheManager:[null]mCertChecker[nullmAmScanner[null]
03-10 17:31:41.792 D/QScannerManagerV2-QScanCacheManager( 2521): QScanCacheManager::nLang:[1]amfFilePath[/data/user/0/com.iqoo.secure/files/70001.amf]
03-10 17:31:41.812 W/IInputConnectionWrapper( 1403): showStatusIcon on inactive InputConnection
03-10 17:31:41.812 V/ResourcesManager( 1403): Skipping new config: curSeq=17, newSeq=17
03-10 17:31:41.812 I/StatusBarColorManager( 2235): SystemUI|notifyStatusBarColorInfo: iconColor = -1, bgColor = 0, isLauncher = true, isKeyguardShowing= false, isKeyguardFadingAway= false
03-10 17:31:41.812 D/Launcher( 2800): onWindowFocusChanged ,  hasFocus = false
03-10 17:31:41.822 I/StatusBarColorManager( 2235): SystemUI|notifyStatusBarColorInfo: iconColor = -1, bgColor = 0, isLauncher = true, isKeyguardShowing= false, isKeyguardFadingAway= false
03-10 17:31:41.922 I/AmScannerStatic( 2521): load ams, object = 367390261200
03-10 17:31:42.062 I/SurfaceFlinger(  437): FPS: 60
03-10 17:31:42.072 V/QScannerManagerV2( 2521): Impl--scanSelectedPackagesOrApks
03-10 17:31:42.072 D/QScannerManagerV2( 2521): [Beg]scanSelectedPackagesOrApks-size:[1]bCloudScan[true]bPackages[false]
03-10 17:31:42.072 D/QScannerManagerV2( 2521): onScanStarted-type:[1]
03-10 17:31:42.072 D/QScannerManagerV2( 2521): nativeScan-[Beg]loadAppSimpleInfo
03-10 17:31:42.072 D/QScannerManagerV2( 2521): nativeScan-[End]loadAppSimpleInfo
03-10 17:31:42.072 D/QScannerManagerV2( 2521): getCache
03-10 17:31:42.072 D/QScannerManagerV2( 2521): loadAppDetailInfo
03-10 17:31:42.072 D/QScannerManagerV2( 2521): [Beg]scanApk
03-10 17:31:42.082 W/linker  ( 2521): /data/app/com.iqoo.secure-2/lib/arm64/libavlm.so: unused DT entry: type 0x6ffffffe arg 0x23e8
03-10 17:31:42.082 W/linker  ( 2521): /data/app/com.iqoo.secure-2/lib/arm64/libavlm.so: unused DT entry: type 0x6fffffff arg 0x3
03-10 17:31:42.082 D/QScannerManagerV2( 2521): [End]scanApk
03-10 17:31:42.082 D/QScannerManagerV2( 2521): putCache
03-10 17:31:42.092 D/QScannerManagerV2( 2521): cloudScan
03-10 17:31:42.092 D/QScannerManagerV2( 2521): onScanStarted-QScanConstants.SCAN_CLOUD
03-10 17:31:42.092 I/VirusEngine( 2521): TX >>> post delay message !
03-10 17:31:42.092 I/QQPimSecure( 2521): wup request: 20
03-10 17:31:42.092 D/HttpConnection( 2521):  couldNotConnect()
03-10 17:31:42.092 D/HttpConnection( 2521):  couldNotConnect() diff: -1520674302104
03-10 17:31:42.092 D/HttpConnection( 2521):  couldNotConnect() false
03-10 17:31:42.122 I/HttpConnection( 2521): initConnection() openTimeMillis: 1
03-10 17:31:42.122 D/HttpConnection( 2521):  couldNotConnect()
03-10 17:31:42.122 D/HttpConnection( 2521):  couldNotConnect() diff: -1520674302131
03-10 17:31:42.122 D/HttpConnection( 2521):  couldNotConnect() false
03-10 17:31:42.122 D/sendRequest( 2521):  sendRequest() couldNotConnect:false
03-10 17:31:42.132 I/HttpConnection( 2521): sendRequest() connectTimeMillis: 7
03-10 17:31:42.152 I/StatusBarColorManager( 2235): SystemUI|notifyStatusBarColorInfo: iconColor = -1, bgColor = 0, isLauncher = true, isKeyguardShowing= false, isKeyguardFadingAway= false
03-10 17:31:42.202 D/HttpConnection( 2521): HttpUrlConn.getResponseCode : 200
03-10 17:31:42.202 D/LicMan  ( 2521): strTimeSec=AAAAgKxhNUP4t2rXzgBjL1oDzvpAtscdhqY3nGSCnLhr5eT3devq8YuVGz7wJ8Iv
03-10 17:31:42.202 D/LicMan  ( 2521): e2IrhJzeyeCH7JyCB+fcMP9VisCOvslmIEJJ5vjdw6VVnGx36Zy+29AguJbml/hP
03-10 17:31:42.202 D/LicMan  ( 2521): l3rWrZ32FMzU6og7nMvn//Q1ABN5SV23n9LDqowOl1obIhsruNYA7aGQcRODN9n3
03-10 17:31:42.202 D/LicMan  ( 2521): JX+6mQ==
03-10 17:31:42.212 D/LicMan  ( 2521): expirySeconds=2233324800(2040-9-9) expired=false
03-10 17:31:42.212 D/QScannerManagerV2( 2521): getVirusBaseIntVersion-amfFilePath:[/data/user/0/com.iqoo.secure/files/70001.amf]
03-10 17:31:42.222 D/QScanInternalUtils( 2521): dex-sha1=5o/C8Z8w6M5s0vCqLW9Ge58byKo=
03-10 17:31:42.222 I/QQPimSecure( 2521): wup request: 6
03-10 17:31:42.222 D/QScannerManagerV2( 2521): getAnalyseInfo-size:[1]
03-10 17:31:42.222 D/HttpConnection( 2521):  couldNotConnect()
03-10 17:31:42.222 D/HttpConnection( 2521):  couldNotConnect() diff: -1520674302234
03-10 17:31:42.222 D/HttpConnection( 2521):  couldNotConnect() false
03-10 17:31:42.242 I/HttpConnection( 2521): initConnection() openTimeMillis: 1
03-10 17:31:42.242 D/HttpConnection( 2521):  couldNotConnect()
03-10 17:31:42.242 D/HttpConnection( 2521):  couldNotConnect() diff: -1520674302247
03-10 17:31:42.242 D/HttpConnection( 2521):  couldNotConnect() false
03-10 17:31:42.242 D/sendRequest( 2521):  sendRequest() couldNotConnect:false
03-10 17:31:42.252 I/HttpConnection( 2521): sendRequest() connectTimeMillis: 11
03-10 17:31:42.362 D/HttpConnection( 2521): HttpUrlConn.getResponseCode : 200
03-10 17:31:42.362 I/QScannerManagerV2( 2521): cloudAnalyse: io.appium.unlock, category: 0 - 0
03-10 17:31:42.362 D/QScannerManagerV2( 2521): onScanFinished-type[1]size:[0]
03-10 17:31:42.362 D/QScannerManagerV2( 2521): [End]scanSelectedPackagesOrApks
03-10 17:31:42.362 V/QScannerManagerV2( 2521): freeScanner
03-10 17:31:42.362 D/QScannerManagerV2( 2521): [Beg]Impl-freeScanner
03-10 17:31:42.362 D/QScannerManagerV2( 2521): QScanCacheManager exit
03-10 17:31:42.362 D/QScannerManagerV2-QScanCacheManager( 2521): exit
03-10 17:31:42.362 D/QScannerManagerV2( 2521): AmScannerStatic finalize
03-10 17:31:42.402 D/QScannerManagerV2( 2521): CertCheckerV2 unregisterObserver
03-10 17:31:42.402 D/QScannerManagerV2( 2521): [End]Impl-freeScanner
03-10 17:31:42.482 D/VirusScanService( 2521): mVirusList = []
