03-10 17:31:42.482 D/VirusScanService( 2521): mVirusList.size = 0 ,mServerHandler = Handler (com.iqoo.secure.service.cq) {31a781f9}
03-10 17:31:42.482 I/VirusScanService( 2521): ::::++++  type is : 0 ; path is : /data/local/tmp/unlock_apk-debug.apk ;; des is : null
03-10 17:31:42.482 I/VivoADBInstallDialog( 1403): virusDes is : null ; virusType is : 0
03-10 17:31:42.482 D/SecureProvider( 2521): caller uid: 10055 context: com.iqoo.secure.AppFeature@11e6b93e
03-10 17:31:42.482 I/VivoADBInstallDialog( 1403): hasWarned is : true
03-10 17:31:42.482 I/VivoADBInstallDialog( 1403): get sPackagePath is : /data/local/tmp/unlock_apk-debug.apk
03-10 17:31:42.482 I/VivoADBInstallDialog( 1403): virus dialog is disable , virusType: 0 ,dismiss = false
03-10 17:31:42.482 D/SecureProvider( 2521): isValidCaller----pkgName: com.iqoo.secure valid: true
03-10 17:31:42.532 I/VivoNetworkController( 2235): SystemUI|mWifiEnabled && mWifiConnected = true
03-10 17:31:43.072 I/SurfaceFlinger(  437): FPS: 60
03-10 17:31:43.542 I/VivoNetworkController( 2235): SystemUI|mWifiEnabled && mWifiConnected = true
03-10 17:31:44.082 I/SurfaceFlinger(  437): FPS: 60
03-10 17:31:45.092 I/SurfaceFlinger(  437): FPS: 60
03-10 17:31:45.542 I/VivoNetworkController( 2235): SystemUI|mWifiEnabled && mWifiConnected = true
03-10 17:31:46.102 I/SurfaceFlinger(  437): FPS: 60
03-10 17:31:46.552 I/VivoNetworkController( 2235): SystemUI|mWifiEnabled && mWifiConnected = true
03-10 17:31:47.112 I/SurfaceFlinger(  437): FPS: 60
03-10 17:31:48.112 I/SurfaceFlinger(  437): FPS: 60
03-10 17:31:48.902 W/ActivityManager( 1403): getRunningAppProcesses: caller 10118 does not hold REAL_GET_TASKS; limiting output
03-10 17:31:49.122 I/SurfaceFlinger(  437): FPS: 60
03-10 17:31:50.132 I/SurfaceFlinger(  437): FPS: 60
03-10 17:31:50.962 D/vivo_daemon:AnpDaemon(  404): start query abnormal logcat
03-10 17:31:51.032 D/vivo_daemon:AnpDaemon(  404): finish query abnormal logcat
03-10 17:31:51.142 I/SurfaceFlinger(  437): FPS: 60
03-10 17:31:51.432 I/Atfwd_Sendcmd(15891): AtCmdFwd service not ready - Exhausted retry attempts - :6
03-10 17:31:51.432 I/Atfwd_Daemon(15891): result : -1 	 ,Init step :2 	 ,qmiErrorCode: 0
03-10 17:31:52.142 I/SurfaceFlinger(  437): FPS: 60
03-10 17:31:52.562 I/VivoNetworkController( 2235): SystemUI|mWifiEnabled && mWifiConnected = true
03-10 17:31:53.152 I/SurfaceFlinger(  437): FPS: 60
03-10 17:31:53.322 I/accs.InAppConnumeng:587f43f007fe6510370003f9(16496):  mTryStartServiceRunable bindapp
03-10 17:31:53.332 V/AlarmAlign( 1403): checkSet SCREEN_ON, type = 2, when = 22760847
03-10 17:31:53.332 V/AlarmAlign( 1403): setLocked to kernel, type = 2, when = 22760847, curTime = 22696575
03-10 17:31:53.332 V/AlarmAlign( 1403): checkSet SCREEN_ON, type = 3, when = 22703235
03-10 17:31:53.332 V/AlarmAlign( 1403): setLocked to kernel, type = 3, when = 22703235, curTime = 22696575
03-10 17:31:53.332 V/AlarmAlign( 1403): triggerAlarm v at 22696575, size=3, hasWakeup=true, mWake_Set=true, mNextWakeup=22760847, mNextNonWakeup=22703235, mBatch.end=25417885, why=4
03-10 17:31:53.362 V/AlarmAlign( 1403): remove pkg = com.vivo.abe, action = com.vivo.messagecenter.upload_data_alarm
03-10 17:31:53.372 I/ExtraAlarmManager( 1403): type: 1 Type: 1
03-10 17:31:53.382 D/LocationManagerService( 1403): request 3c2a8f91 network Request[POWER_LOW network requested=0 fastest=0] from com.vivo.abe(1000) pid 5441
03-10 17:31:53.382 D/SettingsProvider( 1403): lookupValue table secure cache contains Key location_providers_allowed , value = Bundle[{value=}]
03-10 17:31:53.572 I/VivoNetworkController( 2235): SystemUI|mWifiEnabled && mWifiConnected = true
03-10 17:31:54.062 W/ActivityManager( 1403): getRunningAppProcesses: caller 10258 does not hold REAL_GET_TASKS; limiting output
03-10 17:31:54.122 I/PushSrv (16558): sending request with id = 2
03-10 17:31:54.162 I/SurfaceFlinger(  437): FPS: 60
03-10 17:31:54.172 D/PUSH_SDK_JNI(16558): PushReqHandler::send ping, monotonic time = 3670382
03-10 17:31:54.172 D/PUSH_SDK_JNI(16558): [lsh] PushLinkMgr::_send, size= 14
03-10 17:31:54.272 D/PUSH_SDK_JNI(16558): PushHandler::onPong, rtt = 101
03-10 17:31:54.572 I/VivoNetworkController( 2235): SystemUI|mWifiEnabled && mWifiConnected = true
03-10 17:31:55.172 I/SurfaceFlinger(  437): FPS: 60
03-10 17:31:55.722 I/VivoADBInstallDialog( 1403): getRomVersionHigher25 is : 3.1
03-10 17:31:55.722 I/VivoADBInstallDialog( 1403): bActionExist is : true
03-10 17:31:55.732 I/art     (17456): System.exit called, status: 1
03-10 17:31:55.732 I/AndroidRuntime(17456): VM exiting with result code 1.
03-10 17:31:55.742 D/manager disable: < ( 1403): BEGIN disableLocked(0, 0, android.os.Binder@141955c, Window{21a5ec14 u0 com.bbk.launcher2/com.bbk.launcher2.Launcher})
03-10 17:31:55.742 I/StatusBarColorManager( 2235): SystemUI|notifyStatusBarColorInfo: iconColor = -1, bgColor = 0, isLauncher = true, isKeyguardShowing= false, isKeyguardFadingAway= false
03-10 17:31:55.752 D/Launcher( 2800): onWindowFocusChanged ,  hasFocus = true
03-10 17:31:55.752 D/InputMethodManagerService( 1403): windowGainedFocus isPasswordInputType:false
03-10 17:31:56.092 I/StatusBarColorManager( 2235): SystemUI|notifyStatusBarColorInfo: iconColor = -1, bgColor = 0, isLauncher = true, isKeyguardShowing= false, isKeyguardFadingAway= false
03-10 17:31:56.092 I/StatusBarColorManager( 2235): SystemUI|notifyStatusBarColorInfo: iconColor = -1, bgColor = 0, isLauncher = true, isKeyguardShowing= false, isKeyguardFadingAway= false
03-10 17:31:56.142 D/AndroidRuntime(17492): >>>>>> START com.android.internal.os.RuntimeInit uid 2000 <<<<<<
03-10 17:31:56.142 D/AndroidRuntime(17492): CheckJNI is OFF
03-10 17:31:56.172 I/SurfaceFlinger(  437): FPS: 59
03-10 17:31:56.422 I/VivoADBInstallDialog( 1403): dismiss !!!!!!!!! 
03-10 17:31:56.432 I/VirusScanService( 2521): calling onUnbind method !!!
03-10 17:31:56.432 I/VirusScanService( 2521): calling onDestroy method !!!
03-10 17:31:56.432 I/DaemonService( 3001): DataUsageService pid = 2521
03-10 17:31:56.432 I/DaemonService( 3001): DataUsageService pid = 2521
03-10 17:31:56.452 D/AndroidRuntime(17492): Calling main entry com.android.commands.wm.Wm
03-10 17:31:56.462 D/AndroidRuntime(17492): Shutting down VM
03-10 17:31:56.582 I/VivoNetworkController( 2235): SystemUI|mWifiEnabled && mWifiConnected = true
03-10 17:31:56.672 W/art     (17492): unexpectedly found a contender on mutex Task processor lock
03-10 17:31:56.672 W/art     (17492): ConditionVariable::~ConditionVariable for Task processor condition called with 1 waiters.
03-10 17:31:57.182 I/SurfaceFlinger(  437): FPS: 60
03-10 17:31:57.262 D/AndroidRuntime(17512): >>>>>> START com.android.internal.os.RuntimeInit uid 2000 <<<<<<
03-10 17:31:57.262 D/AndroidRuntime(17512): CheckJNI is OFF
03-10 17:31:57.592 D/AndroidRuntime(17512): Calling main entry com.android.commands.am.Am
03-10 17:31:57.592 I/ActivityManager( 1403): Force stopping test.joko.com.myapplication appid=10122 user=0: from pid 17512
03-10 17:31:57.592 I/ActivityManager( 1403): Killing 17137:test.joko.com.myapplication/u0a122 (adj 9): stop test.joko.com.myapplication
03-10 17:31:57.702 D/ActivityManager( 1403): cleanUpApplicationRecord -- 17137
03-10 17:31:57.702 I/FloatWindowManagerService( 2521): get died  is : 17137 ; id is : 10122
03-10 17:31:57.702 D/NailDaemonService( 2545): process died pid : 17137 mVivoNailPid: 3319
03-10 17:31:57.702 D/ScreenBrightnessModeRestore( 1403): pakage name is test.joko.com.myapplicationwith :10122
03-10 17:31:57.702 D/ScreenBrightnessModeRestore( 1403):  onProcessDiedInner, pid = 17137 , mCurrentForceGroundPid = 2800 mAppName: test.joko.com.myapplication mWaitToRestore=false
03-10 17:31:57.702 D/ScreenBrightnessModeRestore( 1403): mRunnable try to restore, mLastScreenBrightness: 255 mWaitToRestoreBrightness: false mWaitToRestoreMode: false mLastScreenMode: 1
03-10 17:31:57.712 W/ActivityManager( 1403): Spurious death for ProcessRecord{1dd793cd 0:test.joko.com.myapplication/u0a122}, curProc for 17137: null
03-10 17:31:57.712 V/ActivityManager( 1403): Ensuring correct configuration: ActivityRecord{35663fe3 u0 com.bbk.launcher2/.Launcher t324}
03-10 17:31:57.712 V/ActivityManager( 1403): Configuration unchanged in ActivityRecord{35663fe3 u0 com.bbk.launcher2/.Launcher t324}
03-10 17:31:57.712 D/AndroidRuntime(17512): Shutting down VM
03-10 17:31:57.712 V/AlarmAlign( 1403): remove packageName = test.joko.com.myapplication
03-10 17:31:57.712 I/UpSlideUpdateMonitor( 2235): SystemUI|UpSlideUPdateMonitor, onReceive, action = android.intent.action.PACKAGE_RESTARTED
03-10 17:31:57.712 I/FloatWindowManagerService( 2521): get top = com.bbk.launcher2
03-10 17:31:57.712 I/FloatWindowManagerService( 2521): die is : test.joko.com.myapplication ; fore is : com.bbk.launcher2
03-10 17:31:57.712 I/RecentHelper( 2235): SystemUI|Launcher packageName =com.bbk.launcher2
03-10 17:31:57.712 I/RecentHelper( 2235): SystemUI|Launcher packageName =com.bbk.scene.launcher.theme
03-10 17:31:57.712 I/RecentHelper( 2235): SystemUI|Launcher packageName =com.bbk.scene.tech
03-10 17:31:57.712 V/VivoDaemon-CrontabReceiver( 2545): CrontabReceiver action = android.intent.action.PACKAGE_RESTARTED
03-10 17:31:57.722 I/SocketReaderNew( 8602): SocketReader(189) continue
03-10 17:31:57.722 D/MSF.C.NetConnTag( 8602): MsfCoreSocketReaderNew closeConn readError
03-10 17:31:57.722 D/MSF.C.NetConnTag( 8602): conn is already closed on readError
03-10 17:31:57.722 W/System.err( 8602): java.net.SocketException: Socket is closed
03-10 17:31:57.732 W/System.err( 8602): 	at java.net.Socket.checkOpenAndCreate(Socket.java:665)
03-10 17:31:57.732 W/System.err( 8602): 	at java.net.Socket.getSoTimeout(Socket.java:457)
03-10 17:31:57.732 W/System.err( 8602): 	at com.tencent.qphone.base.util.MsfSocketInputBuffer.isDataAvailable(MsfSocketInputBuffer.java:71)
03-10 17:31:57.732 W/System.err( 8602): 	at com.tencent.mobileqq.msf.core.net.l$b.run(SocketEngine.java:491)
03-10 17:31:57.732 I/SocketReaderNew( 8602): SocketReader(189) wait
03-10 17:31:57.922 W/art     (17512): unexpectedly found a contender on mutex Task processor lock
03-10 17:31:57.922 W/art     (17512): ConditionVariable::~ConditionVariable for Task processor condition called with 1 waiters.
03-10 17:31:58.192 I/SurfaceFlinger(  437): FPS: 60
03-10 17:31:58.202 D/AndroidRuntime(17529): >>>>>> START com.android.internal.os.RuntimeInit uid 2000 <<<<<<
03-10 17:31:58.202 D/AndroidRuntime(17529): CheckJNI is OFF
03-10 17:31:58.482 D/AndroidRuntime(17529): Calling main entry com.android.commands.pm.Pm
03-10 17:31:58.492 I/ActivityManager( 1403): Force stopping test.joko.com.myapplication appid=10122 user=0: clear data
03-10 17:31:58.492 E/AppOpsSmartShowFuncsImpl( 1403): getRealUserId userId=0
03-10 17:31:58.492 E/AppOpsSmartShowFuncsImpl( 1403): isOrigUserId userId=0
03-10 17:31:58.492 V/ActivityManager( 1403): Ensuring correct configuration: ActivityRecord{35663fe3 u0 com.bbk.launcher2/.Launcher t324}
03-10 17:31:58.492 V/ActivityManager( 1403): Configuration unchanged in ActivityRecord{35663fe3 u0 com.bbk.launcher2/.Launcher t324}
03-10 17:31:58.492 D/TaskPersister( 1403): removeObsoleteFile: deleting file=330_task.xml
03-10 17:31:58.502 E/AppOpsSmartShowFuncsImpl( 1403): getInstanceId userId=0
03-10 17:31:58.502 E/AppOpsSmartShowFuncsImpl( 1403): isOrigUserId userId=0
03-10 17:31:58.502 E/AppOpsSmartShowFuncsImpl( 1403): getRealUserId userId=0
03-10 17:31:58.502 E/AppOpsSmartShowFuncsImpl( 1403): isOrigUserId userId=0
03-10 17:31:58.502 V/AlarmAlign( 1403): remove packageName = test.joko.com.myapplication
03-10 17:31:58.502 I/UpSlideUpdateMonitor( 2235): SystemUI|UpSlideUPdateMonitor, onReceive, action = android.intent.action.PACKAGE_RESTARTED
03-10 17:31:58.502 E/AppOpsSmartShowFuncsImpl( 1403): getRealUserId userId=0
03-10 17:31:58.502 E/AppOpsSmartShowFuncsImpl( 1403): isOrigUserId userId=0
03-10 17:31:58.502 E/AppOpsSmartShowFuncsImpl( 1403): getInstanceId userId=0
03-10 17:31:58.502 E/AppOpsSmartShowFuncsImpl( 1403): isOrigUserId userId=0
03-10 17:31:58.512 I/RecentHelper( 2235): SystemUI|Launcher packageName =com.bbk.launcher2
03-10 17:31:58.512 I/RecentHelper( 2235): SystemUI|Launcher packageName =com.bbk.scene.launcher.theme
03-10 17:31:58.512 I/RecentHelper( 2235): SystemUI|Launcher packageName =com.bbk.scene.tech
03-10 17:31:58.512 I/UpSlideUpdateMonitor( 2235): SystemUI|UpSlideUPdateMonitor, onReceive, action = android.intent.action.PACKAGE_DATA_CLEARED
03-10 17:31:58.512 D/Documents(16760): Update found 5 roots in 2ms
03-10 17:31:58.512 I/RecentHelper( 2235): SystemUI|Launcher packageName =com.bbk.launcher2
03-10 17:31:58.512 I/RecentHelper( 2235): SystemUI|Launcher packageName =com.bbk.scene.launcher.theme
03-10 17:31:58.512 I/RecentHelper( 2235): SystemUI|Launcher packageName =com.bbk.scene.tech
03-10 17:31:58.522 V/VivoDaemon-CrontabReceiver( 2545): CrontabReceiver action = android.intent.action.PACKAGE_RESTARTED
03-10 17:31:58.522 D/Environment( 1403): 111 rawUserId = 0
03-10 17:31:58.532 W/ContextImpl( 1403): Calling a method in the system process without a qualified user: android.app.ContextImpl.sendBroadcast:1373 com.android.server.pm.PackageManagerService$11.run:14120 android.os.Handler.handleCallback:739 android.os.Handler.dispatchMessage:95 android.os.Looper.loop:135 
03-10 17:31:58.532 I/art     (17529): System.exit called, status: 0
03-10 17:31:58.532 I/AndroidRuntime(17529): VM exiting with result code 0.
03-10 17:31:58.532 D/Launcher.NotificationNumChangeReceiver( 2800): action = android.intent.action.PACKAGE_DATA_CLEARED,current thread is: Thread[HeavyWorkerThread0,10,main]
03-10 17:31:58.542 V/VivoDaemon-AlarmReceiver( 2545): onReceiver ACTION_PACKAGE_DATA_CLEARED clock
03-10 17:31:59.122 D/AndroidRuntime(17551): >>>>>> START com.android.internal.os.RuntimeInit uid 2000 <<<<<<
03-10 17:31:59.122 D/AndroidRuntime(17551): CheckJNI is OFF
03-10 17:31:59.192 I/SurfaceFlinger(  437): FPS: 59
03-10 17:31:59.462 D/AndroidRuntime(17551): Calling main entry com.android.commands.uiautomator.Launcher
03-10 17:31:59.462 D/Environment(17551): 111 rawUserId = 0
03-10 17:31:59.482 D/SettingsProvider( 1403): lookupValue table system cache contains Key accelerometer_rotation , value = Bundle[{value=1}]
03-10 17:31:59.492 I/ActivityManager( 1403): Controller Pid : 0
03-10 17:31:59.552 I/UiWatchers(17551): Registed GUI Exception watchers
03-10 17:31:59.952 I/MSM-irqbalance(  799): Decided to move IRQ222 from CPU1 to CPU0
03-10 17:31:59.982 D/AndroidRuntime(17572): >>>>>> START com.android.internal.os.RuntimeInit uid 2000 <<<<<<
03-10 17:31:59.982 D/AndroidRuntime(17572): CheckJNI is OFF
03-10 17:31:59.992 V/AlarmAlign( 1403): checkSet SCREEN_ON, type = 3, when = 22757272
03-10 17:31:59.992 V/AlarmAlign( 1403): setLocked to kernel, type = 3, when = 22757272, curTime = 22703235
03-10 17:31:59.992 V/AlarmAlign( 1403): triggerAlarm v at 22703235, size=1, hasWakeup=false, mWake_Set=true, mNextWakeup=22760847, mNextNonWakeup=22757272, mBatch.end=25417885, why=8
03-10 17:31:59.992 I/UpSlideUpdateMonitor( 2235): SystemUI|UpSlideUPdateMonitor, onReceive, action = android.intent.action.TIME_TICK
03-10 17:31:59.992 D/KeyguardUpdateMonitor( 2235): received broadcast android.intent.action.TIME_TICK
03-10 17:31:59.992 D/KeyguardUpdateMonitor( 2235): handleTimeUpdate
03-10 17:31:59.992 I/ImageDigitalClock( 2235): updateTime = 17:32
03-10 17:31:59.992 I/ImageDigitalClock( 2235): updateTime = 17:32
03-10 17:32:00.002 W/ResourceType( 2800): No known package when getting name for resource number 0x9c040201
03-10 17:32:00.002 W/ResourceType( 2800): No known package when getting name for resource number 0x9c040301
03-10 17:32:00.012 W/ResourceType( 2800): No known package when getting name for resource number 0x9c040002
03-10 17:32:00.012 W/ResourceType( 2800): No known package when getting name for resource number 0x9c040102
03-10 17:32:00.012 W/ResourceType( 2800): No known package when getting name for resource number 0x9c040202
03-10 17:32:00.022 W/ResourceType( 2800): No known package when getting name for resource number 0x9c010000
03-10 17:32:00.022 W/ResourceType( 2800): No known package when getting name for resource number 0x9c010100
03-10 17:32:00.022 E/BitmapFactory( 2800): Unable to decode stream: java.io.FileNotFoundException: /oem/etc/theme/icons/dynamic_icon/com.android.BBKClock/res/drawable-sw360dp-xxxhdpi/clock_hour.png: open failed: ENOENT (No such file or directory)
03-10 17:32:00.022 E/BitmapFactory( 2800): Unable to decode stream: java.io.FileNotFoundException: /oem/etc/theme/icons/dynamic_icon/com.android.BBKClock/res/drawable-sw360dp-xxxhdpi/clock_minute.png: open failed: ENOENT (No such file or directory)
03-10 17:32:00.032 W/ResourceType( 2800): No known package when getting name for resource number 0x9c000003
03-10 17:32:00.032 W/ResourceType( 2800): No known package when getting name for resource number 0x9c000103
03-10 17:32:00.032 E/BitmapFactory( 2800): Unable to decode stream: java.io.FileNotFoundException: /oem/etc/theme/icons/dynamic_icon/com.android.BBKClock/res/drawable-sw360dp-xxxhdpi/clock_dial.png: open failed: ENOENT (No such file or directory)
03-10 17:32:00.032 W/ResourceType( 2800): No known package when getting name for resource number 0x9c000203
03-10 17:32:00.032 W/ResourceType( 2800): No known package when getting name for resource number 0x9c000303
03-10 17:32:00.032 W/ResourceType( 2800): No known package when getting name for resource number 0x9c000004
03-10 17:32:00.032 W/ResourceType( 2800): No known package when getting name for resource number 0x9c000104
03-10 17:32:00.032 W/ResourceType( 2800): No known package when getting name for resource number 0x9c000204
03-10 17:32:00.032 W/ResourceType( 2800): No known package when getting name for resource number 0x9c000304
03-10 17:32:00.032 W/ResourceType( 2800): No known package when getting name for resource number 0x9c000005
03-10 17:32:00.032 E/BitmapFactory( 2800): Unable to decode stream: java.io.FileNotFoundException: /oem/etc/theme/icons/dynamic_icon/com.android.BBKClock/res/drawable-sw360dp-xxxhdpi/clock_dial_center.png: open failed: ENOENT (No such file or directory)
03-10 17:32:00.032 W/ResourceType( 2800): No known package when getting name for resource number 0x9c000105
03-10 17:32:00.032 W/ResourceType( 2800): No known package when getting name for resource number 0x9c000205
03-10 17:32:00.032 W/ResourceType( 2800): No known package when getting name for resource number 0x9c000305
03-10 17:32:00.042 I/Clock   ( 2235): action = android.intent.action.TIME_TICK
03-10 17:32:00.042 I/Clock   ( 2235): result = 17:32
03-10 17:32:00.042 W/ResourceType( 2800): No known package when getting name for resource number 0x9c040201
03-10 17:32:00.042 W/ResourceType( 2800): No known package when getting name for resource number 0x9c040301
03-10 17:32:00.042 W/ResourceType( 2800): No known package when getting name for resource number 0x9c040002
03-10 17:32:00.042 W/ResourceType( 2800): No known package when getting name for resource number 0x9c040102
03-10 17:32:00.042 W/ResourceType( 2800): No known package when getting name for resource number 0x9c040202
03-10 17:32:00.042 W/ResourceType( 2800): No known package when getting name for resource number 0x9c010000
03-10 17:32:00.052 W/ResourceType( 2800): No known package when getting name for resource number 0x9c010100
03-10 17:32:00.072 D/ClockWidgetService( 8445): dtctest:ClockWidgetReceiver action:android.intent.action.TIME_TICK
03-10 17:32:00.072 D/ClockDataManager( 8445): dtctest:handleTimeTickBroadcast(),start
03-10 17:32:00.072 D/ClockDateTime( 8445): dtctest:sourceTimezoneId = Asia/Shanghai;GMTTimezoneId = GMT+8:00
03-10 17:32:00.072 D/ClockDateTime( 8445): dtctest:sourceTimezoneId = Asia/Shanghai;GMTTimezoneId = GMT+8:00
03-10 17:32:00.072 D/ClockDateTime( 8445): dtctest:sourceTimezoneId = Asia/Shanghai;GMTTimezoneId = GMT+8:00
03-10 17:32:00.072 D/ClockUIManager( 8445): dtctest:update widgetIds.size =1
03-10 17:32:00.072 D/ClockUIManager( 8445): dtctest:update widgetid is：4;
03-10 17:32:00.072 D/ClockUIManager( 8445): dtctest:updateRootView:mClockStatusUI = 1
03-10 17:32:00.072 D/ClockUIManager( 8445): dtctest:updateSimpleClockView ：中国标准时间 17:32
03-10 17:32:00.072 D/ClockUIManager( 8445): dtctest:updateHomeClockView ：中国标准时间 17:32
03-10 17:32:00.082 D/ClockUIManager( 8445): dtctest:updateRoamClockView ：中国标准时间 17:32
03-10 17:32:00.082 D/DoubleTimezoneClock.updateWeatherWidget( 8445): dtctest:singleFrom=2 doubleLeftFrom=3 doubleRightFrom=2
03-10 17:32:00.202 I/SurfaceFlinger(  437): FPS: 60
03-10 17:32:00.292 D/AndroidRuntime(17572): Calling main entry com.android.commands.am.Am
03-10 17:32:00.292 I/ActivityManager( 1403): Force stopping test.joko.com.myapplication appid=10122 user=0: from pid 17572
03-10 17:32:00.292 V/ActivityManager( 1403): Ensuring correct configuration: ActivityRecord{35663fe3 u0 com.bbk.launcher2/.Launcher t324}
03-10 17:32:00.292 V/ActivityManager( 1403): Configuration unchanged in ActivityRecord{35663fe3 u0 com.bbk.launcher2/.Launcher t324}
03-10 17:32:00.302 V/AlarmAlign( 1403): remove packageName = test.joko.com.myapplication
03-10 17:32:00.302 I/UpSlideUpdateMonitor( 2235): SystemUI|UpSlideUPdateMonitor, onReceive, action = android.intent.action.PACKAGE_RESTARTED
03-10 17:32:00.302 I/RecentHelper( 2235): SystemUI|Launcher packageName =com.bbk.launcher2
03-10 17:32:00.302 I/RecentHelper( 2235): SystemUI|Launcher packageName =com.bbk.scene.launcher.theme
03-10 17:32:00.302 I/RecentHelper( 2235): SystemUI|Launcher packageName =com.bbk.scene.tech
03-10 17:32:00.312 V/VivoDaemon-CrontabReceiver( 2545): CrontabReceiver action = android.intent.action.PACKAGE_RESTARTED
03-10 17:32:00.552 V/ActivityManager( 1403): Starting activity when config will change = false
03-10 17:32:00.552 I/ActivityManager( 1403): START u0 {act=android.intent.action.MAIN cat=[android.intent.category.LAUNCHER] flg=0x10200000 cmp=test.joko.com.myapplication/.welcome} from uid 2000 on display 0
03-10 17:32:00.562 I/StatusBarColorManager( 2235): SystemUI|notifyStatusBarColorInfo: iconColor = -1, bgColor = 0, isLauncher = true, isKeyguardShowing= false, isKeyguardFadingAway= false
03-10 17:32:00.562 I/vivo_debug_ActivityManagerService( 1403): initSplitService intent = Intent { act=android.intent.action.MAIN cat=[android.intent.category.LAUNCHER] flg=0x10200000 cmp=test.joko.com.myapplication/.welcome }, r = ActivityRecord{313fbcfc u0 test.joko.com.myapplication/.welcome t331}
03-10 17:32:00.562 V/WindowManager( 1403): addAppToken: AppWindowToken{2e2831da token=Token{aa06f85 ActivityRecord{313fbcfc u0 test.joko.com.myapplication/.welcome t331}}} to stack=1 task=331 at 0
03-10 17:32:00.562 V/VivoStats( 1403): noteActivityPausedLocked uid = 10027
03-10 17:32:00.562 D/Launcher( 2800): onPause -- mState = WORKSPACE
03-10 17:32:00.562 D/PhoneWindow( 1403): DEBUG_SYSTEMUI:origin statusbar style 
03-10 17:32:00.562 D/PhoneWindow( 1403): DEBUG_SYSTEMUI:windowDrawsFlag set
03-10 17:32:00.562 D/PhoneWindow( 1403): DEBUG_SYSTEMUI:IconColor=1
03-10 17:32:00.562 D/PhoneWindow( 1403): DEBUG_SYSTEMUI:StatusBarColor final set ff303f9f
03-10 17:32:00.562 I/ViewRootImpl( 1403): CPU Rendering VSync enable = true
03-10 17:32:00.562 V/WindowManager( 1403): Adding window Window{3dc20a3d u0 Starting test.joko.com.myapplication} at 8 of 15 (after Window{33c63a85 u0 com.android.settings/com.vivo.settings.DevelpmentSettingsActivity2})
03-10 17:32:00.572 I/StatusBarColorManager( 2235): SystemUI|notifyStatusBarColorInfo: iconColor = -1, bgColor = 0, isLauncher = true, isKeyguardShowing= false, isKeyguardFadingAway= false
03-10 17:32:00.572 I/PMFunc  (17593): prepare 0 test.joko.com.myapplication
03-10 17:32:00.572 I/ActivityManager( 1403): Start proc 17593:test.joko.com.myapplication/u0a122 for activity test.joko.com.myapplication/.welcome
03-10 17:32:00.572 I/art     (17593): Late-enabling -Xcheck:jni
03-10 17:32:00.582 I/VivoNetworkController( 2235): SystemUI|mWifiEnabled && mWifiConnected = true
03-10 17:32:00.592 D/Environment(17593): 111 rawUserId = 0
03-10 17:32:00.592 D/AndroidKeyStoreProvider(17593): not overseas product
03-10 17:32:00.592 I/StatusBarColorManager( 2235): SystemUI|notifyStatusBarColorInfo: iconColor = -1, bgColor = 0, isLauncher = true, isKeyguardShowing= false, isKeyguardFadingAway= false
03-10 17:32:00.592 V/ResourcesManager( 1403): Skipping new config: curSeq=17, newSeq=17
03-10 17:32:00.592 V/ResourcesManager( 1403): Skipping new config: curSeq=17, newSeq=17
03-10 17:32:00.592 D/Launcher( 2800): onWindowFocusChanged ,  hasFocus = false
03-10 17:32:00.592 V/ActivityManager( 1403): Binding proc test.joko.com.myapplication with config {1.0 ?mcc?mnc zh_CN ?layoutDir sw360dp w360dp h616dp 640dpi nrml long port finger -keyb/v/h -nav/h s.17 themeId=0, affectGlobal:true}
03-10 17:32:00.592 V/WindowManager( 1403): needSensorRunningLp mCurrentAppOrientation -1 mCarDockEnablesAccelerometer true mDockMode 0mSupportAutoRotation true
03-10 17:32:00.592 V/WindowOrientationListener( 1403): getProposedRotationLocked  mEnabled true isenalbeAcc true
03-10 17:32:00.592 V/ActivityManager( 1403): Ensuring correct configuration: ActivityRecord{313fbcfc u0 test.joko.com.myapplication/.welcome t331}
03-10 17:32:00.592 D/Launcher( 2800): onSaveInstanceState
03-10 17:32:00.592 V/ActivityManager( 1403): Configuration unchanged in ActivityRecord{313fbcfc u0 test.joko.com.myapplication/.welcome t331}
03-10 17:32:00.592 V/VivoStats( 1403): noteActivityResumedLocked uid = 10122, mLastUid = 10027
03-10 17:32:00.592 V/ActivityManager( 1403): Ensuring correct configuration: ActivityRecord{313fbcfc u0 test.joko.com.myapplication/.welcome t331}
03-10 17:32:00.592 V/ActivityManager( 1403): Configuration unchanged in ActivityRecord{313fbcfc u0 test.joko.com.myapplication/.welcome t331}
03-10 17:32:00.592 V/PowerEffectManager( 2545): noteActivity uid = 10122, name = test.joko.com.myapplication.welcome
03-10 17:32:00.592 V/PowerEffectManager( 2545): noteAppResumed uid = 10122, lastUid = 10027
03-10 17:32:00.602 I/LocationDialogService( 2545): onForegroundActivitiesChanged() pid = 17593, uid = 10122, foregroundActivities = true
03-10 17:32:00.602 I/ForegroundActivityObserver( 2235): SystemUI|change from [ com.bbk.launcher2] to [test.joko.com.myapplication]!
03-10 17:32:00.602 I/RecentHelper( 2235): SystemUI|oldPkg = com.bbk.launcher2,newPkg = test.joko.com.myapplication, mSpeedUpStarted = false
03-10 17:32:00.602 I/LocationDialogService( 2545): onForegroundActivitiesChanged name Process == test.joko.com.myapplication
03-10 17:32:00.602 I/VivoRecentTasksLoader( 2235): SystemUI|getRecentTasks: pkg = test.joko.com.myapplication, t.persistentId = 331, t.id = 331, t.userId = 0, isExcluded = false, isFirstValidTask = true
03-10 17:32:00.602 I/VivoRecentTasksLoader( 2235): SystemUI|getRecentTasks: pkg = com.android.settings, t.persistentId = 328, t.id = 328, t.userId = 0, isExcluded = false, isFirstValidTask = false
03-10 17:32:00.602 I/VivoRecentTasksLoader( 2235): SystemUI|getRecentTasks: pkg = com.android.systemui, t.persistentId = 329, t.id = -1, t.userId = 0, isExcluded = true, isFirstValidTask = false
03-10 17:32:00.602 I/VivoRecentTasksLoader( 2235): SystemUI|getRecentTasks: pkg = com.vivo.browser, t.persistentId = 325, t.id = 325, t.userId = 0, isExcluded = false, isFirstValidTask = false
03-10 17:32:00.602 I/VivoRecentTasksLoader( 2235): SystemUI|getRecentTasks: pkg = com.android.packageinstaller, t.persistentId = 326, t.id = -1, t.userId = 0, isExcluded = true, isFirstValidTask = false
03-10 17:32:00.602 I/SLService2( 2521): HAHA2 pid = 17593, uid = 10122, f = true
03-10 17:32:00.602 D/DataUsagePrefs( 2521): getDataUsageNetworkForbinddenReminder value:true
03-10 17:32:00.602 I/FloatWindowManagerService( 2521): chan pid = 17593, id = 10122, fore  = true ; n is : test.joko.com.myapplication
03-10 17:32:00.602 D/UserModifyRecorder( 1403): pakage name is test.joko.com.myapplicationwith :10122
03-10 17:32:00.602 D/VivoTheme( 2235): load old package name start
03-10 17:32:00.602 I/SLService3( 2521): runningNetworkLimitReminder ConnectivityManager not null， uid = 10122
03-10 17:32:00.602 D/VivoTheme( 2235): load old package name start
03-10 17:32:00.602 V/LoaderManager( 2800): destroyLoader in LoaderManager{37593411 in Launcher{38112b4a}} of 0
03-10 17:32:00.602 V/LoaderManager( 2800): destroyLoader in LoaderManager{37593411 in Launcher{38112b4a}} of 1
03-10 17:32:00.602 V/LoaderManager( 2800): destroyLoader in LoaderManager{37593411 in Launcher{38112b4a}} of 2
03-10 17:32:00.602 V/LoaderManager( 2800): destroyLoader in LoaderManager{37593411 in Launcher{38112b4a}} of 3
03-10 17:32:00.602 V/LoaderManager( 2800): destroyLoader in LoaderManager{37593411 in Launcher{38112b4a}} of 4
03-10 17:32:00.612 V/LoaderManager( 2800): destroyLoader in LoaderManager{37593411 in Launcher{38112b4a}} of 5
03-10 17:32:00.612 V/LoaderManager( 2800): destroyLoader in LoaderManager{37593411 in Launcher{38112b4a}} of 6
03-10 17:32:00.612 V/LoaderManager( 2800): destroyLoader in LoaderManager{37593411 in Launcher{38112b4a}} of 7
03-10 17:32:00.612 I/CusWid/ManagerWidget( 2521): foreground activity change ,process name: test.joko.com.myapplication,foregroundActivities: true,launcherName: com.bbk.launcher2,lastlauncher: null
03-10 17:32:00.612 V/LoaderManager( 2800): destroyLoader in LoaderManager{37593411 in Launcher{38112b4a}} of 8
03-10 17:32:00.612 D/Launcher( 2800): onStop: mState is WORKSPACE
03-10 17:32:00.612 D/yuan    ( 2800): onVisibilityChanged----android.widget.ListView{2a308813 V.ED..C. ......I. 0,0-0,0}
03-10 17:32:00.612 D/yuan    ( 2800): onVisibilityChanged----android.widget.ListView{1c2cc770 VFED.VC. ......I. 0,0-0,0 #7f0c007b app:id/result_list}
03-10 17:32:00.612 I/ForegroundActivityObserver( 2235): SystemUI|less than 1000ms,no need to reload recent
03-10 17:32:00.612 I/LocationDialogService( 2545): onForegroundActivitiesChanged() pid = 2800, uid = 10027, foregroundActivities = false
03-10 17:32:00.612 I/SLService2( 2521): HAHA2 pid = 2800, uid = 10027, f = false
03-10 17:32:00.612 D/DataUsagePrefs( 2521): getDataUsageNetworkForbinddenReminder value:true
03-10 17:32:00.622 I/LocationDialogService( 2545): onForegroundActivitiesChanged name Process == test.joko.com.myapplication
03-10 17:32:00.622 I/LocationDialogService( 2545): removeGpsDialog
03-10 17:32:00.622 I/LocationDialogService( 2545): already remove
03-10 17:32:00.622 I/CusWid/ManagerWidget( 2521): foreground activity change ,process name: com.bbk.launcher2,foregroundActivities: false,launcherName: com.bbk.launcher2,lastlauncher: null
03-10 17:32:00.622 I/RecentHelper( 2235): SystemUI|index = -1,pkgName = test.joko.com.myapplication
03-10 17:32:00.622 D/CommonProvider( 3078): CommonProvider insert success, result = content://com.bbk.iqoo.logsystemes/atr/5117
03-10 17:32:00.632 E/InstantRun(17593): Could not find slices in APK; aborting.
03-10 17:32:00.632 I/WindowManager( 1403): isKeyguardShowing = false, mKeyguardWindow.mAttrs.privateFlags = 0
03-10 17:32:00.632 W/ActivityManager( 1403): getRunningAppProcesses: caller 10122 does not hold REAL_GET_TASKS; limiting output
03-10 17:32:00.632 V/ActivityThread(17593): Handle configuration changed: {1.0 ?mcc?mnc zh_CN ?layoutDir sw360dp w360dp h616dp 640dpi nrml long port finger -keyb/v/h -nav/h s.17 themeId=0, affectGlobal:true}
03-10 17:32:00.632 V/ResourcesManager(17593): Skipping new config: curSeq=17, newSeq=17
03-10 17:32:00.632 D/manager disable: < ( 1403): BEGIN disableLocked(0, 0, android.os.Binder@141955c, Window{3dc20a3d u0 Starting test.joko.com.myapplication})
03-10 17:32:00.632 I/StatusBarColorManager( 2235): SystemUI|notifyStatusBarColorInfo: iconColor = 1, bgColor = ff303f9f, isLauncher = false, isKeyguardShowing= false, isKeyguardFadingAway= false
03-10 17:32:00.642 V/ActivityThread(17593): Launching activity test.joko.com.myapplication.welcome with config {1.0 ?mcc?mnc zh_CN ?layoutDir sw360dp w360dp h616dp 640dpi nrml long port finger -keyb/v/h -nav/h s.17 themeId=0, affectGlobal:true}
03-10 17:32:00.652 I/FloatWindowManagerService( 2521): get top = test.joko.com.myapplication
03-10 17:32:00.652 I/FloatWindowManagerService( 2521):  ; last is : com.bbk.launcher2 ; to is : test.joko.com.myapplication
03-10 17:32:00.652 W/art     (17593): Before Android 4.1, method android.graphics.PorterDuffColorFilter android.support.graphics.drawable.VectorDrawableCompat.updateTintFilter(android.graphics.PorterDuffColorFilter, android.content.res.ColorStateList, android.graphics.PorterDuff$Mode) would have incorrectly overridden the package-private method in android.graphics.drawable.Drawable
03-10 17:32:00.652 I/FloatWindowManagerService( 2521): chan pid = 2800, id = 10027, fore  = false ; n is : com.bbk.launcher2
03-10 17:32:00.652 I/FloatWindowManagerService( 2521): state is : 0
03-10 17:32:00.662 D/PhoneWindow(17593): DEBUG_SYSTEMUI:origin statusbar style 
03-10 17:32:00.662 D/PhoneWindow(17593): DEBUG_SYSTEMUI:windowDrawsFlag set
03-10 17:32:00.662 D/PhoneWindow(17593): DEBUG_SYSTEMUI:IconColor=1
03-10 17:32:00.662 D/PhoneWindow(17593): DEBUG_SYSTEMUI:StatusBarColor final set ff303f9f
03-10 17:32:00.702 I/ViewRootImpl(17593): CPU Rendering VSync enable = true
03-10 17:32:00.702 D/OpenGLRenderer(17593): Use EGL_SWAP_BEHAVIOR_PRESERVED: true
03-10 17:32:00.702 D/Atlas   (17593): Validating map...
03-10 17:32:00.702 V/WindowManager( 1403): Adding window Window{3f0db056 u0 test.joko.com.myapplication/test.joko.com.myapplication.welcome} at 8 of 16 (before Window{3dc20a3d u0 Starting test.joko.com.myapplication})
03-10 17:32:00.722 V/ResourcesManager(17593): Skipping new config: curSeq=17, newSeq=17
03-10 17:32:00.732 I/Adreno  (17593): QUALCOMM build                   : 814500f, If3abccc389
03-10 17:32:00.732 I/Adreno  (17593): Build Date                       : 03/15/17
03-10 17:32:00.732 I/Adreno  (17593): OpenGL ES Shader Compiler Version: XE031.06.00.03
03-10 17:32:00.732 I/Adreno  (17593): Local Branch                     : 
03-10 17:32:00.732 I/Adreno  (17593): Remote Branch                    : refs/tags/AU_LINUX_ANDROID_LA.BR.1.3.2.C2.05.01.01.199.103
03-10 17:32:00.732 I/Adreno  (17593): Remote Branch                    : NONE
03-10 17:32:00.732 I/Adreno  (17593): Reconstruct Branch               : NOTHING
03-10 17:32:00.732 I/OpenGLRenderer(17593): Initialized EGL, version 1.4
03-10 17:32:00.732 D/OpenGLRenderer(17593): Enabling debug mode 0
03-10 17:32:00.752 V/ResourcesManager(17593): Skipping new config: curSeq=17, newSeq=17
03-10 17:32:00.822 D/InputMethodManagerService( 1403): windowGainedFocus isPasswordInputType:false
03-10 17:32:00.822 I/ActivityManager( 1403): Displayed test.joko.com.myapplication/.welcome: +225ms
03-10 17:32:00.822 D/AndroidRuntime(17572): Shutting down VM
03-10 17:32:00.832 I/Timeline(17593): Timeline: Activity_idle id: android.os.BinderProxy@629320 time:3677044
03-10 17:32:00.832 V/ActivityManager( 1403): Ensuring correct configuration: ActivityRecord{313fbcfc u0 test.joko.com.myapplication/.welcome t331}
03-10 17:32:00.832 V/ActivityManager( 1403): Configuration no differences in ActivityRecord{313fbcfc u0 test.joko.com.myapplication/.welcome t331}
03-10 17:32:00.962 D/ImageWallpaper( 2235): onVisibilityChanged: mVisible, visible=true, false
03-10 17:32:00.962 D/ImageWallpaper( 2235): Visibility changed to visible=false
03-10 17:32:00.962 D/ImageWallpaper( 2235): Suppressed drawFrame since redraw is not needed and offsets have not changed.
03-10 17:32:01.032 W/art     (17572): unexpectedly found a contender on mutex Task processor lock
03-10 17:32:01.032 W/art     (17572): ConditionVariable::~ConditionVariable for Task processor condition called with 1 waiters.
03-10 17:32:01.212 I/SurfaceFlinger(  437): FPS: 60
03-10 17:32:01.432 I/ServiceManager(15891): Waiting for service AtCmdFwd...
03-10 17:32:01.582 I/VivoNetworkController( 2235): SystemUI|mWifiEnabled && mWifiConnected = true
03-10 17:32:02.072 I/VivoNetworkController( 2235): SystemUI|action = android.net.wifi.RSSI_CHANGED
03-10 17:32:02.072 I/VivoNetworkController( 2235): SystemUI|updateWifiIcons mWifiConnected = true mWifiIconId2130839257
03-10 17:32:02.072 I/VivoNetworkController( 2235): SystemUI|mWifiEnabled && mWifiConnected = true
03-10 17:32:02.222 I/SurfaceFlinger(  437): FPS: 60
03-10 17:32:02.432 I/ServiceManager(15891): Waiting for service AtCmdFwd...
03-10 17:32:02.822 W/ActivityManager( 1403): getRunningAppProcesses: caller 10020 does not hold REAL_GET_TASKS; limiting output
03-10 17:32:03.222 I/SurfaceFlinger(  437): FPS: 60
03-10 17:32:03.322 I/accs.Config(16496):  getAgooAppKey appkey:umeng:587f43f007fe6510370003f9
03-10 17:32:03.322 D/accs.AdapterGlobalClientInfo(16496):  getAgooCustomServiceName name:com.umeng.message.UmengIntentService
03-10 17:32:03.322 I/accs.ElectionServiceImpl(16883):  onStartCommand begin action:com.taobao.accs.intent.action.START_SERVICE
03-10 17:32:03.322 I/accs.OrangeAdapter(16883):  isElectionEnable result:false
03-10 17:32:03.322 I/accs.ElectionServiceImpl(16883):  try to saveAppKey appkey:umeng:587f43f007fe6510370003f9 appSecret:785c34203c2973698f1d9cbcfbcf307d ttid:android@umeng pkg:com.duowan.mobile
03-10 17:32:03.322 I/accs.Utils(16883):  setMode mode:0
03-10 17:32:03.322 I/accs.ElectionServiceImpl(16883):  getConnection appkey:umeng:587f43f007fe6510370003f9
03-10 17:32:03.322 I/accs.Utils(16883):  getMode mode:0
03-10 17:32:03.322 I/accs.ElectionServiceImpl(16883):  save agoo appKey appkey:umeng:587f43f007fe6510370003f9
03-10 17:32:03.322 I/accs.Config(16883):  setAgooAppKey appkey:umeng:587f43f007fe6510370003f9
03-10 17:32:03.322 W/ActivityManager( 1403): Unable to start service Intent { act=org.agoo.android.intent.action.REPORT pkg=com.duowan.mobile cmp=com.duowan.mobile/com.umeng.message.UmengIntentService } U=0: not found
03-10 17:32:03.322 I/accs.OrangeAdapter(16883):  isElectionEnable result:false
03-10 17:32:03.322 I/accs.OrangeAdapter(16883):  isElectionEnable result:false
03-10 17:32:03.322 I/accs.ElectionServiceImpl(16883):  deliver to channelservice host pkg:
03-10 17:32:03.332 I/accs.ServiceImpl(16883):  onHostStartCommand:Intent { act=com.taobao.accs.intent.action.START_SERVICE cmp=com.duowan.mobile/com.taobao.accs.ChannelService (has extras) }
03-10 17:32:03.332 D/accs.ServiceImpl(16883):  key appKey: value umeng:587f43f007fe6510370003f9
03-10 17:32:03.332 D/accs.ServiceImpl(16883):  key mode: value 0
03-10 17:32:03.332 D/accs.ServiceImpl(16883):  key ttid: value android@umeng
03-10 17:32:03.332 D/accs.ServiceImpl(16883):  key packageName: value com.duowan.mobile
03-10 17:32:03.332 D/accs.ServiceImpl(16883):  key app_sercet: value 785c34203c2973698f1d9cbcfbcf307d
03-10 17:32:03.332 D/accs.ServiceImpl(16883):  key agoo_app_key: value umeng:587f43f007fe6510370003f9
03-10 17:32:03.332 I/accs.LoadSoFailUtil(16883):  getSoFailTimes times:0
03-10 17:32:03.332 I/accs.ACCSManager(16883):  getAppkey:umeng:587f43f007fe6510370003f9
03-10 17:32:03.332 I/accs.ElectionServiceImpl(16883):  getConnection appkey:umeng:587f43f007fe6510370003f9
03-10 17:32:03.332 I/accs.Utils(16883):  getMode mode:0
03-10 17:32:03.332 D/accs.SilenceConnumeng:587f43f007fe6510370003f9(16883):  try ping, force:false
03-10 17:32:03.332 D/accs.SilenceConnumeng:587f43f007fe6510370003f9(16883):  send message, PING delay:0 dataId:5
03-10 17:32:03.332 D/accs.SilenceConnumeng:587f43f007fe6510370003f9(16883):  clearRepeatControlCommand message:201/
03-10 17:32:03.432 I/ServiceManager(15891): Waiting for service AtCmdFwd...
03-10 17:32:03.872 I/accs.InAppConnumeng:587f43f007fe6510370003f9(16883):  mTryStartServiceRunable bindapp
03-10 17:32:04.232 I/SurfaceFlinger(  437): FPS: 60
03-10 17:32:04.432 I/ServiceManager(15891): Waiting for service AtCmdFwd...
03-10 17:32:04.952 I/MSM-irqbalance(  799): Decided to move IRQ155 from CPU1 to CPU0
03-10 17:32:05.082 I/VivoNetworkController( 2235): SystemUI|action = android.net.wifi.RSSI_CHANGED
03-10 17:32:05.082 I/VivoNetworkController( 2235): SystemUI|updateWifiIcons mWifiConnected = true mWifiIconId2130839259
03-10 17:32:05.082 I/VivoNetworkController( 2235): SystemUI|mWifiEnabled && mWifiConnected = true
03-10 17:32:05.242 I/SurfaceFlinger(  437): FPS: 59
03-10 17:32:05.432 I/ServiceManager(15891): Waiting for service AtCmdFwd...
03-10 17:32:05.592 I/VivoNetworkController( 2235): SystemUI|mWifiEnabled && mWifiConnected = true
03-10 17:32:06.252 I/SurfaceFlinger(  437): FPS: 60
03-10 17:32:06.322 I/QueryController(17551): Matched selector: UiSelector[INSTANCE=0, RESOURCE_ID=test.joko.com.myapplication:id/button1] <<==>> [android.view.accessibility.AccessibilityNodeInfo@800083a8; boundsInParent: Rect(0, 0 - 352, 192); boundsInScreen: Rect(64, 664 - 416, 856); packageName: test.joko.com.myapplication; className: android.widget.Button; text: Button; error: null; maxTextLength: -1; contentDescription: null; viewIdResName: test.joko.com.myapplication:id/button1; checkable: false; checked: false; focusable: true; focused: false; selected: false; clickable: true; longClickable: false; enabled: true; password: false; scrollable: false; actions: [AccessibilityAction: ACTION_FOCUS - null, AccessibilityAction: ACTION_SELECT - null, AccessibilityAction: ACTION_CLEAR_SELECTION - null, AccessibilityAction: ACTION_CLICK - null, AccessibilityAction: ACTION_ACCESSIBILITY_FOCUS - null, AccessibilityAction: ACTION_NEXT_AT_MOVEMENT_GRANULARITY - null, AccessibilityAction: ACTION_PREVIOUS_AT_MOVEMENT_GRANULARITY - null, AccessibilityAction: ACTION_SET_SELECTION - null]]
03-10 17:32:06.342 I/QueryController(17551): Matched selector: UiSelector[INSTANCE=0, RESOURCE_ID=test.joko.com.myapplication:id/button1] <<==>> [android.view.accessibility.AccessibilityNodeInfo@800083a8; boundsInParent: Rect(0, 0 - 352, 192); boundsInScreen: Rect(64, 664 - 416, 856); packageName: test.joko.com.myapplication; className: android.widget.Button; text: Button; error: null; maxTextLength: -1; contentDescription: null; viewIdResName: test.joko.com.myapplication:id/button1; checkable: false; checked: false; focusable: true; focused: false; selected: false; clickable: true; longClickable: false; enabled: true; password: false; scrollable: false; actions: [AccessibilityAction: ACTION_FOCUS - null, AccessibilityAction: ACTION_SELECT - null, AccessibilityAction: ACTION_CLEAR_SELECTION - null, AccessibilityAction: ACTION_CLICK - null, AccessibilityAction: ACTION_ACCESSIBILITY_FOCUS - null, AccessibilityAction: ACTION_NEXT_AT_MOVEMENT_GRANULARITY - null, AccessibilityAction: ACTION_PREVIOUS_AT_MOVEMENT_GRANULARITY - null, AccessibilityAction: ACTION_SET_SELECTION - null]]
03-10 17:32:06.372 I/QueryController(17551): Matched selector: UiSelector[INSTANCE=0, RESOURCE_ID=test.joko.com.myapplication:id/button1] <<==>> [android.view.accessibility.AccessibilityNodeInfo@800083a8; boundsInParent: Rect(0, 0 - 352, 192); boundsInScreen: Rect(64, 664 - 416, 856); packageName: test.joko.com.myapplication; className: android.widget.Button; text: Button; error: null; maxTextLength: -1; contentDescription: null; viewIdResName: test.joko.com.myapplication:id/button1; checkable: false; checked: false; focusable: true; focused: false; selected: false; clickable: true; longClickable: false; enabled: true; password: false; scrollable: false; actions: [AccessibilityAction: ACTION_FOCUS - null, AccessibilityAction: ACTION_SELECT - null, AccessibilityAction: ACTION_CLEAR_SELECTION - null, AccessibilityAction: ACTION_CLICK - null, AccessibilityAction: ACTION_ACCESSIBILITY_FOCUS - null, AccessibilityAction: ACTION_NEXT_AT_MOVEMENT_GRANULARITY - null, AccessibilityAction: ACTION_PREVIOUS_AT_MOVEMENT_GRANULARITY - null, AccessibilityAction: ACTION_SET_SELECTION - null]]
03-10 17:32:06.392 I/QueryController(17551): Matched selector: UiSelector[INSTANCE=0, RESOURCE_ID=test.joko.com.myapplication:id/button1] <<==>> [android.view.accessibility.AccessibilityNodeInfo@800083a8; boundsInParent: Rect(0, 0 - 352, 192); boundsInScreen: Rect(64, 664 - 416, 856); packageName: test.joko.com.myapplication; className: android.widget.Button; text: Button; error: null; maxTextLength: -1; contentDescription: null; viewIdResName: test.joko.com.myapplication:id/button1; checkable: false; checked: false; focusable: true; focused: false; selected: false; clickable: true; longClickable: false; enabled: true; password: false; scrollable: false; actions: [AccessibilityAction: ACTION_FOCUS - null, AccessibilityAction: ACTION_SELECT - null, AccessibilityAction: ACTION_CLEAR_SELECTION - null, AccessibilityAction: ACTION_CLICK - null, AccessibilityAction: ACTION_ACCESSIBILITY_FOCUS - null, AccessibilityAction: ACTION_NEXT_AT_MOVEMENT_GRANULARITY - null, AccessibilityAction: ACTION_PREVIOUS_AT_MOVEMENT_GRANULARITY - null, AccessibilityAction: ACTION_SET_SELECTION - null]]
03-10 17:32:06.412 I/QueryController(17551): Matched selector: UiSelector[INSTANCE=0, RESOURCE_ID=test.joko.com.myapplication:id/button1] <<==>> [android.view.accessibility.AccessibilityNodeInfo@800083a8; boundsInParent: Rect(0, 0 - 352, 192); boundsInScreen: Rect(64, 664 - 416, 856); packageName: test.joko.com.myapplication; className: android.widget.Button; text: Button; error: null; maxTextLength: -1; contentDescription: null; viewIdResName: test.joko.com.myapplication:id/button1; checkable: false; checked: false; focusable: true; focused: false; selected: false; clickable: true; longClickable: false; enabled: true; password: false; scrollable: false; actions: [AccessibilityAction: ACTION_FOCUS - null, AccessibilityAction: ACTION_SELECT - null, AccessibilityAction: ACTION_CLEAR_SELECTION - null, AccessibilityAction: ACTION_CLICK - null, AccessibilityAction: ACTION_ACCESSIBILITY_FOCUS - null, AccessibilityAction: ACTION_NEXT_AT_MOVEMENT_GRANULARITY - null, AccessibilityAction: ACTION_PREVIOUS_AT_MOVEMENT_GRANULARITY - null, AccessibilityAction: ACTION_SET_SELECTION - null]]
03-10 17:32:06.432 I/QueryController(17551): Matched selector: UiSelector[INSTANCE=0, RESOURCE_ID=test.joko.com.myapplication:id/button1] <<==>> [android.view.accessibility.AccessibilityNodeInfo@800083a8; boundsInParent: Rect(0, 0 - 352, 192); boundsInScreen: Rect(64, 664 - 416, 856); packageName: test.joko.com.myapplication; className: android.widget.Button; text: Button; error: null; maxTextLength: -1; contentDescription: null; viewIdResName: test.joko.com.myapplication:id/button1; checkable: false; checked: false; focusable: true; focused: false; selected: false; clickable: true; longClickable: false; enabled: true; password: false; scrollable: false; actions: [AccessibilityAction: ACTION_FOCUS - null, AccessibilityAction: ACTION_SELECT - null, AccessibilityAction: ACTION_CLEAR_SELECTION - null, AccessibilityAction: ACTION_CLICK - null, AccessibilityAction: ACTION_ACCESSIBILITY_FOCUS - null, AccessibilityAction: ACTION_NEXT_AT_MOVEMENT_GRANULARITY - null, AccessibilityAction: ACTION_PREVIOUS_AT_MOVEMENT_GRANULARITY - null, AccessibilityAction: ACTION_SET_SELECTION - null]]
03-10 17:32:06.432 W/Atfwd_Sendcmd(15891): AtCmdFwd service not published, waiting... retryCnt : 1
03-10 17:32:06.442 I/QueryController(17551): Matched selector: UiSelector[INSTANCE=0, RESOURCE_ID=test.joko.com.myapplication:id/button1] <<==>> [android.view.accessibility.AccessibilityNodeInfo@800083a8; boundsInParent: Rect(0, 0 - 352, 192); boundsInScreen: Rect(64, 664 - 416, 856); packageName: test.joko.com.myapplication; className: android.widget.Button; text: Button; error: null; maxTextLength: -1; contentDescription: null; viewIdResName: test.joko.com.myapplication:id/button1; checkable: false; checked: false; focusable: true; focused: false; selected: false; clickable: true; longClickable: false; enabled: true; password: false; scrollable: false; actions: [AccessibilityAction: ACTION_FOCUS - null, AccessibilityAction: ACTION_SELECT - null, AccessibilityAction: ACTION_CLEAR_SELECTION - null, AccessibilityAction: ACTION_CLICK - null, AccessibilityAction: ACTION_ACCESSIBILITY_FOCUS - null, AccessibilityAction: ACTION_NEXT_AT_MOVEMENT_GRANULARITY - null, AccessibilityAction: ACTION_PREVIOUS_AT_MOVEMENT_GRANULARITY - null, AccessibilityAction: ACTION_SET_SELECTION - null]]
03-10 17:32:06.452 D/InteractionController(17551): clickAndSync(240, 760)
03-10 17:32:06.462 D/SettingsProvider( 1403): lookupValue table system cache contains Key floatmode , value = Bundle[{value=0}]
03-10 17:32:06.572 W/ActivityManager( 1403): getRunningAppProcesses: caller 10122 does not hold REAL_GET_TASKS; limiting output
03-10 17:32:06.582 D/SettingsProvider( 1403): lookupValue table system cache contains Key sound_effects_enabled , value = Bundle[{value=0}]
03-10 17:32:06.582 I/Timeline(17593): Timeline: Activity_launch_request id:test.joko.com.myapplication time:3682792
03-10 17:32:06.582 V/ActivityManager( 1403): Starting activity when config will change = false
03-10 17:32:06.582 I/ActivityManager( 1403): START u0 {cmp=test.joko.com.myapplication/.main} from uid 10122 on display 0
03-10 17:32:06.582 V/VivoStats( 1403): noteActivityPausedLocked uid = 10122
03-10 17:32:06.582 V/WindowManager( 1403): addAppToken: AppWindowToken{3debb6a9 token=Token{2944da30 ActivityRecord{59bcb73 u0 test.joko.com.myapplication/.main t331}}} to stack=1 task=331 at 1
03-10 17:32:06.592 V/ActivityManager( 1403): Ensuring correct configuration: ActivityRecord{59bcb73 u0 test.joko.com.myapplication/.main t331}
03-10 17:32:06.592 V/ActivityManager( 1403): Configuration unchanged in ActivityRecord{59bcb73 u0 test.joko.com.myapplication/.main t331}
