03-10 17:30:25.992 D/WindowManager( 1403): interceptKeyTi keyCode=67 down=false repeatCount=0 keyguardOn=false mHomePressed=false canceled=false
03-10 17:30:25.992 D/WindowManager( 1403): intercept win = Window{22009371 u0 test.joko.com.myapplication/test.joko.com.myapplication.main}
03-10 17:30:25.992 D/WindowManager( 1403): intercept attrs = WM.LayoutParams{(0,0)(fillxfill) sim=#120 ty=1 fl=#81810100 wanim=0x1030466 vsysui=0x600 surfaceInsets=Rect(0, 0 - 0, 0) needsMenuKey=2}
03-10 17:30:25.992 I/WindowManager( 1403): process interceptKeyBeforeDispatching ,let the application handle the key.
03-10 17:30:25.992 W/InputDispatcher( 1403): interceptKeyBeforeDispatching delay = 0
03-10 17:30:26.002 I/Input   (17018): injectKeyEvent: KeyEvent { action=ACTION_DOWN, keyCode=KEYCODE_FORWARD_DEL, scanCode=0, metaState=0, flags=0x0, repeatCount=0, eventTime=3582213, downTime=3582213, deviceId=-1, source=0x101 }
03-10 17:30:26.002 D/WindowManager( 1403): interceptKeyBeforeQueueing systemBooted = true
03-10 17:30:26.002 D/WindowManager( 1403): interceptKeyTq keycode=112 interactive=true keyguardActive=false policyFlags=2b000000
03-10 17:30:26.002 W/WindowManager( 1403): checkBaseRequirement inJected is true ,return.
03-10 17:30:26.002 D/WindowManager( 1403): isPhicalHomeKey = false ,result = 1
03-10 17:30:26.002 I/WindowManager( 1403): process interceptKeyBeforeQueueing result = 1
03-10 17:30:26.002 D/WindowManager( 1403): interceptKeyTi keyCode=112 down=true repeatCount=0 keyguardOn=false mHomePressed=false canceled=false
03-10 17:30:26.002 D/WindowManager( 1403): intercept win = Window{22009371 u0 test.joko.com.myapplication/test.joko.com.myapplication.main}
03-10 17:30:26.002 D/WindowManager( 1403): intercept attrs = WM.LayoutParams{(0,0)(fillxfill) sim=#120 ty=1 fl=#81810100 wanim=0x1030466 vsysui=0x600 surfaceInsets=Rect(0, 0 - 0, 0) needsMenuKey=2}
03-10 17:30:26.002 I/WindowManager( 1403): process interceptKeyBeforeDispatching ,let the application handle the key.
03-10 17:30:26.002 W/InputDispatcher( 1403): interceptKeyBeforeDispatching delay = 0
03-10 17:30:26.012 I/Input   (17018): injectKeyEvent: KeyEvent { action=ACTION_UP, keyCode=KEYCODE_FORWARD_DEL, scanCode=0, metaState=0, flags=0x0, repeatCount=0, eventTime=3582213, downTime=3582213, deviceId=-1, source=0x101 }
03-10 17:30:26.012 D/WindowManager( 1403): interceptKeyBeforeQueueing systemBooted = true
03-10 17:30:26.012 D/WindowManager( 1403): interceptKeyTq keycode=112 interactive=true keyguardActive=false policyFlags=2b000000
03-10 17:30:26.012 W/WindowManager( 1403): checkBaseRequirement inJected is true ,return.
03-10 17:30:26.012 D/WindowManager( 1403): isPhicalHomeKey = false ,result = 1
03-10 17:30:26.012 I/WindowManager( 1403): process interceptKeyBeforeQueueing result = 1
03-10 17:30:26.012 D/WindowManager( 1403): interceptKeyTi keyCode=112 down=false repeatCount=0 keyguardOn=false mHomePressed=false canceled=false
03-10 17:30:26.012 D/WindowManager( 1403): intercept win = Window{22009371 u0 test.joko.com.myapplication/test.joko.com.myapplication.main}
03-10 17:30:26.012 D/WindowManager( 1403): intercept attrs = WM.LayoutParams{(0,0)(fillxfill) sim=#120 ty=1 fl=#81810100 wanim=0x1030466 vsysui=0x600 surfaceInsets=Rect(0, 0 - 0, 0) needsMenuKey=2}
03-10 17:30:26.012 I/WindowManager( 1403): process interceptKeyBeforeDispatching ,let the application handle the key.
03-10 17:30:26.012 W/InputDispatcher( 1403): interceptKeyBeforeDispatching delay = 0
03-10 17:30:26.012 D/AndroidRuntime(17018): Shutting down VM
03-10 17:30:26.222 W/art     (17018): unexpectedly found a contender on mutex Task processor lock
03-10 17:30:26.222 W/art     (17018): ConditionVariable::~ConditionVariable for Task processor condition called with 1 waiters.
03-10 17:30:26.372 I/VivoNetworkController( 2235): SystemUI|mWifiEnabled && mWifiConnected = true
03-10 17:30:26.412 W/Atfwd_Sendcmd(15891): AtCmdFwd service not published, waiting... retryCnt : 2
03-10 17:30:26.502 I/SurfaceFlinger(  437): FPS: 60
03-10 17:30:26.532 I/QueryController(16804): Matched selector: UiSelector[INSTANCE=0, RESOURCE_ID=test.joko.com.myapplication:id/editText2] <<==>> [android.view.accessibility.AccessibilityNodeInfo@8000b812; boundsInParent: Rect(0, 0 - 1440, 180); boundsInScreen: Rect(0, 500 - 1440, 680); packageName: test.joko.com.myapplication; className: android.widget.EditText; text: null; error: null; maxTextLength: -1; contentDescription: null; viewIdResName: test.joko.com.myapplication:id/editText2; checkable: false; checked: false; focusable: true; focused: true; selected: false; clickable: true; longClickable: true; enabled: true; password: false; scrollable: false; actions: [AccessibilityAction: ACTION_CLEAR_FOCUS - null, AccessibilityAction: ACTION_SELECT - null, AccessibilityAction: ACTION_CLEAR_SELECTION - null, AccessibilityAction: ACTION_CLICK - null, AccessibilityAction: ACTION_LONG_CLICK - null, AccessibilityAction: ACTION_ACCESSIBILITY_FOCUS - null]]
03-10 17:30:26.572 I/QueryController(16804): Matched selector: UiSelector[INSTANCE=0, RESOURCE_ID=test.joko.com.myapplication:id/editText2] <<==>> [android.view.accessibility.AccessibilityNodeInfo@8000b812; boundsInParent: Rect(0, 0 - 1440, 180); boundsInScreen: Rect(0, 500 - 1440, 680); packageName: test.joko.com.myapplication; className: android.widget.EditText; text: null; error: null; maxTextLength: -1; contentDescription: null; viewIdResName: test.joko.com.myapplication:id/editText2; checkable: false; checked: false; focusable: true; focused: true; selected: false; clickable: true; longClickable: true; enabled: true; password: false; scrollable: false; actions: [AccessibilityAction: ACTION_CLEAR_FOCUS - null, AccessibilityAction: ACTION_SELECT - null, AccessibilityAction: ACTION_CLEAR_SELECTION - null, AccessibilityAction: ACTION_CLICK - null, AccessibilityAction: ACTION_LONG_CLICK - null, AccessibilityAction: ACTION_ACCESSIBILITY_FOCUS - null]]
03-10 17:30:26.582 I/QueryController(16804): Matched selector: UiSelector[INSTANCE=0, RESOURCE_ID=test.joko.com.myapplication:id/editText2] <<==>> [android.view.accessibility.AccessibilityNodeInfo@8000b812; boundsInParent: Rect(0, 0 - 1440, 180); boundsInScreen: Rect(0, 500 - 1440, 680); packageName: test.joko.com.myapplication; className: android.widget.EditText; text: null; error: null; maxTextLength: -1; contentDescription: null; viewIdResName: test.joko.com.myapplication:id/editText2; checkable: false; checked: false; focusable: true; focused: true; selected: false; clickable: true; longClickable: true; enabled: true; password: false; scrollable: false; actions: [AccessibilityAction: ACTION_CLEAR_FOCUS - null, AccessibilityAction: ACTION_SELECT - null, AccessibilityAction: ACTION_CLEAR_SELECTION - null, AccessibilityAction: ACTION_CLICK - null, AccessibilityAction: ACTION_LONG_CLICK - null, AccessibilityAction: ACTION_ACCESSIBILITY_FOCUS - null]]
03-10 17:30:26.602 I/QueryController(16804): Matched selector: UiSelector[INSTANCE=0, RESOURCE_ID=test.joko.com.myapplication:id/editText2] <<==>> [android.view.accessibility.AccessibilityNodeInfo@8000b812; boundsInParent: Rect(0, 0 - 1440, 180); boundsInScreen: Rect(0, 500 - 1440, 680); packageName: test.joko.com.myapplication; className: android.widget.EditText; text: null; error: null; maxTextLength: -1; contentDescription: null; viewIdResName: test.joko.com.myapplication:id/editText2; checkable: false; checked: false; focusable: true; focused: true; selected: false; clickable: true; longClickable: true; enabled: true; password: false; scrollable: false; actions: [AccessibilityAction: ACTION_CLEAR_FOCUS - null, AccessibilityAction: ACTION_SELECT - null, AccessibilityAction: ACTION_CLEAR_SELECTION - null, AccessibilityAction: ACTION_CLICK - null, AccessibilityAction: ACTION_LONG_CLICK - null, AccessibilityAction: ACTION_ACCESSIBILITY_FOCUS - null]]
03-10 17:30:26.602 D/UiObject(16804): getText() = 
03-10 17:30:26.622 I/QueryController(16804): Matched selector: UiSelector[INSTANCE=0, RESOURCE_ID=test.joko.com.myapplication:id/editText2] <<==>> [android.view.accessibility.AccessibilityNodeInfo@8000b812; boundsInParent: Rect(0, 0 - 1440, 180); boundsInScreen: Rect(0, 500 - 1440, 680); packageName: test.joko.com.myapplication; className: android.widget.EditText; text: null; error: null; maxTextLength: -1; contentDescription: null; viewIdResName: test.joko.com.myapplication:id/editText2; checkable: false; checked: false; focusable: true; focused: true; selected: false; clickable: true; longClickable: true; enabled: true; password: false; scrollable: false; actions: [AccessibilityAction: ACTION_CLEAR_FOCUS - null, AccessibilityAction: ACTION_SELECT - null, AccessibilityAction: ACTION_CLEAR_SELECTION - null, AccessibilityAction: ACTION_CLICK - null, AccessibilityAction: ACTION_LONG_CLICK - null, AccessibilityAction: ACTION_ACCESSIBILITY_FOCUS - null]]
03-10 17:30:26.632 W/ContentService( 1403): Ignoring content changes for content://settings/secure from 2000: Failed to find PID 16804
03-10 17:30:27.132 E/PopupToolbar(16850): the hostView window type is not support PopupToolbar
03-10 17:30:27.132 I/FtTextViewPopupToolbar(16850):  line = 0 top = 0 bottom = 96
03-10 17:30:27.142 D/PopupToolbar(16850): x:0y:311
03-10 17:30:27.142 I/ViewRootImpl(16850): CPU Rendering VSync enable = true
03-10 17:30:27.142 V/WindowManager( 1403): Adding window Window{22654245 u0 PopupWindow:503e1a3} at 10 of 17 (after Window{22009371 u0 test.joko.com.myapplication/test.joko.com.myapplication.main})
03-10 17:30:27.152 D/SettingsProvider( 1403): lookupValue table system cache contains Key haptic_feedback_enabled , value = Bundle[{value=0}]
03-10 17:30:27.152 D/WindowManager( 1403): performHapticFeedbackLw = true ,effectId = 0
03-10 17:30:27.172 V/ResourcesManager(16850): Skipping new config: curSeq=17, newSeq=17
03-10 17:30:27.182 V/ResourcesManager(16850): Skipping new config: curSeq=17, newSeq=17
03-10 17:30:27.372 I/VivoNetworkController( 2235): SystemUI|mWifiEnabled && mWifiConnected = true
03-10 17:30:27.502 I/SurfaceFlinger(  437): FPS: 60
03-10 17:30:27.712 I/SocketReaderNew( 8602): SocketReader(189) continue
03-10 17:30:27.712 D/MSF.C.NetConnTag( 8602): MsfCoreSocketReaderNew closeConn readError
03-10 17:30:27.712 D/MSF.C.NetConnTag( 8602): conn is already closed on readError
03-10 17:30:27.722 W/System.err( 8602): java.net.SocketException: Socket is closed
03-10 17:30:27.722 W/System.err( 8602): 	at java.net.Socket.checkOpenAndCreate(Socket.java:665)
03-10 17:30:27.722 W/System.err( 8602): 	at java.net.Socket.getSoTimeout(Socket.java:457)
03-10 17:30:27.722 W/System.err( 8602): 	at com.tencent.qphone.base.util.MsfSocketInputBuffer.isDataAvailable(MsfSocketInputBuffer.java:71)
03-10 17:30:27.722 W/System.err( 8602): 	at com.tencent.mobileqq.msf.core.net.l$b.run(SocketEngine.java:491)
03-10 17:30:27.722 I/SocketReaderNew( 8602): SocketReader(189) wait
03-10 17:30:28.512 I/SurfaceFlinger(  437): FPS: 60
03-10 17:30:28.982 D/WindowManager( 1403): interceptKeyBeforeQueueing systemBooted = true
03-10 17:30:28.982 D/WindowManager( 1403): interceptKeyTq keycode=67 interactive=true keyguardActive=false policyFlags=2b000000
03-10 17:30:28.982 W/WindowManager( 1403): checkBaseRequirement inJected is true ,return.
03-10 17:30:28.982 D/WindowManager( 1403): isPhicalHomeKey = false ,result = 1
03-10 17:30:28.982 I/WindowManager( 1403): process interceptKeyBeforeQueueing result = 1
03-10 17:30:28.982 D/WindowManager( 1403): interceptKeyTi keyCode=67 down=true repeatCount=0 keyguardOn=false mHomePressed=false canceled=false
03-10 17:30:28.982 D/WindowManager( 1403): intercept win = Window{22009371 u0 test.joko.com.myapplication/test.joko.com.myapplication.main}
03-10 17:30:28.982 D/WindowManager( 1403): intercept attrs = WM.LayoutParams{(0,0)(fillxfill) sim=#120 ty=1 fl=#81810100 wanim=0x1030466 vsysui=0x600 surfaceInsets=Rect(0, 0 - 0, 0) needsMenuKey=2}
03-10 17:30:28.982 I/WindowManager( 1403): process interceptKeyBeforeDispatching ,let the application handle the key.
03-10 17:30:28.982 W/InputDispatcher( 1403): interceptKeyBeforeDispatching delay = 0
03-10 17:30:28.982 D/WindowManager( 1403): interceptKeyBeforeQueueing systemBooted = true
03-10 17:30:28.982 D/WindowManager( 1403): interceptKeyTq keycode=67 interactive=true keyguardActive=false policyFlags=2b000000
03-10 17:30:28.982 W/WindowManager( 1403): checkBaseRequirement inJected is true ,return.
03-10 17:30:28.982 D/WindowManager( 1403): isPhicalHomeKey = false ,result = 1
03-10 17:30:28.982 I/WindowManager( 1403): process interceptKeyBeforeQueueing result = 1
03-10 17:30:28.992 D/WindowManager( 1403): interceptKeyTi keyCode=67 down=false repeatCount=0 keyguardOn=false mHomePressed=false canceled=false
03-10 17:30:28.992 D/WindowManager( 1403): intercept win = Window{22009371 u0 test.joko.com.myapplication/test.joko.com.myapplication.main}
03-10 17:30:28.992 D/WindowManager( 1403): intercept attrs = WM.LayoutParams{(0,0)(fillxfill) sim=#120 ty=1 fl=#81810100 wanim=0x1030466 vsysui=0x600 surfaceInsets=Rect(0, 0 - 0, 0) needsMenuKey=2}
03-10 17:30:28.992 I/WindowManager( 1403): process interceptKeyBeforeDispatching ,let the application handle the key.
03-10 17:30:28.992 W/InputDispatcher( 1403): interceptKeyBeforeDispatching delay = 0
03-10 17:30:28.992 I/QueryController(16804): Matched selector: UiSelector[INSTANCE=0, RESOURCE_ID=test.joko.com.myapplication:id/editText2] <<==>> [android.view.accessibility.AccessibilityNodeInfo@8000b812; boundsInParent: Rect(0, 0 - 1440, 180); boundsInScreen: Rect(0, 500 - 1440, 680); packageName: test.joko.com.myapplication; className: android.widget.EditText; text: null; error: null; maxTextLength: -1; contentDescription: null; viewIdResName: test.joko.com.myapplication:id/editText2; checkable: false; checked: false; focusable: true; focused: true; selected: false; clickable: true; longClickable: true; enabled: true; password: false; scrollable: false; actions: [AccessibilityAction: ACTION_CLEAR_FOCUS - null, AccessibilityAction: ACTION_SELECT - null, AccessibilityAction: ACTION_CLEAR_SELECTION - null, AccessibilityAction: ACTION_CLICK - null, AccessibilityAction: ACTION_LONG_CLICK - null, AccessibilityAction: ACTION_ACCESSIBILITY_FOCUS - null]]
03-10 17:30:28.992 D/UiObject(16804): getText() = 
03-10 17:30:29.002 I/QueryController(16804): Matched selector: UiSelector[INSTANCE=0, RESOURCE_ID=test.joko.com.myapplication:id/editText2] <<==>> [android.view.accessibility.AccessibilityNodeInfo@8000b812; boundsInParent: Rect(0, 0 - 1440, 180); boundsInScreen: Rect(0, 500 - 1440, 680); packageName: test.joko.com.myapplication; className: android.widget.EditText; text: null; error: null; maxTextLength: -1; contentDescription: null; viewIdResName: test.joko.com.myapplication:id/editText2; checkable: false; checked: false; focusable: true; focused: true; selected: false; clickable: true; longClickable: true; enabled: true; password: false; scrollable: false; actions: [AccessibilityAction: ACTION_CLEAR_FOCUS - null, AccessibilityAction: ACTION_SELECT - null, AccessibilityAction: ACTION_CLEAR_SELECTION - null, AccessibilityAction: ACTION_CLICK - null, AccessibilityAction: ACTION_LONG_CLICK - null, AccessibilityAction: ACTION_ACCESSIBILITY_FOCUS - null]]
03-10 17:30:29.002 D/UiObject(16804): getText() = 
03-10 17:30:29.012 I/QueryController(16804): Matched selector: UiSelector[INSTANCE=0, RESOURCE_ID=test.joko.com.myapplication:id/editText2] <<==>> [android.view.accessibility.AccessibilityNodeInfo@8000b812; boundsInParent: Rect(0, 0 - 1440, 180); boundsInScreen: Rect(0, 500 - 1440, 680); packageName: test.joko.com.myapplication; className: android.widget.EditText; text: null; error: null; maxTextLength: -1; contentDescription: null; viewIdResName: test.joko.com.myapplication:id/editText2; checkable: false; checked: false; focusable: true; focused: true; selected: false; clickable: true; longClickable: true; enabled: true; password: false; scrollable: false; actions: [AccessibilityAction: ACTION_CLEAR_FOCUS - null, AccessibilityAction: ACTION_SELECT - null, AccessibilityAction: ACTION_CLEAR_SELECTION - null, AccessibilityAction: ACTION_CLICK - null, AccessibilityAction: ACTION_LONG_CLICK - null, AccessibilityAction: ACTION_ACCESSIBILITY_FOCUS - null]]
03-10 17:30:29.022 W/InputEventReceiver(16850): Attempted to finish an input event but the input event receiver has already been disposed.
03-10 17:30:29.032 W/ContentService( 1403): Ignoring content changes for content://settings/secure from 2000: Failed to find PID 16804
03-10 17:30:29.522 I/SurfaceFlinger(  437): FPS: 60
03-10 17:30:29.532 E/PopupToolbar(16850): the hostView window type is not support PopupToolbar
03-10 17:30:29.532 I/FtTextViewPopupToolbar(16850):  line = 0 top = 0 bottom = 96
03-10 17:30:29.532 D/PopupToolbar(16850): x:0y:311
03-10 17:30:29.532 I/ViewRootImpl(16850): CPU Rendering VSync enable = true
03-10 17:30:29.542 V/WindowManager( 1403): Adding window Window{30f7aea8 u0 PopupWindow:503e1a3} at 10 of 17 (after Window{22009371 u0 test.joko.com.myapplication/test.joko.com.myapplication.main})
03-10 17:30:29.542 D/SettingsProvider( 1403): lookupValue table system cache contains Key haptic_feedback_enabled , value = Bundle[{value=0}]
03-10 17:30:29.542 D/WindowManager( 1403): performHapticFeedbackLw = true ,effectId = 0
03-10 17:30:29.572 V/ResourcesManager(16850): Skipping new config: curSeq=17, newSeq=17
03-10 17:30:29.582 V/ResourcesManager(16850): Skipping new config: curSeq=17, newSeq=17
03-10 17:30:29.912 I/MSM-irqbalance(  799): Decided to move IRQ200 from CPU1 to CPU0
03-10 17:30:30.532 I/SurfaceFlinger(  437): FPS: 60
03-10 17:30:31.292 D/WindowManager( 1403): interceptKeyBeforeQueueing systemBooted = true
03-10 17:30:31.292 D/WindowManager( 1403): interceptKeyTq keycode=67 interactive=true keyguardActive=false policyFlags=2b000000
03-10 17:30:31.292 W/WindowManager( 1403): checkBaseRequirement inJected is true ,return.
03-10 17:30:31.292 D/WindowManager( 1403): isPhicalHomeKey = false ,result = 1
03-10 17:30:31.292 I/WindowManager( 1403): process interceptKeyBeforeQueueing result = 1
03-10 17:30:31.292 D/WindowManager( 1403): interceptKeyTi keyCode=67 down=true repeatCount=0 keyguardOn=false mHomePressed=false canceled=false
03-10 17:30:31.292 D/WindowManager( 1403): intercept win = Window{22009371 u0 test.joko.com.myapplication/test.joko.com.myapplication.main}
03-10 17:30:31.292 D/WindowManager( 1403): intercept attrs = WM.LayoutParams{(0,0)(fillxfill) sim=#120 ty=1 fl=#81810100 wanim=0x1030466 vsysui=0x600 surfaceInsets=Rect(0, 0 - 0, 0) needsMenuKey=2}
03-10 17:30:31.292 I/WindowManager( 1403): process interceptKeyBeforeDispatching ,let the application handle the key.
03-10 17:30:31.292 W/InputDispatcher( 1403): interceptKeyBeforeDispatching delay = 0
03-10 17:30:31.292 D/WindowManager( 1403): interceptKeyBeforeQueueing systemBooted = true
03-10 17:30:31.292 D/WindowManager( 1403): interceptKeyTq keycode=67 interactive=true keyguardActive=false policyFlags=2b000000
03-10 17:30:31.292 W/WindowManager( 1403): checkBaseRequirement inJected is true ,return.
03-10 17:30:31.292 D/WindowManager( 1403): isPhicalHomeKey = false ,result = 1
03-10 17:30:31.292 I/WindowManager( 1403): process interceptKeyBeforeQueueing result = 1
03-10 17:30:31.292 D/WindowManager( 1403): interceptKeyTi keyCode=67 down=false repeatCount=0 keyguardOn=false mHomePressed=false canceled=false
03-10 17:30:31.292 D/WindowManager( 1403): intercept win = Window{22009371 u0 test.joko.com.myapplication/test.joko.com.myapplication.main}
03-10 17:30:31.292 D/WindowManager( 1403): intercept attrs = WM.LayoutParams{(0,0)(fillxfill) sim=#120 ty=1 fl=#81810100 wanim=0x1030466 vsysui=0x600 surfaceInsets=Rect(0, 0 - 0, 0) needsMenuKey=2}
03-10 17:30:31.292 I/WindowManager( 1403): process interceptKeyBeforeDispatching ,let the application handle the key.
03-10 17:30:31.292 W/InputDispatcher( 1403): interceptKeyBeforeDispatching delay = 0
03-10 17:30:31.302 D/WindowManager( 1403): interceptKeyBeforeQueueing systemBooted = true
03-10 17:30:31.302 D/WindowManager( 1403): interceptKeyTq keycode=16 interactive=true keyguardActive=false policyFlags=2b000000
03-10 17:30:31.302 W/WindowManager( 1403): checkBaseRequirement inJected is true ,return.
03-10 17:30:31.302 D/WindowManager( 1403): isPhicalHomeKey = false ,result = 1
03-10 17:30:31.302 I/WindowManager( 1403): process interceptKeyBeforeQueueing result = 1
03-10 17:30:31.302 D/WindowManager( 1403): interceptKeyTi keyCode=16 down=true repeatCount=0 keyguardOn=false mHomePressed=false canceled=false
03-10 17:30:31.302 D/WindowManager( 1403): intercept win = Window{22009371 u0 test.joko.com.myapplication/test.joko.com.myapplication.main}
03-10 17:30:31.302 D/WindowManager( 1403): intercept attrs = WM.LayoutParams{(0,0)(fillxfill) sim=#120 ty=1 fl=#81810100 wanim=0x1030466 vsysui=0x600 surfaceInsets=Rect(0, 0 - 0, 0) needsMenuKey=2}
03-10 17:30:31.302 I/WindowManager( 1403): process interceptKeyBeforeDispatching ,let the application handle the key.
03-10 17:30:31.302 W/InputDispatcher( 1403): interceptKeyBeforeDispatching delay = 0
03-10 17:30:31.312 D/WindowManager( 1403): interceptKeyBeforeQueueing systemBooted = true
03-10 17:30:31.322 D/WindowManager( 1403): interceptKeyTq keycode=16 interactive=true keyguardActive=false policyFlags=2b000000
03-10 17:30:31.322 W/WindowManager( 1403): checkBaseRequirement inJected is true ,return.
03-10 17:30:31.322 D/WindowManager( 1403): isPhicalHomeKey = false ,result = 1
03-10 17:30:31.322 I/WindowManager( 1403): process interceptKeyBeforeQueueing result = 1
03-10 17:30:31.322 D/WindowManager( 1403): interceptKeyTi keyCode=16 down=false repeatCount=0 keyguardOn=false mHomePressed=false canceled=false
03-10 17:30:31.322 D/WindowManager( 1403): intercept win = Window{22009371 u0 test.joko.com.myapplication/test.joko.com.myapplication.main}
03-10 17:30:31.322 D/WindowManager( 1403): intercept attrs = WM.LayoutParams{(0,0)(fillxfill) sim=#120 ty=1 fl=#81810100 wanim=0x1030466 vsysui=0x600 surfaceInsets=Rect(0, 0 - 0, 0) needsMenuKey=2}
03-10 17:30:31.322 I/WindowManager( 1403): process interceptKeyBeforeDispatching ,let the application handle the key.
03-10 17:30:31.322 W/InputDispatcher( 1403): interceptKeyBeforeDispatching delay = 0
03-10 17:30:31.322 D/WindowManager( 1403): interceptKeyBeforeQueueing systemBooted = true
03-10 17:30:31.322 D/WindowManager( 1403): interceptKeyTq keycode=16 interactive=true keyguardActive=false policyFlags=2b000000
03-10 17:30:31.322 W/WindowManager( 1403): checkBaseRequirement inJected is true ,return.
03-10 17:30:31.322 D/WindowManager( 1403): isPhicalHomeKey = false ,result = 1
03-10 17:30:31.332 I/WindowManager( 1403): process interceptKeyBeforeQueueing result = 1
03-10 17:30:31.332 D/WindowManager( 1403): interceptKeyTi keyCode=16 down=true repeatCount=0 keyguardOn=false mHomePressed=false canceled=false
03-10 17:30:31.332 D/WindowManager( 1403): intercept win = Window{22009371 u0 test.joko.com.myapplication/test.joko.com.myapplication.main}
03-10 17:30:31.332 D/WindowManager( 1403): intercept attrs = WM.LayoutParams{(0,0)(fillxfill) sim=#120 ty=1 fl=#81810100 wanim=0x1030466 vsysui=0x600 surfaceInsets=Rect(0, 0 - 0, 0) needsMenuKey=2}
03-10 17:30:31.332 I/WindowManager( 1403): process interceptKeyBeforeDispatching ,let the application handle the key.
03-10 17:30:31.332 W/InputDispatcher( 1403): interceptKeyBeforeDispatching delay = 0
03-10 17:30:31.342 D/WindowManager( 1403): interceptKeyBeforeQueueing systemBooted = true
03-10 17:30:31.342 D/WindowManager( 1403): interceptKeyTq keycode=16 interactive=true keyguardActive=false policyFlags=2b000000
03-10 17:30:31.342 W/WindowManager( 1403): checkBaseRequirement inJected is true ,return.
03-10 17:30:31.342 D/WindowManager( 1403): isPhicalHomeKey = false ,result = 1
03-10 17:30:31.342 I/WindowManager( 1403): process interceptKeyBeforeQueueing result = 1
03-10 17:30:31.342 D/WindowManager( 1403): interceptKeyTi keyCode=16 down=false repeatCount=0 keyguardOn=false mHomePressed=false canceled=false
03-10 17:30:31.342 D/WindowManager( 1403): intercept win = Window{22009371 u0 test.joko.com.myapplication/test.joko.com.myapplication.main}
03-10 17:30:31.342 D/WindowManager( 1403): intercept attrs = WM.LayoutParams{(0,0)(fillxfill) sim=#120 ty=1 fl=#81810100 wanim=0x1030466 vsysui=0x600 surfaceInsets=Rect(0, 0 - 0, 0) needsMenuKey=2}
03-10 17:30:31.342 I/WindowManager( 1403): process interceptKeyBeforeDispatching ,let the application handle the key.
03-10 17:30:31.342 W/InputDispatcher( 1403): interceptKeyBeforeDispatching delay = 0
03-10 17:30:31.342 D/WindowManager( 1403): interceptKeyBeforeQueueing systemBooted = true
03-10 17:30:31.342 D/WindowManager( 1403): interceptKeyTq keycode=16 interactive=true keyguardActive=false policyFlags=2b000000
03-10 17:30:31.342 W/WindowManager( 1403): checkBaseRequirement inJected is true ,return.
03-10 17:30:31.342 D/WindowManager( 1403): isPhicalHomeKey = false ,result = 1
03-10 17:30:31.342 I/WindowManager( 1403): process interceptKeyBeforeQueueing result = 1
03-10 17:30:31.342 D/WindowManager( 1403): interceptKeyTi keyCode=16 down=true repeatCount=0 keyguardOn=false mHomePressed=false canceled=false
03-10 17:30:31.342 D/WindowManager( 1403): intercept win = Window{22009371 u0 test.joko.com.myapplication/test.joko.com.myapplication.main}
03-10 17:30:31.342 D/WindowManager( 1403): intercept attrs = WM.LayoutParams{(0,0)(fillxfill) sim=#120 ty=1 fl=#81810100 wanim=0x1030466 vsysui=0x600 surfaceInsets=Rect(0, 0 - 0, 0) needsMenuKey=2}
03-10 17:30:31.342 I/WindowManager( 1403): process interceptKeyBeforeDispatching ,let the application handle the key.
03-10 17:30:31.342 W/InputDispatcher( 1403): interceptKeyBeforeDispatching delay = 0
03-10 17:30:31.352 D/WindowManager( 1403): interceptKeyBeforeQueueing systemBooted = true
03-10 17:30:31.352 D/WindowManager( 1403): interceptKeyTq keycode=16 interactive=true keyguardActive=false policyFlags=2b000000
03-10 17:30:31.352 W/WindowManager( 1403): checkBaseRequirement inJected is true ,return.
03-10 17:30:31.352 D/WindowManager( 1403): isPhicalHomeKey = false ,result = 1
03-10 17:30:31.352 I/WindowManager( 1403): process interceptKeyBeforeQueueing result = 1
03-10 17:30:31.352 D/WindowManager( 1403): interceptKeyTi keyCode=16 down=false repeatCount=0 keyguardOn=false mHomePressed=false canceled=false
03-10 17:30:31.352 D/WindowManager( 1403): intercept win = Window{22009371 u0 test.joko.com.myapplication/test.joko.com.myapplication.main}
03-10 17:30:31.352 D/WindowManager( 1403): intercept attrs = WM.LayoutParams{(0,0)(fillxfill) sim=#120 ty=1 fl=#81810100 wanim=0x1030466 vsysui=0x600 surfaceInsets=Rect(0, 0 - 0, 0) needsMenuKey=2}
03-10 17:30:31.352 I/WindowManager( 1403): process interceptKeyBeforeDispatching ,let the application handle the key.
03-10 17:30:31.352 W/InputDispatcher( 1403): interceptKeyBeforeDispatching delay = 0
03-10 17:30:31.362 D/WindowManager( 1403): interceptKeyBeforeQueueing systemBooted = true
03-10 17:30:31.362 D/WindowManager( 1403): interceptKeyTq keycode=16 interactive=true keyguardActive=false policyFlags=2b000000
03-10 17:30:31.362 W/WindowManager( 1403): checkBaseRequirement inJected is true ,return.
03-10 17:30:31.362 D/WindowManager( 1403): isPhicalHomeKey = false ,result = 1
03-10 17:30:31.362 I/WindowManager( 1403): process interceptKeyBeforeQueueing result = 1
03-10 17:30:31.362 D/WindowManager( 1403): interceptKeyTi keyCode=16 down=true repeatCount=0 keyguardOn=false mHomePressed=false canceled=false
03-10 17:30:31.362 D/WindowManager( 1403): intercept win = Window{22009371 u0 test.joko.com.myapplication/test.joko.com.myapplication.main}
03-10 17:30:31.362 D/WindowManager( 1403): intercept attrs = WM.LayoutParams{(0,0)(fillxfill) sim=#120 ty=1 fl=#81810100 wanim=0x1030466 vsysui=0x600 surfaceInsets=Rect(0, 0 - 0, 0) needsMenuKey=2}
03-10 17:30:31.362 I/WindowManager( 1403): process interceptKeyBeforeDispatching ,let the application handle the key.
03-10 17:30:31.362 W/InputDispatcher( 1403): interceptKeyBeforeDispatching delay = 0
03-10 17:30:31.372 D/WindowManager( 1403): interceptKeyBeforeQueueing systemBooted = true
03-10 17:30:31.372 D/WindowManager( 1403): interceptKeyTq keycode=16 interactive=true keyguardActive=false policyFlags=2b000000
03-10 17:30:31.372 W/WindowManager( 1403): checkBaseRequirement inJected is true ,return.
03-10 17:30:31.372 D/WindowManager( 1403): isPhicalHomeKey = false ,result = 1
03-10 17:30:31.372 I/WindowManager( 1403): process interceptKeyBeforeQueueing result = 1
03-10 17:30:31.372 D/WindowManager( 1403): interceptKeyTi keyCode=16 down=false repeatCount=0 keyguardOn=false mHomePressed=false canceled=false
03-10 17:30:31.372 D/WindowManager( 1403): intercept win = Window{22009371 u0 test.joko.com.myapplication/test.joko.com.myapplication.main}
03-10 17:30:31.372 D/WindowManager( 1403): intercept attrs = WM.LayoutParams{(0,0)(fillxfill) sim=#120 ty=1 fl=#81810100 wanim=0x1030466 vsysui=0x600 surfaceInsets=Rect(0, 0 - 0, 0) needsMenuKey=2}
03-10 17:30:31.372 I/WindowManager( 1403): process interceptKeyBeforeDispatching ,let the application handle the key.
03-10 17:30:31.372 W/InputDispatcher( 1403): interceptKeyBeforeDispatching delay = 0
03-10 17:30:31.532 I/SurfaceFlinger(  437): FPS: 60
03-10 17:30:31.702 I/VivoNetworkController( 2235): SystemUI|action = android.net.wifi.RSSI_CHANGED
03-10 17:30:31.702 I/VivoNetworkController( 2235): SystemUI|updateWifiIcons mWifiConnected = true mWifiIconId2130839259
03-10 17:30:31.702 I/VivoNetworkController( 2235): SystemUI|mWifiEnabled && mWifiConnected = true
03-10 17:30:32.272 I/AccessibilityNodeInfoDumper(16804): Skipping invisible child: android.view.accessibility.AccessibilityNodeInfo@8000d9db; boundsInParent: Rect(0, 0 - 0, 224); boundsInScreen: Rect(1440, 96 - 1440, 320); packageName: test.joko.com.myapplication; className: android.support.v7.widget.LinearLayoutCompat; text: null; error: null; maxTextLength: -1; contentDescription: null; viewIdResName: null; checkable: false; checked: false; focusable: false; focused: false; selected: false; clickable: false; longClickable: false; enabled: true; password: false; scrollable: false; actions: [AccessibilityAction: ACTION_SELECT - null, AccessibilityAction: ACTION_CLEAR_SELECTION - null, AccessibilityAction: ACTION_ACCESSIBILITY_FOCUS - null]
03-10 17:30:32.272 W/AccessibilityNodeInfoDumper(16804): Fetch time: 8ms
03-10 17:30:32.352 I/QueryController(16804): Matched selector: UiSelector[CLASS=android.widget.Button, INSTANCE=0] <<==>> [android.view.accessibility.AccessibilityNodeInfo@8000bbd3; boundsInParent: Rect(0, 0 - 1440, 192); boundsInScreen: Rect(0, 680 - 1440, 872); packageName: test.joko.com.myapplication; className: android.widget.Button; text: 确定; error: null; maxTextLength: -1; contentDescription: null; viewIdResName: test.joko.com.myapplication:id/button2; checkable: false; checked: false; focusable: true; focused: false; selected: false; clickable: true; longClickable: false; enabled: true; password: false; scrollable: false; actions: [AccessibilityAction: ACTION_FOCUS - null, AccessibilityAction: ACTION_SELECT - null, AccessibilityAction: ACTION_CLEAR_SELECTION - null, AccessibilityAction: ACTION_CLICK - null, AccessibilityAction: ACTION_ACCESSIBILITY_FOCUS - null, AccessibilityAction: ACTION_NEXT_AT_MOVEMENT_GRANULARITY - null, AccessibilityAction: ACTION_PREVIOUS_AT_MOVEMENT_GRANULARITY - null, AccessibilityAction: ACTION_SET_SELECTION - null]]
03-10 17:30:32.372 I/QueryController(16804): Matched selector: UiSelector[CLASS=android.widget.Button, INSTANCE=0] <<==>> [android.view.accessibility.AccessibilityNodeInfo@8000bbd3; boundsInParent: Rect(0, 0 - 1440, 192); boundsInScreen: Rect(0, 680 - 1440, 872); packageName: test.joko.com.myapplication; className: android.widget.Button; text: 确定; error: null; maxTextLength: -1; contentDescription: null; viewIdResName: test.joko.com.myapplication:id/button2; checkable: false; checked: false; focusable: true; focused: false; selected: false; clickable: true; longClickable: false; enabled: true; password: false; scrollable: false; actions: [AccessibilityAction: ACTION_FOCUS - null, AccessibilityAction: ACTION_SELECT - null, AccessibilityAction: ACTION_CLEAR_SELECTION - null, AccessibilityAction: ACTION_CLICK - null, AccessibilityAction: ACTION_ACCESSIBILITY_FOCUS - null, AccessibilityAction: ACTION_NEXT_AT_MOVEMENT_GRANULARITY - null, AccessibilityAction: ACTION_PREVIOUS_AT_MOVEMENT_GRANULARITY - null, AccessibilityAction: ACTION_SET_SELECTION - null]]
03-10 17:30:32.402 I/AccessibilityNodeInfoDumper(16804): Skipping invisible child: android.view.accessibility.AccessibilityNodeInfo@8000d9db; boundsInParent: Rect(0, 0 - 0, 224); boundsInScreen: Rect(1440, 96 - 1440, 320); packageName: test.joko.com.myapplication; className: android.support.v7.widget.LinearLayoutCompat; text: null; error: null; maxTextLength: -1; contentDescription: null; viewIdResName: null; checkable: false; checked: false; focusable: false; focused: false; selected: false; clickable: false; longClickable: false; enabled: true; password: false; scrollable: false; actions: [AccessibilityAction: ACTION_SELECT - null, AccessibilityAction: ACTION_CLEAR_SELECTION - null, AccessibilityAction: ACTION_ACCESSIBILITY_FOCUS - null]
03-10 17:30:32.402 W/AccessibilityNodeInfoDumper(16804): Fetch time: 5ms
03-10 17:30:32.442 I/QueryController(16804): Matched selector: UiSelector[CLASS=android.widget.Button, INSTANCE=0] <<==>> [android.view.accessibility.AccessibilityNodeInfo@8000bbd3; boundsInParent: Rect(0, 0 - 1440, 192); boundsInScreen: Rect(0, 680 - 1440, 872); packageName: test.joko.com.myapplication; className: android.widget.Button; text: 确定; error: null; maxTextLength: -1; contentDescription: null; viewIdResName: test.joko.com.myapplication:id/button2; checkable: false; checked: false; focusable: true; focused: false; selected: false; clickable: true; longClickable: false; enabled: true; password: false; scrollable: false; actions: [AccessibilityAction: ACTION_FOCUS - null, AccessibilityAction: ACTION_SELECT - null, AccessibilityAction: ACTION_CLEAR_SELECTION - null, AccessibilityAction: ACTION_CLICK - null, AccessibilityAction: ACTION_ACCESSIBILITY_FOCUS - null, AccessibilityAction: ACTION_NEXT_AT_MOVEMENT_GRANULARITY - null, AccessibilityAction: ACTION_PREVIOUS_AT_MOVEMENT_GRANULARITY - null, AccessibilityAction: ACTION_SET_SELECTION - null]]
03-10 17:30:32.462 I/AccessibilityNodeInfoDumper(16804): Skipping invisible child: android.view.accessibility.AccessibilityNodeInfo@8000d9db; boundsInParent: Rect(0, 0 - 0, 224); boundsInScreen: Rect(1440, 96 - 1440, 320); packageName: test.joko.com.myapplication; className: android.support.v7.widget.LinearLayoutCompat; text: null; error: null; maxTextLength: -1; contentDescription: null; viewIdResName: null; checkable: false; checked: false; focusable: false; focused: false; selected: false; clickable: false; longClickable: false; enabled: true; password: false; scrollable: false; actions: [AccessibilityAction: ACTION_SELECT - null, AccessibilityAction: ACTION_CLEAR_SELECTION - null, AccessibilityAction: ACTION_ACCESSIBILITY_FOCUS - null]
03-10 17:30:32.472 W/AccessibilityNodeInfoDumper(16804): Fetch time: 5ms
03-10 17:30:32.492 I/QueryController(16804): Matched selector: UiSelector[CLASS=android.widget.Button, INSTANCE=0] <<==>> [android.view.accessibility.AccessibilityNodeInfo@8000bbd3; boundsInParent: Rect(0, 0 - 1440, 192); boundsInScreen: Rect(0, 680 - 1440, 872); packageName: test.joko.com.myapplication; className: android.widget.Button; text: 确定; error: null; maxTextLength: -1; contentDescription: null; viewIdResName: test.joko.com.myapplication:id/button2; checkable: false; checked: false; focusable: true; focused: false; selected: false; clickable: true; longClickable: false; enabled: true; password: false; scrollable: false; actions: [AccessibilityAction: ACTION_FOCUS - null, AccessibilityAction: ACTION_SELECT - null, AccessibilityAction: ACTION_CLEAR_SELECTION - null, AccessibilityAction: ACTION_CLICK - null, AccessibilityAction: ACTION_ACCESSIBILITY_FOCUS - null, AccessibilityAction: ACTION_NEXT_AT_MOVEMENT_GRANULARITY - null, AccessibilityAction: ACTION_PREVIOUS_AT_MOVEMENT_GRANULARITY - null, AccessibilityAction: ACTION_SET_SELECTION - null]]
03-10 17:30:32.502 I/QueryController(16804): Matched selector: UiSelector[CLASS=android.widget.Button, INSTANCE=0] <<==>> [android.view.accessibility.AccessibilityNodeInfo@8000bbd3; boundsInParent: Rect(0, 0 - 1440, 192); boundsInScreen: Rect(0, 680 - 1440, 872); packageName: test.joko.com.myapplication; className: android.widget.Button; text: 确定; error: null; maxTextLength: -1; contentDescription: null; viewIdResName: test.joko.com.myapplication:id/button2; checkable: false; checked: false; focusable: true; focused: false; selected: false; clickable: true; longClickable: false; enabled: true; password: false; scrollable: false; actions: [AccessibilityAction: ACTION_FOCUS - null, AccessibilityAction: ACTION_SELECT - null, AccessibilityAction: ACTION_CLEAR_SELECTION - null, AccessibilityAction: ACTION_CLICK - null, AccessibilityAction: ACTION_ACCESSIBILITY_FOCUS - null, AccessibilityAction: ACTION_NEXT_AT_MOVEMENT_GRANULARITY - null, AccessibilityAction: ACTION_PREVIOUS_AT_MOVEMENT_GRANULARITY - null, AccessibilityAction: ACTION_SET_SELECTION - null]]
03-10 17:30:32.522 I/AccessibilityNodeInfoDumper(16804): Skipping invisible child: android.view.accessibility.AccessibilityNodeInfo@8000d9db; boundsInParent: Rect(0, 0 - 0, 224); boundsInScreen: Rect(1440, 96 - 1440, 320); packageName: test.joko.com.myapplication; className: android.support.v7.widget.LinearLayoutCompat; text: null; error: null; maxTextLength: -1; contentDescription: null; viewIdResName: null; checkable: false; checked: false; focusable: false; focused: false; selected: false; clickable: false; longClickable: false; enabled: true; password: false; scrollable: false; actions: [AccessibilityAction: ACTION_SELECT - null, AccessibilityAction: ACTION_CLEAR_SELECTION - null, AccessibilityAction: ACTION_ACCESSIBILITY_FOCUS - null]
03-10 17:30:32.522 W/AccessibilityNodeInfoDumper(16804): Fetch time: 6ms
03-10 17:30:32.542 I/SurfaceFlinger(  437): FPS: 60
03-10 17:30:32.562 I/QueryController(16804): Matched selector: UiSelector[CLASS=android.widget.Button, INSTANCE=0] <<==>> [android.view.accessibility.AccessibilityNodeInfo@8000bbd3; boundsInParent: Rect(0, 0 - 1440, 192); boundsInScreen: Rect(0, 680 - 1440, 872); packageName: test.joko.com.myapplication; className: android.widget.Button; text: 确定; error: null; maxTextLength: -1; contentDescription: null; viewIdResName: test.joko.com.myapplication:id/button2; checkable: false; checked: false; focusable: true; focused: false; selected: false; clickable: true; longClickable: false; enabled: true; password: false; scrollable: false; actions: [AccessibilityAction: ACTION_FOCUS - null, AccessibilityAction: ACTION_SELECT - null, AccessibilityAction: ACTION_CLEAR_SELECTION - null, AccessibilityAction: ACTION_CLICK - null, AccessibilityAction: ACTION_ACCESSIBILITY_FOCUS - null, AccessibilityAction: ACTION_NEXT_AT_MOVEMENT_GRANULARITY - null, AccessibilityAction: ACTION_PREVIOUS_AT_MOVEMENT_GRANULARITY - null, AccessibilityAction: ACTION_SET_SELECTION - null]]
03-10 17:30:32.572 I/QueryController(16804): Matched selector: UiSelector[CLASS=android.widget.Button, INSTANCE=0] <<==>> [android.view.accessibility.AccessibilityNodeInfo@8000bbd3; boundsInParent: Rect(0, 0 - 1440, 192); boundsInScreen: Rect(0, 680 - 1440, 872); packageName: test.joko.com.myapplication; className: android.widget.Button; text: 确定; error: null; maxTextLength: -1; contentDescription: null; viewIdResName: test.joko.com.myapplication:id/button2; checkable: false; checked: false; focusable: true; focused: false; selected: false; clickable: true; longClickable: false; enabled: true; password: false; scrollable: false; actions: [AccessibilityAction: ACTION_FOCUS - null, AccessibilityAction: ACTION_SELECT - null, AccessibilityAction: ACTION_CLEAR_SELECTION - null, AccessibilityAction: ACTION_CLICK - null, AccessibilityAction: ACTION_ACCESSIBILITY_FOCUS - null, AccessibilityAction: ACTION_NEXT_AT_MOVEMENT_GRANULARITY - null, AccessibilityAction: ACTION_PREVIOUS_AT_MOVEMENT_GRANULARITY - null, AccessibilityAction: ACTION_SET_SELECTION - null]]
03-10 17:30:32.582 D/InteractionController(16804): clickAndSync(720, 776)
03-10 17:30:32.692 I/Timeline(16850): Timeline: Activity_launch_request id:test.joko.com.myapplication time:3588902
03-10 17:30:32.692 V/ActivityManager( 1403): Starting activity when config will change = false
03-10 17:30:32.692 I/ActivityManager( 1403): START u0 {cmp=test.joko.com.myapplication/.second} from uid 10122 on display 0
03-10 17:30:32.692 V/VivoStats( 1403): noteActivityPausedLocked uid = 10122
03-10 17:30:32.692 V/WindowManager( 1403): addAppToken: AppWindowToken{326e04a7 token=Token{3ed3c966 ActivityRecord{e9cbdc1 u0 test.joko.com.myapplication/.second t330}}} to stack=1 task=330 at 2
03-10 17:30:32.702 V/ActivityManager( 1403): Ensuring correct configuration: ActivityRecord{e9cbdc1 u0 test.joko.com.myapplication/.second t330}
03-10 17:30:32.702 V/ActivityManager( 1403): Configuration unchanged in ActivityRecord{e9cbdc1 u0 test.joko.com.myapplication/.second t330}
03-10 17:30:32.712 V/ActivityManager( 1403): Ensuring correct configuration: ActivityRecord{e9cbdc1 u0 test.joko.com.myapplication/.second t330}
03-10 17:30:32.712 V/PowerEffectManager( 2545): noteActivity uid = 10122, name = test.joko.com.myapplication.second
03-10 17:30:32.712 V/ActivityManager( 1403): Configuration unchanged in ActivityRecord{e9cbdc1 u0 test.joko.com.myapplication/.second t330}
03-10 17:30:32.722 V/ActivityThread(16850): Handle configuration changed: {1.0 ?mcc?mnc zh_CN ?layoutDir sw360dp w360dp h616dp 640dpi nrml long port finger -keyb/v/h -nav/h s.17 themeId=0, affectGlobal:true}
03-10 17:30:32.722 V/ResourcesManager(16850): Skipping new config: curSeq=17, newSeq=17
03-10 17:30:32.722 V/ActivityThread(16850): Launching activity test.joko.com.myapplication.second with config {1.0 ?mcc?mnc zh_CN ?layoutDir sw360dp w360dp h616dp 640dpi nrml long port finger -keyb/v/h -nav/h s.17 themeId=0, affectGlobal:true}
03-10 17:30:32.732 D/PhoneWindow(16850): DEBUG_SYSTEMUI:origin statusbar style 
03-10 17:30:32.732 D/PhoneWindow(16850): DEBUG_SYSTEMUI:windowDrawsFlag set
03-10 17:30:32.732 D/PhoneWindow(16850): DEBUG_SYSTEMUI:IconColor=1
03-10 17:30:32.732 D/PhoneWindow(16850): DEBUG_SYSTEMUI:StatusBarColor final set ff303f9f
03-10 17:30:32.742 I/ViewRootImpl(16850): CPU Rendering VSync enable = true
03-10 17:30:32.742 V/WindowManager( 1403): Adding window Window{317674fd u0 test.joko.com.myapplication/test.joko.com.myapplication.second} at 10 of 17 (after Window{22009371 u0 test.joko.com.myapplication/test.joko.com.myapplication.main})
03-10 17:30:32.772 D/manager disable: < ( 1403): BEGIN disableLocked(0, 0, android.os.Binder@141955c, Window{317674fd u0 test.joko.com.myapplication/test.joko.com.myapplication.second})
03-10 17:30:32.782 V/ResourcesManager(16850): Skipping new config: curSeq=17, newSeq=17
03-10 17:30:32.822 W/ActivityManager( 1403): getRunningAppProcesses: caller 10020 does not hold REAL_GET_TASKS; limiting output
03-10 17:30:32.822 I/WindowManager( 1403): isKeyguardShowing = false, mKeyguardWindow.mAttrs.privateFlags = 0
03-10 17:30:32.822 V/ResourcesManager(16850): Skipping new config: curSeq=17, newSeq=17
03-10 17:30:32.832 D/InputMethodManagerService( 1403): windowGainedFocus isPasswordInputType:false
03-10 17:30:32.832 I/ActivityManager( 1403): Displayed test.joko.com.myapplication/.second: +122ms
03-10 17:30:32.842 I/PinyinIME( 2485): onFinishInputView versionCode=36201
03-10 17:30:32.842 I/AbsLinkHandler( 2485): cancel runnable
03-10 17:30:32.842 I/KeyEventResponser( 2485): update candiates view
03-10 17:30:32.842 I/CloudCandidateView( 2485): cloud update RequestingCloud=false  hasCloudResult=false
03-10 17:30:32.842 I/KeyEventResponser( 2485): updateSkbEngine
03-10 17:30:32.842 I/QuickBarContainer( 2485): update mLastCandidateMode=0  mCandidateMode=0
03-10 17:30:32.842 I/HandWriteSkbContainer( 2485): onFinishInputView
03-10 17:30:32.842 I/BaiduHwEngine( 2485): cleanHandWritingInfo
03-10 17:30:32.842 I/BaiduHwEngine( 2485): cleanHandWritingInfo
03-10 17:30:32.842 D/yuan    ( 2485): onVisibilityChanged----com.baidu.input_bbk.keyboard.CandidateListView{2013e799 VFED..C. ......I. 0,0-0,0 #7f0e000f app:id/cand_listview}
03-10 17:30:32.842 D/yuan    ( 2485): onVisibilityChanged----android.widget.GridView{1ed37a1 V.ED..C. ......I. 0,0-0,0 #7f0e0082 app:id/switch_view_grid}
03-10 17:30:32.842 D/yuan    ( 2485): onVisibilityChanged----com.baidu.input_bbk.keyboard.CandidateListView{32f642ba VFED..C. ......I. 0,0-0,0 #7f0e000f app:id/cand_listview}
03-10 17:30:32.842 D/yuan    ( 2485): onVisibilityChanged----android.widget.GridView{2e13045f V.ED..C. ......I. 0,0-0,0 #7f0e0082 app:id/switch_view_grid}
03-10 17:30:32.852 D/PinyinIME( 2485): onWindowHidden external apps change : false ; has app add : false
03-10 17:30:32.852 I/PinyinIME( 2485): update App Phrase whether keyboard is show: false
03-10 17:30:32.862 D/OpenGLRenderer(16850): endAllStagingAnimators on 0x5589eab670 (RippleDrawable) with handle 0x5589ecf390
03-10 17:30:32.872 E/DatabaseUtils( 3078): Writing exception to parcel
03-10 17:30:32.872 E/DatabaseUtils( 3078): java.lang.IllegalStateException: Cannot perform this operation because the connection pool has been closed.
03-10 17:30:32.872 E/DatabaseUtils( 3078): 	at android.database.sqlite.SQLiteConnectionPool.throwIfClosedLocked(SQLiteConnectionPool.java:962)
03-10 17:30:32.872 E/DatabaseUtils( 3078): 	at android.database.sqlite.SQLiteConnectionPool.waitForConnection(SQLiteConnectionPool.java:599)
03-10 17:30:32.872 E/DatabaseUtils( 3078): 	at android.database.sqlite.SQLiteConnectionPool.acquireConnection(SQLiteConnectionPool.java:348)
03-10 17:30:32.872 E/DatabaseUtils( 3078): 	at android.database.sqlite.SQLiteSession.acquireConnection(SQLiteSession.java:894)
03-10 17:30:32.872 E/DatabaseUtils( 3078): 	at android.database.sqlite.SQLiteSession.executeForCursorWindow(SQLiteSession.java:834)
03-10 17:30:32.872 E/DatabaseUtils( 3078): 	at android.database.sqlite.SQLiteQuery.fillWindow(SQLiteQuery.java:62)
03-10 17:30:32.872 E/DatabaseUtils( 3078): 	at android.database.sqlite.SQLiteCursor.fillWindow(SQLiteCursor.java:144)
03-10 17:30:32.872 E/DatabaseUtils( 3078): 	at android.database.sqlite.SQLiteCursor.getCount(SQLiteCursor.java:133)
03-10 17:30:32.872 E/DatabaseUtils( 3078): 	at android.database.CursorToBulkCursorAdaptor.getBulkCursorDescriptor(CursorToBulkCursorAdaptor.java:145)
03-10 17:30:32.872 E/DatabaseUtils( 3078): 	at android.content.ContentProviderNative.onTransact(ContentProviderNative.java:122)
03-10 17:30:32.872 E/DatabaseUtils( 3078): 	at android.os.Binder.execTransact(Binder.java:446)
03-10 17:30:32.872 I/DH.VivoCollectData( 2485): Query EventIdControlTable of LogSystem failed, or failed to read the value of the switch!
03-10 17:30:32.872 I/DH.VivoCollectData( 2485): java.lang.IllegalStateException: Cannot perform this operation because the connection pool has been closed.
03-10 17:30:32.872 I/DH.VivoCollectData( 2485): 	at android.os.Parcel.readException(Parcel.java:1582)
03-10 17:30:32.872 I/DH.VivoCollectData( 2485): 	at android.database.DatabaseUtils.readExceptionFromParcel(DatabaseUtils.java:185)
03-10 17:30:32.872 I/DH.VivoCollectData( 2485): 	at android.database.DatabaseUtils.readExceptionFromParcel(DatabaseUtils.java:137)
03-10 17:30:32.872 I/DH.VivoCollectData( 2485): 	at android.content.ContentProviderProxy.query(ContentProviderNative.java:421)
03-10 17:30:32.872 I/DH.VivoCollectData( 2485): 	at android.content.ContentResolver.query(ContentResolver.java:488)
03-10 17:30:32.872 I/DH.VivoCollectData( 2485): 	at android.content.ContentResolver.query(ContentResolver.java:428)
03-10 17:30:32.872 I/DH.VivoCollectData( 2485): 	at com.vivo.analysis.VivoCollectData.getControlInfo(Unknown Source)
03-10 17:30:32.872 I/DH.VivoCollectData( 2485): 	at com.baidu.input_bbk.a.b.run(Unknown Source)
03-10 17:30:32.872 I/DH.VivoCollectData( 2485): 	at android.os.Handler.handleCallback(Handler.java:739)
03-10 17:30:32.872 I/DH.VivoCollectData( 2485): 	at android.os.Handler.dispatchMessage(Handler.java:95)
03-10 17:30:32.872 I/DH.VivoCollectData( 2485): 	at android.os.Looper.loop(Looper.java:135)
03-10 17:30:32.872 I/DH.VivoCollectData( 2485): 	at android.os.HandlerThread.run(HandlerThread.java:61)
03-10 17:30:32.882 I/Timeline(16850): Timeline: Activity_idle id: android.os.BinderProxy@11a26ba6 time:3589090
03-10 17:30:32.882 V/ActivityManager( 1403): Ensuring correct configuration: ActivityRecord{e9cbdc1 u0 test.joko.com.myapplication/.second t330}
03-10 17:30:32.882 V/ActivityManager( 1403): Configuration no differences in ActivityRecord{e9cbdc1 u0 test.joko.com.myapplication/.second t330}
03-10 17:30:32.892 I/DataCollect( 2485): update data collect enable : true ; false
03-10 17:30:33.262 V/ActivityManager( 1403): Ensuring correct configuration: ActivityRecord{e9cbdc1 u0 test.joko.com.myapplication/.second t330}
03-10 17:30:33.262 V/ActivityManager( 1403): Configuration unchanged in ActivityRecord{e9cbdc1 u0 test.joko.com.myapplication/.second t330}
03-10 17:30:33.552 I/SurfaceFlinger(  437): FPS: 60
03-10 17:30:34.562 I/SurfaceFlinger(  437): FPS: 60
03-10 17:30:34.722 I/VivoNetworkController( 2235): SystemUI|action = android.net.wifi.RSSI_CHANGED
